../WHEELTEC/control.c:78:5:Balance	16	static
../WHEELTEC/control.c:137:5:Turn	24	static
../WHEELTEC/control.c:160:6:Set_Pwm	16	static
../WHEELTEC/control.c:177:5:PWM_Limit	0	static
../WHEELTEC/control.c:192:6:Key	8	static
../WHEELTEC/control.c:218:4:Turn_Off	16	static
../WHEELTEC/control.c:97:5:Velocity	32	static
../WHEELTEC/control.c:242:6:Get_Angle	56	static
../WHEELTEC/control.c:292:5:myabs	0	static
../WHEELTEC/control.c:307:5:Pick_Up	24	static
../WHEELTEC/control.c:344:5:Put_Down	24	static
../WHEELTEC/control.c:377:6:Get_Velocity_Form_Encoder	8	static
../WHEELTEC/control.c:393:6:Choose	0	static
../WHEELTEC/control.c:19:6:HAL_GPIO_EXTI_Callback	32	static
