../WHEELTEC/control.c:158:5:Balance	16	static
../WHEELTEC/control.c:232:5:Turn	16	static
../WHEELTEC/control.c:255:6:Set_Pwm	16	static
../WHEELTEC/control.c:272:5:PWM_Limit	0	static
../WHEELTEC/control.c:287:6:Key	8	static
../WHEELTEC/control.c:312:4:Turn_Off	16	static
../WHEELTEC/control.c:176:5:Velocity	32	static
../WHEELTEC/control.c:336:6:Get_Angle	56	static
../WHEELTEC/control.c:386:5:myabs	0	static
../WHEELTEC/control.c:401:5:Pick_Up	24	static
../WHEELTEC/control.c:438:5:Put_Down	24	static
../WHEELTEC/control.c:471:6:Get_Velocity_Form_Encoder	8	static
../WHEELTEC/control.c:487:6:Choose	0	static
../WHEELTEC/control.c:29:6:HAL_GPIO_EXTI_Callback	56	static
