../WHEELTEC/inv_mpu.c:2035:12:get_st_biases	48	static
../WHEELTEC/inv_mpu.c:687:12:set_int_enable.isra	16	static
../WHEELTEC/inv_mpu.c:720:5:mpu_reg_dump	24	static
../WHEELTEC/inv_mpu.c:742:5:mpu_read_reg	4	static
../WHEELTEC/inv_mpu.c:978:5:mpu_get_gyro_reg	16	static
../WHEELTEC/inv_mpu.c:1001:5:mpu_get_accel_reg	16	static
../WHEELTEC/inv_mpu.c:1024:5:mpu_get_temperature	32	static
../WHEELTEC/inv_mpu.c:1049:5:mpu_set_accel_bias	32	static
../WHEELTEC/inv_mpu.c:1098:5:mpu_reset_fifo	16	static
../WHEELTEC/inv_mpu.c:1160:5:mpu_get_gyro_fsr	0	static
../WHEELTEC/inv_mpu.c:1187:5:mpu_set_gyro_fsr	16	static
../WHEELTEC/inv_mpu.c:1224:5:mpu_get_accel_fsr	0	static
../WHEELTEC/inv_mpu.c:1252:5:mpu_set_accel_fsr	16	static
../WHEELTEC/inv_mpu.c:1289:5:mpu_get_lpf	0	static
../WHEELTEC/inv_mpu.c:1325:5:mpu_set_lpf	16	static
../WHEELTEC/inv_mpu.c:1358:5:mpu_get_sample_rate	0	static
../WHEELTEC/inv_mpu.c:1420:5:mpu_get_compass_sample_rate	0	static
../WHEELTEC/inv_mpu.c:1442:5:mpu_set_compass_sample_rate	0	static
../WHEELTEC/inv_mpu.c:1464:5:mpu_get_gyro_sens	0	static
../WHEELTEC/inv_mpu.c:1490:5:mpu_get_accel_sens	0	static
../WHEELTEC/inv_mpu.c:1522:5:mpu_get_fifo_config	0	static
../WHEELTEC/inv_mpu.c:1537:5:mpu_configure_fifo	24	static
../WHEELTEC/inv_mpu.c:1579:5:mpu_get_power_state	0	static
../WHEELTEC/inv_mpu.c:1675:5:mpu_get_int_status	16	static
../WHEELTEC/inv_mpu.c:1704:5:mpu_read_fifo	48	static
../WHEELTEC/inv_mpu.c:1785:5:mpu_read_fifo_stream	32	static
../WHEELTEC/inv_mpu.c:1823:5:mpu_set_bypass	24	static
../WHEELTEC/inv_mpu.c:1873:5:mpu_set_int_level	0	static
../WHEELTEC/inv_mpu.c:1885:5:mpu_set_int_latched	24	static
../WHEELTEC/inv_mpu.c:894:5:mpu_lp_accel_mode	24	static
../WHEELTEC/inv_mpu.c:1373:5:mpu_set_sample_rate	24	static
../WHEELTEC/inv_mpu.c:1598:5:mpu_set_sensors	24	static
../WHEELTEC/inv_mpu.c:764:5:mpu_init	24	static
../WHEELTEC/inv_mpu.c:2277:5:mpu_write_mem	32	static
../WHEELTEC/inv_mpu.c:2310:5:mpu_read_mem	32	static
../WHEELTEC/inv_mpu.c:2342:5:mpu_load_firmware	72	static
../WHEELTEC/inv_mpu.c:2383:5:mpu_set_dmp_state	24	static
../WHEELTEC/inv_mpu.c:2175:5:mpu_run_self_test	120	static
../WHEELTEC/inv_mpu.c:2422:5:mpu_get_dmp_state	0	static
../WHEELTEC/inv_mpu.c:2541:5:mpu_get_compass_reg	0	static
../WHEELTEC/inv_mpu.c:2594:5:mpu_get_compass_fsr	0	static
../WHEELTEC/inv_mpu.c:2648:5:mpu_lp_motion_interrupt	32	static
../WHEELTEC/inv_mpu.c:2855:6:myget_ms	0	static
