Archive member included to satisfy reference by file (symbol)

E:/workspace/ST/STM32CubeIDE_1.15.0/STM32CubeIDE/plugins/com.st.stm32cube.ide.mcu.externaltools.gnu-tools-for-stm32.12.3.rel1.win32_1.0.100.202403111256/tools/bin/../lib/gcc/arm-none-eabi/12.3.1/../../../../arm-none-eabi/lib/thumb/v7-m/nofp\libc_nano.a(libc_a-exit.o)
                              E:/workspace/ST/STM32CubeIDE_1.15.0/STM32CubeIDE/plugins/com.st.stm32cube.ide.mcu.externaltools.gnu-tools-for-stm32.12.3.rel1.win32_1.0.100.202403111256/tools/bin/../lib/gcc/arm-none-eabi/12.3.1/../../../../arm-none-eabi/lib/thumb/v7-m/nofp/crt0.o (exit)
E:/workspace/ST/STM32CubeIDE_1.15.0/STM32CubeIDE/plugins/com.st.stm32cube.ide.mcu.externaltools.gnu-tools-for-stm32.12.3.rel1.win32_1.0.100.202403111256/tools/bin/../lib/gcc/arm-none-eabi/12.3.1/../../../../arm-none-eabi/lib/thumb/v7-m/nofp\libc_nano.a(libc_a-findfp.o)
                              E:/workspace/ST/STM32CubeIDE_1.15.0/STM32CubeIDE/plugins/com.st.stm32cube.ide.mcu.externaltools.gnu-tools-for-stm32.12.3.rel1.win32_1.0.100.202403111256/tools/bin/../lib/gcc/arm-none-eabi/12.3.1/../../../../arm-none-eabi/lib/thumb/v7-m/nofp\libc_nano.a(libc_a-exit.o) (__stdio_exit_handler)
E:/workspace/ST/STM32CubeIDE_1.15.0/STM32CubeIDE/plugins/com.st.stm32cube.ide.mcu.externaltools.gnu-tools-for-stm32.12.3.rel1.win32_1.0.100.202403111256/tools/bin/../lib/gcc/arm-none-eabi/12.3.1/../../../../arm-none-eabi/lib/thumb/v7-m/nofp\libc_nano.a(libc_a-fwalk.o)
                              E:/workspace/ST/STM32CubeIDE_1.15.0/STM32CubeIDE/plugins/com.st.stm32cube.ide.mcu.externaltools.gnu-tools-for-stm32.12.3.rel1.win32_1.0.100.202403111256/tools/bin/../lib/gcc/arm-none-eabi/12.3.1/../../../../arm-none-eabi/lib/thumb/v7-m/nofp\libc_nano.a(libc_a-findfp.o) (_fwalk_sglue)
E:/workspace/ST/STM32CubeIDE_1.15.0/STM32CubeIDE/plugins/com.st.stm32cube.ide.mcu.externaltools.gnu-tools-for-stm32.12.3.rel1.win32_1.0.100.202403111256/tools/bin/../lib/gcc/arm-none-eabi/12.3.1/../../../../arm-none-eabi/lib/thumb/v7-m/nofp\libc_nano.a(libc_a-printf.o)
                              ./WHEELTEC/KF.o (printf)
E:/workspace/ST/STM32CubeIDE_1.15.0/STM32CubeIDE/plugins/com.st.stm32cube.ide.mcu.externaltools.gnu-tools-for-stm32.12.3.rel1.win32_1.0.100.202403111256/tools/bin/../lib/gcc/arm-none-eabi/12.3.1/../../../../arm-none-eabi/lib/thumb/v7-m/nofp\libc_nano.a(libc_a-puts.o)
                              ./WHEELTEC/MPU6050.o (puts)
E:/workspace/ST/STM32CubeIDE_1.15.0/STM32CubeIDE/plugins/com.st.stm32cube.ide.mcu.externaltools.gnu-tools-for-stm32.12.3.rel1.win32_1.0.100.202403111256/tools/bin/../lib/gcc/arm-none-eabi/12.3.1/../../../../arm-none-eabi/lib/thumb/v7-m/nofp\libc_nano.a(libc_a-setvbuf.o)
                              ./Core/Src/retarget.o (setvbuf)
E:/workspace/ST/STM32CubeIDE_1.15.0/STM32CubeIDE/plugins/com.st.stm32cube.ide.mcu.externaltools.gnu-tools-for-stm32.12.3.rel1.win32_1.0.100.202403111256/tools/bin/../lib/gcc/arm-none-eabi/12.3.1/../../../../arm-none-eabi/lib/thumb/v7-m/nofp\libc_nano.a(libc_a-stdio.o)
                              E:/workspace/ST/STM32CubeIDE_1.15.0/STM32CubeIDE/plugins/com.st.stm32cube.ide.mcu.externaltools.gnu-tools-for-stm32.12.3.rel1.win32_1.0.100.202403111256/tools/bin/../lib/gcc/arm-none-eabi/12.3.1/../../../../arm-none-eabi/lib/thumb/v7-m/nofp\libc_nano.a(libc_a-findfp.o) (__sread)
E:/workspace/ST/STM32CubeIDE_1.15.0/STM32CubeIDE/plugins/com.st.stm32cube.ide.mcu.externaltools.gnu-tools-for-stm32.12.3.rel1.win32_1.0.100.202403111256/tools/bin/../lib/gcc/arm-none-eabi/12.3.1/../../../../arm-none-eabi/lib/thumb/v7-m/nofp\libc_nano.a(libc_a-wbuf.o)
                              E:/workspace/ST/STM32CubeIDE_1.15.0/STM32CubeIDE/plugins/com.st.stm32cube.ide.mcu.externaltools.gnu-tools-for-stm32.12.3.rel1.win32_1.0.100.202403111256/tools/bin/../lib/gcc/arm-none-eabi/12.3.1/../../../../arm-none-eabi/lib/thumb/v7-m/nofp\libc_nano.a(libc_a-puts.o) (__swbuf_r)
E:/workspace/ST/STM32CubeIDE_1.15.0/STM32CubeIDE/plugins/com.st.stm32cube.ide.mcu.externaltools.gnu-tools-for-stm32.12.3.rel1.win32_1.0.100.202403111256/tools/bin/../lib/gcc/arm-none-eabi/12.3.1/../../../../arm-none-eabi/lib/thumb/v7-m/nofp\libc_nano.a(libc_a-wsetup.o)
                              E:/workspace/ST/STM32CubeIDE_1.15.0/STM32CubeIDE/plugins/com.st.stm32cube.ide.mcu.externaltools.gnu-tools-for-stm32.12.3.rel1.win32_1.0.100.202403111256/tools/bin/../lib/gcc/arm-none-eabi/12.3.1/../../../../arm-none-eabi/lib/thumb/v7-m/nofp\libc_nano.a(libc_a-puts.o) (__swsetup_r)
E:/workspace/ST/STM32CubeIDE_1.15.0/STM32CubeIDE/plugins/com.st.stm32cube.ide.mcu.externaltools.gnu-tools-for-stm32.12.3.rel1.win32_1.0.100.202403111256/tools/bin/../lib/gcc/arm-none-eabi/12.3.1/../../../../arm-none-eabi/lib/thumb/v7-m/nofp\libc_nano.a(libc_a-memcmp.o)
                              ./WHEELTEC/inv_mpu.o (memcmp)
[...]
Memory Configuration

Name             Origin             Length             Attributes
RAM              0x20000000         0x00005000         xrw
FLASH            0x08000000         0x00010000         xr
*default*        0x00000000         0xffffffff

Linker script and memory map

LOAD E:/workspace/ST/STM32CubeIDE_1.15.0/STM32CubeIDE/plugins/com.st.stm32cube.ide.mcu.externaltools.gnu-tools-for-stm32.12.3.rel1.win32_1.0.100.202403111256/tools/bin/../lib/gcc/arm-none-eabi/12.3.1/thumb/v7-m/nofp/crti.o
LOAD E:/workspace/ST/STM32CubeIDE_1.15.0/STM32CubeIDE/plugins/com.st.stm32cube.ide.mcu.externaltools.gnu-tools-for-stm32.12.3.rel1.win32_1.0.100.202403111256/tools/bin/../lib/gcc/arm-none-eabi/12.3.1/thumb/v7-m/nofp/crtbegin.o
LOAD E:/workspace/ST/STM32CubeIDE_1.15.0/STM32CubeIDE/plugins/com.st.stm32cube.ide.mcu.externaltools.gnu-tools-for-stm32.12.3.rel1.win32_1.0.100.202403111256/tools/bin/../lib/gcc/arm-none-eabi/12.3.1/../../../../arm-none-eabi/lib/thumb/v7-m/nofp/crt0.o
LOAD ./BSPcode/LED.o
LOAD ./BSPcode/bsp_adc.o
LOAD ./BSPcode/delay.o
LOAD ./BSPcode/encoder.o
LOAD ./BSPcode/iic.o
LOAD ./BSPcode/key.o
LOAD ./BSPcode/oled.o
LOAD ./BSPcode/usart3.o
LOAD ./Core/Src/adc.o
LOAD ./Core/Src/gpio.o
LOAD ./Core/Src/main.o
LOAD ./Core/Src/retarget.o
LOAD ./Core/Src/stm32f1xx_hal_msp.o
LOAD ./Core/Src/stm32f1xx_it.o
LOAD ./Core/Src/sysmem.o
LOAD ./Core/Src/system_stm32f1xx.o
LOAD ./Core/Src/tim.o
LOAD ./Core/Src/usart.o
LOAD ./Core/Startup/startup_stm32f103c8tx.o
LOAD ./Drivers/STM32F1xx_HAL_Driver/Src/stm32f1xx_hal.o
LOAD ./Drivers/STM32F1xx_HAL_Driver/Src/stm32f1xx_hal_adc.o
LOAD ./Drivers/STM32F1xx_HAL_Driver/Src/stm32f1xx_hal_adc_ex.o
LOAD ./Drivers/STM32F1xx_HAL_Driver/Src/stm32f1xx_hal_cortex.o
LOAD ./Drivers/STM32F1xx_HAL_Driver/Src/stm32f1xx_hal_dma.o
LOAD ./Drivers/STM32F1xx_HAL_Driver/Src/stm32f1xx_hal_exti.o
LOAD ./Drivers/STM32F1xx_HAL_Driver/Src/stm32f1xx_hal_flash.o
LOAD ./Drivers/STM32F1xx_HAL_Driver/Src/stm32f1xx_hal_flash_ex.o
LOAD ./Drivers/STM32F1xx_HAL_Driver/Src/stm32f1xx_hal_gpio.o
LOAD ./Drivers/STM32F1xx_HAL_Driver/Src/stm32f1xx_hal_gpio_ex.o
LOAD ./Drivers/STM32F1xx_HAL_Driver/Src/stm32f1xx_hal_pwr.o
LOAD ./Drivers/STM32F1xx_HAL_Driver/Src/stm32f1xx_hal_rcc.o
LOAD ./Drivers/STM32F1xx_HAL_Driver/Src/stm32f1xx_hal_rcc_ex.o
LOAD ./Drivers/STM32F1xx_HAL_Driver/Src/stm32f1xx_hal_tim.o
LOAD ./Drivers/STM32F1xx_HAL_Driver/Src/stm32f1xx_hal_tim_ex.o
LOAD ./Drivers/STM32F1xx_HAL_Driver/Src/stm32f1xx_hal_uart.o
LOAD ./WHEELTEC/DataScope_DP.o
LOAD ./WHEELTEC/KF.o
LOAD ./WHEELTEC/MPU6050.o
LOAD ./WHEELTEC/ReadDistance.o
LOAD ./WHEELTEC/control.o
LOAD ./WHEELTEC/filter.o
LOAD ./WHEELTEC/inv_mpu.o
LOAD ./WHEELTEC/inv_mpu_dmp_motion_driver.o
LOAD ./WHEELTEC/show.o
START GROUP
LOAD E:/workspace/ST/STM32CubeIDE_1.15.0/STM32CubeIDE/plugins/com.st.stm32cube.ide.mcu.externaltools.gnu-tools-for-stm32.12.3.rel1.win32_1.0.100.202403111256/tools/bin/../lib/gcc/arm-none-eabi/12.3.1/../../../../arm-none-eabi/lib/thumb/v7-m/nofp\libc_nano.a
LOAD E:/workspace/ST/STM32CubeIDE_1.15.0/STM32CubeIDE/plugins/com.st.stm32cube.ide.mcu.externaltools.gnu-tools-for-stm32.12.3.rel1.win32_1.0.100.202403111256/tools/bin/../lib/gcc/arm-none-eabi/12.3.1/../../../../arm-none-eabi/lib/thumb/v7-m/nofp\libm.a
END GROUP
START GROUP
LOAD E:/workspace/ST/STM32CubeIDE_1.15.0/STM32CubeIDE/plugins/com.st.stm32cube.ide.mcu.externaltools.gnu-tools-for-stm32.12.3.rel1.win32_1.0.100.202403111256/tools/bin/../lib/gcc/arm-none-eabi/12.3.1/thumb/v7-m/nofp\libgcc.a
LOAD E:/workspace/ST/STM32CubeIDE_1.15.0/STM32CubeIDE/plugins/com.st.stm32cube.ide.mcu.externaltools.gnu-tools-for-stm32.12.3.rel1.win32_1.0.100.202403111256/tools/bin/../lib/gcc/arm-none-eabi/12.3.1/../../../../arm-none-eabi/lib/thumb/v7-m/nofp\libc_nano.a
END GROUP
START GROUP
LOAD E:/workspace/ST/STM32CubeIDE_1.15.0/STM32CubeIDE/plugins/com.st.stm32cube.ide.mcu.externaltools.gnu-tools-for-stm32.12.3.rel1.win32_1.0.100.202403111256/tools/bin/../lib/gcc/arm-none-eabi/12.3.1/thumb/v7-m/nofp\libgcc.a
LOAD E:/workspace/ST/STM32CubeIDE_1.15.0/STM32CubeIDE/plugins/com.st.stm32cube.ide.mcu.externaltools.gnu-tools-for-stm32.12.3.rel1.win32_1.0.100.202403111256/tools/bin/../lib/gcc/arm-none-eabi/12.3.1/../../../../arm-none-eabi/lib/thumb/v7-m/nofp\libc_nano.a
LOAD E:/workspace/ST/STM32CubeIDE_1.15.0/STM32CubeIDE/plugins/com.st.stm32cube.ide.mcu.externaltools.gnu-tools-for-stm32.12.3.rel1.win32_1.0.100.202403111256/tools/bin/../lib/gcc/arm-none-eabi/12.3.1/../../../../arm-none-eabi/lib/thumb/v7-m/nofp\libnosys.a
END GROUP
START GROUP
LOAD E:/workspace/ST/STM32CubeIDE_1.15.0/STM32CubeIDE/plugins/com.st.stm32cube.ide.mcu.externaltools.gnu-tools-for-stm32.12.3.rel1.win32_1.0.100.202403111256/tools/bin/../lib/gcc/arm-none-eabi/12.3.1/thumb/v7-m/nofp\libgcc.a
LOAD E:/workspace/ST/STM32CubeIDE_1.15.0/STM32CubeIDE/plugins/com.st.stm32cube.ide.mcu.externaltools.gnu-tools-for-stm32.12.3.rel1.win32_1.0.100.202403111256/tools/bin/../lib/gcc/arm-none-eabi/12.3.1/../../../../arm-none-eabi/lib/thumb/v7-m/nofp\libc_nano.a
LOAD E:/workspace/ST/STM32CubeIDE_1.15.0/STM32CubeIDE/plugins/com.st.stm32cube.ide.mcu.externaltools.gnu-tools-for-stm32.12.3.rel1.win32_1.0.100.202403111256/tools/bin/../lib/gcc/arm-none-eabi/12.3.1/../../../../arm-none-eabi/lib/thumb/v7-m/nofp\libnosys.a
END GROUP
LOAD E:/workspace/ST/STM32CubeIDE_1.15.0/STM32CubeIDE/plugins/com.st.stm32cube.ide.mcu.externaltools.gnu-tools-for-stm32.12.3.rel1.win32_1.0.100.202403111256/tools/bin/../lib/gcc/arm-none-eabi/12.3.1/thumb/v7-m/nofp/crtend.o
LOAD E:/workspace/ST/STM32CubeIDE_1.15.0/STM32CubeIDE/plugins/com.st.stm32cube.ide.mcu.externaltools.gnu-tools-for-stm32.12.3.rel1.win32_1.0.100.202403111256/tools/bin/../lib/gcc/arm-none-eabi/12.3.1/thumb/v7-m/nofp/crtn.o
                0x20005000                        _estack = (ORIGIN (RAM) + LENGTH (RAM))
                0x00000200                        _Min_Heap_Size = 0x200
                0x00000400                        _Min_Stack_Size = 0x400

.isr_vector     0x08000000      0x10c
                0x08000000                        . = ALIGN (0x4)
 *(.isr_vector)
 .isr_vector    0x08000000      0x10c ./Core/Startup/startup_stm32f103c8tx.o
                0x08000000                g_pfnVectors
                0x0800010c                        . = ALIGN (0x4)

.text           0x08000110     0xb170
                0x08000110                        . = ALIGN (0x4)
 *(.text)
 .text          0x08000110       0x40 E:/workspace/ST/STM32CubeIDE_1.15.0/STM32CubeIDE/plugins/com.st.stm32cube.ide.mcu.externaltools.gnu-tools-for-stm32.12.3.rel1.win32_1.0.100.202403111256/tools/bin/../lib/gcc/arm-none-eabi/12.3.1/thumb/v7-m/nofp/crtbegin.o
 .text          0x08000150      0x378 E:/workspace/ST/STM32CubeIDE_1.15.0/STM32CubeIDE/plugins/com.st.stm32cube.ide.mcu.externaltools.gnu-tools-for-stm32.12.3.rel1.win32_1.0.100.202403111256/tools/bin/../lib/gcc/arm-none-eabi/12.3.1/thumb/v7-m/nofp\libgcc.a(_arm_addsubdf3.o)
                0x08000150                __aeabi_drsub
                0x08000158                __aeabi_dsub
                0x08000158                __subdf3
                0x0800015c                __aeabi_dadd
                0x0800015c                __adddf3
                0x080003d4                __floatunsidf
                0x080003d4                __aeabi_ui2d
                0x080003f4                __floatsidf
                0x080003f4                __aeabi_i2d
                0x08000418                __aeabi_f2d
                0x08000418                __extendsfdf2
                0x0800045c                __floatundidf
                0x0800045c                __aeabi_ul2d
                0x0800046c                __floatdidf
                0x0800046c                __aeabi_l2d
 .text          0x080004c8      0x424 E:/workspace/ST/STM32CubeIDE_1.15.0/STM32CubeIDE/plugins/com.st.stm32cube.ide.mcu.externaltools.gnu-tools-for-stm32.12.3.rel1.win32_1.0.100.202403111256/tools/bin/../lib/gcc/arm-none-eabi/12.3.1/thumb/v7-m/nofp\libgcc.a(_arm_muldivdf3.o)
                0x080004c8                __aeabi_dmul
                0x080004c8                __muldf3
                0x0800071c                __divdf3
                0x0800071c                __aeabi_ddiv
 .text          0x080008ec      0x110 E:/workspace/ST/STM32CubeIDE_1.15.0/STM32CubeIDE/plugins/com.st.stm32cube.ide.mcu.externaltools.gnu-tools-for-stm32.12.3.rel1.win32_1.0.100.202403111256/tools/bin/../lib/gcc/arm-none-eabi/12.3.1/thumb/v7-m/nofp\libgcc.a(_arm_cmpdf2.o)
                0x080008ec                __gtdf2
                0x080008ec                __gedf2
                0x080008f4                __ltdf2
                0x080008f4                __ledf2
                0x080008fc                __nedf2
                0x080008fc                __eqdf2
                0x080008fc                __cmpdf2
                0x08000978                __aeabi_cdrcmple
                0x08000988                __aeabi_cdcmpeq
                0x08000988                __aeabi_cdcmple
                0x08000998                __aeabi_dcmpeq
                0x080009ac                __aeabi_dcmplt
                0x080009c0                __aeabi_dcmple
                0x080009d4                __aeabi_dcmpge
                0x080009e8                __aeabi_dcmpgt
 .text          0x080009fc       0x2c E:/workspace/ST/STM32CubeIDE_1.15.0/STM32CubeIDE/plugins/com.st.stm32cube.ide.mcu.externaltools.gnu-tools-for-stm32.12.3.rel1.win32_1.0.100.202403111256/tools/bin/../lib/gcc/arm-none-eabi/12.3.1/thumb/v7-m/nofp\libgcc.a(_arm_unorddf2.o)
                0x080009fc                __unorddf2
                0x080009fc                __aeabi_dcmpun
 .text          0x08000a28       0x50 E:/workspace/ST/STM32CubeIDE_1.15.0/STM32CubeIDE/plugins/com.st.stm32cube.ide.mcu.externaltools.gnu-tools-for-stm32.12.3.rel1.win32_1.0.100.202403111256/tools/bin/../lib/gcc/arm-none-eabi/12.3.1/thumb/v7-m/nofp\libgcc.a(_arm_fixdfsi.o)
                0x08000a28                __aeabi_d2iz
                0x08000a28                __fixdfsi
 .text          0x08000a78       0xa0 E:/workspace/ST/STM32CubeIDE_1.15.0/STM32CubeIDE/plugins/com.st.stm32cube.ide.mcu.externaltools.gnu-tools-for-stm32.12.3.rel1.win32_1.0.100.202403111256/tools/bin/../lib/gcc/arm-none-eabi/12.3.1/thumb/v7-m/nofp\libgcc.a(_arm_truncdfsf2.o)
                0x08000a78                __truncdfsf2
                0x08000a78                __aeabi_d2f
 .text          0x08000b18      0x21c E:/workspace/ST/STM32CubeIDE_1.15.0/STM32CubeIDE/plugins/com.st.stm32cube.ide.mcu.externaltools.gnu-tools-for-stm32.12.3.rel1.win32_1.0.100.202403111256/tools/bin/../lib/gcc/arm-none-eabi/12.3.1/thumb/v7-m/nofp\libgcc.a(_arm_addsubsf3.o)
                0x08000b18                __aeabi_frsub
                0x08000b20                __subsf3
                0x08000b20                __aeabi_fsub
                0x08000b24                __aeabi_fadd
                0x08000b24                __addsf3
                0x08000c84                __aeabi_ui2f
                0x08000c84                __floatunsisf
                0x08000c8c                __aeabi_i2f
                0x08000c8c                __floatsisf
                0x08000ca8                __aeabi_ul2f
                0x08000ca8                __floatundisf
                0x08000cb8                __aeabi_l2f
                0x08000cb8                __floatdisf
 .text          0x08000d34      0x2a0 E:/workspace/ST/STM32CubeIDE_1.15.0/STM32CubeIDE/plugins/com.st.stm32cube.ide.mcu.externaltools.gnu-tools-for-stm32.12.3.rel1.win32_1.0.100.202403111256/tools/bin/../lib/gcc/arm-none-eabi/12.3.1/thumb/v7-m/nofp\libgcc.a(_arm_muldivsf3.o)
                0x08000d34                __mulsf3
                0x08000d34                __aeabi_fmul
                0x08000e9c                __aeabi_fdiv
                0x08000e9c                __divsf3
 .text          0x08000fd4       0xec E:/workspace/ST/STM32CubeIDE_1.15.0/STM32CubeIDE/plugins/com.st.stm32cube.ide.mcu.externaltools.gnu-tools-for-stm32.12.3.rel1.win32_1.0.100.202403111256/tools/bin/../lib/gcc/arm-none-eabi/12.3.1/thumb/v7-m/nofp\libgcc.a(_arm_cmpsf2.o)
                0x08000fd4                __gesf2
                0x08000fd4                __gtsf2
                0x08000fdc                __lesf2
                0x08000fdc                __ltsf2
                0x08000fe4                __nesf2
                0x08000fe4                __eqsf2
                0x08000fe4                __cmpsf2
                0x08001044                __aeabi_cfrcmple
                0x0800104c                __aeabi_cfcmpeq
                0x0800104c                __aeabi_cfcmple
                0x0800105c                __aeabi_fcmpeq
                0x08001070                __aeabi_fcmplt
                0x08001084                __aeabi_fcmple
                0x08001098                __aeabi_fcmpge
                0x080010ac                __aeabi_fcmpgt
 .text          0x080010c0       0x4c E:/workspace/ST/STM32CubeIDE_1.15.0/STM32CubeIDE/plugins/com.st.stm32cube.ide.mcu.externaltools.gnu-tools-for-stm32.12.3.rel1.win32_1.0.100.202403111256/tools/bin/../lib/gcc/arm-none-eabi/12.3.1/thumb/v7-m/nofp\libgcc.a(_arm_fixsfsi.o)
                0x080010c0                __aeabi_f2iz
                0x080010c0                __fixsfsi
 .text          0x0800110c       0x40 E:/workspace/ST/STM32CubeIDE_1.15.0/STM32CubeIDE/plugins/com.st.stm32cube.ide.mcu.externaltools.gnu-tools-for-stm32.12.3.rel1.win32_1.0.100.202403111256/tools/bin/../lib/gcc/arm-none-eabi/12.3.1/thumb/v7-m/nofp\libgcc.a(_arm_fixunssfsi.o)
                0x0800110c                __fixunssfsi
                0x0800110c                __aeabi_f2uiz
 .text          0x0800114c       0xa0 E:/workspace/ST/STM32CubeIDE_1.15.0/STM32CubeIDE/plugins/com.st.stm32cube.ide.mcu.externaltools.gnu-tools-for-stm32.12.3.rel1.win32_1.0.100.202403111256/tools/bin/../lib/gcc/arm-none-eabi/12.3.1/thumb/v7-m/nofp\libgcc.a(_aeabi_ldivmod.o)
                0x0800114c                __aeabi_ldivmod
 .text          0x080011ec      0x2b8 E:/workspace/ST/STM32CubeIDE_1.15.0/STM32CubeIDE/plugins/com.st.stm32cube.ide.mcu.externaltools.gnu-tools-for-stm32.12.3.rel1.win32_1.0.100.202403111256/tools/bin/../lib/gcc/arm-none-eabi/12.3.1/thumb/v7-m/nofp\libgcc.a(_udivmoddi4.o)
                0x080011ec                __udivmoddi4
 .text          0x080014a4        0x4 E:/workspace/ST/STM32CubeIDE_1.15.0/STM32CubeIDE/plugins/com.st.stm32cube.ide.mcu.externaltools.gnu-tools-for-stm32.12.3.rel1.win32_1.0.100.202403111256/tools/bin/../lib/gcc/arm-none-eabi/12.3.1/thumb/v7-m/nofp\libgcc.a(_dvmd_tls.o)
                0x080014a4                __aeabi_idiv0
                0x080014a4                __aeabi_ldiv0
 *(.text*)
 .text.Led_Flash
                0x080014a8       0x34 ./BSPcode/LED.o
                0x080014a8                Led_Flash
 .text.Get_Adc  0x080014dc       0x4c ./BSPcode/bsp_adc.o
                0x080014dc                Get_Adc
 .text.Get_battery_volt
                0x08001528       0x4c ./BSPcode/bsp_adc.o
                0x08001528                Get_battery_volt
 .text.HAL_InitTick
                0x08001574       0x40 ./BSPcode/delay.o
                0x08001574                HAL_InitTick
 .text.HAL_GetTick
                0x080015b4       0x1c ./BSPcode/delay.o
                0x080015b4                HAL_GetTick
 .text.HAL_Delay
                0x080015d0       0x90 ./BSPcode/delay.o
                0x080015d0                HAL_Delay
 .text.delay_init
                0x08001660       0x44 ./BSPcode/delay.o
                0x08001660                delay_init
 .text.delay_us
                0x080016a4        0x2 ./BSPcode/delay.o
                0x080016a4                delay_us
 *fill*         0x080016a6        0x2 
 .text.delay_ms
                0x080016a8       0x34 ./BSPcode/delay.o
                0x080016a8                delay_ms
 .text.Read_Encoder
                0x080016dc       0x38 ./BSPcode/encoder.o
                0x080016dc                Read_Encoder
 .text.IIC_Start
                0x08001714       0x78 ./BSPcode/iic.o
                0x08001714                IIC_Start
 .text.IIC_Stop
                0x0800178c       0x58 ./BSPcode/iic.o
                0x0800178c                IIC_Stop
 .text.IIC_Wait_Ack
                0x080017e4       0x74 ./BSPcode/iic.o
                0x080017e4                IIC_Wait_Ack
 .text.IIC_Ack  0x08001858       0x58 ./BSPcode/iic.o
                0x08001858                IIC_Ack
 .text.IIC_NAck
                0x080018b0       0x58 ./BSPcode/iic.o
                0x080018b0                IIC_NAck
 .text.IIC_Send_Byte
                0x08001908       0x74 ./BSPcode/iic.o
                0x08001908                IIC_Send_Byte
 .text.i2cWrite
                0x0800197c       0x50 ./BSPcode/iic.o
                0x0800197c                i2cWrite
 .text.IIC_Read_Byte
                0x080019cc       0x70 ./BSPcode/iic.o
                0x080019cc                IIC_Read_Byte
 .text.i2cRead  0x08001a3c       0x62 ./BSPcode/iic.o
                0x08001a3c                i2cRead
 .text.I2C_ReadOneByte
                0x08001a9e       0x3e ./BSPcode/iic.o
                0x08001a9e                I2C_ReadOneByte
 .text.IICwriteBytes
                0x08001adc       0x3e ./BSPcode/iic.o
                0x08001adc                IICwriteBytes
 .text.IICreadByte
                0x08001b1a        0xe ./BSPcode/iic.o
                0x08001b1a                IICreadByte
 .text.IICwriteByte
                0x08001b28       0x16 ./BSPcode/iic.o
                0x08001b28                IICwriteByte
 .text.IICwriteBits
                0x08001b3e       0x4c ./BSPcode/iic.o
                0x08001b3e                IICwriteBits
 .text.IICwriteBit
                0x08001b8a       0x38 ./BSPcode/iic.o
                0x08001b8a                IICwriteBit
 *fill*         0x08001bc2        0x2 
 .text.click_N_Double
                0x08001bc4       0xc0 ./BSPcode/key.o
                0x08001bc4                click_N_Double
 .text.Long_Press
                0x08001c84       0x4c ./BSPcode/key.o
                0x08001c84                Long_Press
 .text.OLED_WR_Byte
                0x08001cd0       0x60 ./BSPcode/oled.o
                0x08001cd0                OLED_WR_Byte
 .text.OLED_Refresh_Gram
                0x08001d30       0x44 ./BSPcode/oled.o
                0x08001d30                OLED_Refresh_Gram
 .text.OLED_Clear
                0x08001d74       0x28 ./BSPcode/oled.o
                0x08001d74                OLED_Clear
 .text.OLED_DrawPoint
                0x08001d9c       0x38 ./BSPcode/oled.o
                0x08001d9c                OLED_DrawPoint
 .text.OLED_ShowChar
                0x08001dd4       0x8c ./BSPcode/oled.o
                0x08001dd4                OLED_ShowChar
 .text.OLED_ShowNumber
                0x08001e60       0x8e ./BSPcode/oled.o
                0x08001e60                OLED_ShowNumber
 .text.OLED_ShowString
                0x08001eee       0x3e ./BSPcode/oled.o
                0x08001eee                OLED_ShowString
 .text.OLED_Init
                0x08001f2c       0xf4 ./BSPcode/oled.o
                0x08001f2c                OLED_Init
 .text.HAL_UART_RxCpltCallback
                0x08002020      0x3ac ./BSPcode/usart3.o
                0x08002020                HAL_UART_RxCpltCallback
 .text.MX_ADC1_Init
                0x080023cc       0x50 ./Core/Src/adc.o
                0x080023cc                MX_ADC1_Init
 .text.HAL_ADC_MspInit
                0x0800241c       0x5c ./Core/Src/adc.o
                0x0800241c                HAL_ADC_MspInit
 .text.MX_GPIO_Init
                0x08002478      0x104 ./Core/Src/gpio.o
                0x08002478                MX_GPIO_Init
 .text.SystemClock_Config
                0x0800257c       0x7e ./Core/Src/main.o
                0x0800257c                SystemClock_Config
 *fill*         0x080025fa        0x2 
 .text.startup.main
                0x080025fc       0xdc ./Core/Src/main.o
                0x080025fc                main
 .text.Error_Handler
                0x080026d8        0x4 ./Core/Src/main.o
                0x080026d8                Error_Handler
 .text.RetargetInit
                0x080026dc       0x1c ./Core/Src/retarget.o
                0x080026dc                RetargetInit
 .text._isatty  0x080026f8       0x16 ./Core/Src/retarget.o
                0x080026f8                _isatty
 *fill*         0x0800270e        0x2 
 .text._write   0x08002710       0x50 ./Core/Src/retarget.o
                0x08002710                _write
 .text._close   0x08002760       0x18 ./Core/Src/retarget.o
                0x08002760                _close
 .text._lseek   0x08002778       0x10 ./Core/Src/retarget.o
                0x08002778                _lseek
 .text._read    0x08002788       0x4c ./Core/Src/retarget.o
                0x08002788                _read
 .text._fstat   0x080027d4       0x1a ./Core/Src/retarget.o
                0x080027d4                _fstat
 *fill*         0x080027ee        0x2 
 .text.HAL_MspInit
                0x080027f0       0x4c ./Core/Src/stm32f1xx_hal_msp.o
                0x080027f0                HAL_MspInit
 .text.NMI_Handler
                0x0800283c        0x2 ./Core/Src/stm32f1xx_it.o
                0x0800283c                NMI_Handler
 .text.HardFault_Handler
                0x0800283e        0x2 ./Core/Src/stm32f1xx_it.o
                0x0800283e                HardFault_Handler
 .text.MemManage_Handler
                0x08002840        0x2 ./Core/Src/stm32f1xx_it.o
                0x08002840                MemManage_Handler
 .text.BusFault_Handler
                0x08002842        0x2 ./Core/Src/stm32f1xx_it.o
                0x08002842                BusFault_Handler
 .text.UsageFault_Handler
                0x08002844        0x2 ./Core/Src/stm32f1xx_it.o
                0x08002844                UsageFault_Handler
 .text.SVC_Handler
                0x08002846        0x2 ./Core/Src/stm32f1xx_it.o
                0x08002846                SVC_Handler
 .text.DebugMon_Handler
                0x08002848        0x2 ./Core/Src/stm32f1xx_it.o
                0x08002848                DebugMon_Handler
 .text.PendSV_Handler
                0x0800284a        0x2 ./Core/Src/stm32f1xx_it.o
                0x0800284a                PendSV_Handler
 .text.SysTick_Handler
                0x0800284c        0x4 ./Core/Src/stm32f1xx_it.o
                0x0800284c                SysTick_Handler
 .text.TIM3_IRQHandler
                0x08002850        0xc ./Core/Src/stm32f1xx_it.o
                0x08002850                TIM3_IRQHandler
 .text.USART3_IRQHandler
                0x0800285c        0xc ./Core/Src/stm32f1xx_it.o
                0x0800285c                USART3_IRQHandler
 .text.EXTI15_10_IRQHandler
                0x08002868        0x8 ./Core/Src/stm32f1xx_it.o
                0x08002868                EXTI15_10_IRQHandler
 .text._sbrk    0x08002870       0x40 ./Core/Src/sysmem.o
                0x08002870                _sbrk
 .text.SystemInit
                0x080028b0        0x2 ./Core/Src/system_stm32f1xx.o
                0x080028b0                SystemInit
 *fill*         0x080028b2        0x2 
 .text.MX_TIM2_Init
                0x080028b4       0x60 ./Core/Src/tim.o
                0x080028b4                MX_TIM2_Init
 .text.MX_TIM3_Init
                0x08002914       0x98 ./Core/Src/tim.o
                0x08002914                MX_TIM3_Init
 .text.MX_TIM4_Init
                0x080029ac       0x60 ./Core/Src/tim.o
                0x080029ac                MX_TIM4_Init
 .text.HAL_TIM_PWM_MspInit
                0x08002a0c       0x28 ./Core/Src/tim.o
                0x08002a0c                HAL_TIM_PWM_MspInit
 .text.HAL_TIM_Encoder_MspInit
                0x08002a34       0x98 ./Core/Src/tim.o
                0x08002a34                HAL_TIM_Encoder_MspInit
 .text.HAL_TIM_Base_MspInit
                0x08002acc       0x68 ./Core/Src/tim.o
                0x08002acc                HAL_TIM_Base_MspInit
 .text.HAL_TIM_MspPostInit
                0x08002b34       0x50 ./Core/Src/tim.o
                0x08002b34                HAL_TIM_MspPostInit
 .text.MX_TIM1_Init
                0x08002b84       0xb8 ./Core/Src/tim.o
                0x08002b84                MX_TIM1_Init
 .text.MX_USART1_UART_Init
                0x08002c3c       0x38 ./Core/Src/usart.o
                0x08002c3c                MX_USART1_UART_Init
 .text.MX_USART3_UART_Init
                0x08002c74       0x38 ./Core/Src/usart.o
                0x08002c74                MX_USART3_UART_Init
 .text.HAL_UART_MspInit
                0x08002cac       0xec ./Core/Src/usart.o
                0x08002cac                HAL_UART_MspInit
 .text.Reset_Handler
                0x08002d98       0x48 ./Core/Startup/startup_stm32f103c8tx.o
                0x08002d98                Reset_Handler
 .text.Default_Handler
                0x08002de0        0x2 ./Core/Startup/startup_stm32f103c8tx.o
                0x08002de0                RTC_Alarm_IRQHandler
                0x08002de0                EXTI2_IRQHandler
                0x08002de0                TIM1_CC_IRQHandler
                0x08002de0                PVD_IRQHandler
                0x08002de0                EXTI3_IRQHandler
                0x08002de0                EXTI0_IRQHandler
                0x08002de0                I2C2_EV_IRQHandler
                0x08002de0                ADC1_2_IRQHandler
                0x08002de0                SPI1_IRQHandler
                0x08002de0                TAMPER_IRQHandler
                0x08002de0                DMA1_Channel4_IRQHandler
                0x08002de0                RTC_IRQHandler
                0x08002de0                DMA1_Channel7_IRQHandler
                0x08002de0                CAN1_RX1_IRQHandler
                0x08002de0                TIM4_IRQHandler
                0x08002de0                I2C1_EV_IRQHandler
                0x08002de0                DMA1_Channel6_IRQHandler
                0x08002de0                RCC_IRQHandler
                0x08002de0                TIM1_TRG_COM_IRQHandler
                0x08002de0                DMA1_Channel1_IRQHandler
                0x08002de0                Default_Handler
                0x08002de0                EXTI9_5_IRQHandler
                0x08002de0                SPI2_IRQHandler
                0x08002de0                DMA1_Channel5_IRQHandler
                0x08002de0                EXTI4_IRQHandler
                0x08002de0                USB_LP_CAN1_RX0_IRQHandler
                0x08002de0                USB_HP_CAN1_TX_IRQHandler
                0x08002de0                DMA1_Channel3_IRQHandler
                0x08002de0                TIM1_UP_IRQHandler
                0x08002de0                WWDG_IRQHandler
                0x08002de0                TIM2_IRQHandler
                0x08002de0                TIM1_BRK_IRQHandler
                0x08002de0                EXTI1_IRQHandler
                0x08002de0                USART2_IRQHandler
                0x08002de0                I2C2_ER_IRQHandler
                0x08002de0                DMA1_Channel2_IRQHandler
                0x08002de0                CAN1_SCE_IRQHandler
                0x08002de0                FLASH_IRQHandler
                0x08002de0                USART1_IRQHandler
                0x08002de0                I2C1_ER_IRQHandler
                0x08002de0                USBWakeUp_IRQHandler
 *fill*         0x08002de2        0x2 
 .text.HAL_Init
                0x08002de4       0x24 ./Drivers/STM32F1xx_HAL_Driver/Src/stm32f1xx_hal.o
                0x08002de4                HAL_Init
 .text.HAL_IncTick
                0x08002e08       0x18 ./Drivers/STM32F1xx_HAL_Driver/Src/stm32f1xx_hal.o
                0x08002e08                HAL_IncTick
 .text.HAL_ADC_PollForConversion
                0x08002e20      0x18c ./Drivers/STM32F1xx_HAL_Driver/Src/stm32f1xx_hal_adc.o
                0x08002e20                HAL_ADC_PollForConversion
 .text.HAL_ADC_GetValue
                0x08002fac        0x6 ./Drivers/STM32F1xx_HAL_Driver/Src/stm32f1xx_hal_adc.o
                0x08002fac                HAL_ADC_GetValue
 *fill*         0x08002fb2        0x2 
 .text.HAL_ADC_ConfigChannel
                0x08002fb4       0xfc ./Drivers/STM32F1xx_HAL_Driver/Src/stm32f1xx_hal_adc.o
                0x08002fb4                HAL_ADC_ConfigChannel
 .text.HAL_ADC_GetState
                0x080030b0        0x4 ./Drivers/STM32F1xx_HAL_Driver/Src/stm32f1xx_hal_adc.o
                0x080030b0                HAL_ADC_GetState
 .text.ADC_Enable
                0x080030b4       0x78 ./Drivers/STM32F1xx_HAL_Driver/Src/stm32f1xx_hal_adc.o
                0x080030b4                ADC_Enable
 .text.HAL_ADC_Start
                0x0800312c       0xc4 ./Drivers/STM32F1xx_HAL_Driver/Src/stm32f1xx_hal_adc.o
                0x0800312c                HAL_ADC_Start
 .text.ADC_ConversionStop_Disable
                0x080031f0       0x4c ./Drivers/STM32F1xx_HAL_Driver/Src/stm32f1xx_hal_adc.o
                0x080031f0                ADC_ConversionStop_Disable
 .text.HAL_ADC_Init
                0x0800323c       0xfc ./Drivers/STM32F1xx_HAL_Driver/Src/stm32f1xx_hal_adc.o
                0x0800323c                HAL_ADC_Init
 .text.HAL_ADCEx_Calibration_Start
                0x08003338       0xe0 ./Drivers/STM32F1xx_HAL_Driver/Src/stm32f1xx_hal_adc_ex.o
                0x08003338                HAL_ADCEx_Calibration_Start
 .text.HAL_NVIC_SetPriorityGrouping
                0x08003418       0x24 ./Drivers/STM32F1xx_HAL_Driver/Src/stm32f1xx_hal_cortex.o
                0x08003418                HAL_NVIC_SetPriorityGrouping
 .text.HAL_NVIC_SetPriority
                0x0800343c       0x60 ./Drivers/STM32F1xx_HAL_Driver/Src/stm32f1xx_hal_cortex.o
                0x0800343c                HAL_NVIC_SetPriority
 .text.HAL_NVIC_EnableIRQ
                0x0800349c       0x1c ./Drivers/STM32F1xx_HAL_Driver/Src/stm32f1xx_hal_cortex.o
                0x0800349c                HAL_NVIC_EnableIRQ
 .text.HAL_NVIC_DisableIRQ
                0x080034b8       0x24 ./Drivers/STM32F1xx_HAL_Driver/Src/stm32f1xx_hal_cortex.o
                0x080034b8                HAL_NVIC_DisableIRQ
 .text.HAL_DMA_Abort
                0x080034dc       0x3e ./Drivers/STM32F1xx_HAL_Driver/Src/stm32f1xx_hal_dma.o
                0x080034dc                HAL_DMA_Abort
 *fill*         0x0800351a        0x2 
 .text.HAL_DMA_Abort_IT
                0x0800351c       0x88 ./Drivers/STM32F1xx_HAL_Driver/Src/stm32f1xx_hal_dma.o
                0x0800351c                HAL_DMA_Abort_IT
 .text.HAL_GPIO_Init
                0x080035a4      0x1b0 ./Drivers/STM32F1xx_HAL_Driver/Src/stm32f1xx_hal_gpio.o
                0x080035a4                HAL_GPIO_Init
 .text.HAL_GPIO_ReadPin
                0x08003754        0xc ./Drivers/STM32F1xx_HAL_Driver/Src/stm32f1xx_hal_gpio.o
                0x08003754                HAL_GPIO_ReadPin
 .text.HAL_GPIO_WritePin
                0x08003760        0xa ./Drivers/STM32F1xx_HAL_Driver/Src/stm32f1xx_hal_gpio.o
                0x08003760                HAL_GPIO_WritePin
 .text.HAL_GPIO_TogglePin
                0x0800376a       0x12 ./Drivers/STM32F1xx_HAL_Driver/Src/stm32f1xx_hal_gpio.o
                0x0800376a                HAL_GPIO_TogglePin
 .text.HAL_GPIO_EXTI_IRQHandler
                0x0800377c       0x18 ./Drivers/STM32F1xx_HAL_Driver/Src/stm32f1xx_hal_gpio.o
                0x0800377c                HAL_GPIO_EXTI_IRQHandler
 .text.HAL_RCC_OscConfig
                0x08003794      0x338 ./Drivers/STM32F1xx_HAL_Driver/Src/stm32f1xx_hal_rcc.o
                0x08003794                HAL_RCC_OscConfig
 .text.HAL_RCC_GetSysClockFreq
                0x08003acc       0x74 ./Drivers/STM32F1xx_HAL_Driver/Src/stm32f1xx_hal_rcc.o
                0x08003acc                HAL_RCC_GetSysClockFreq
 .text.HAL_RCC_ClockConfig
                0x08003b40      0x138 ./Drivers/STM32F1xx_HAL_Driver/Src/stm32f1xx_hal_rcc.o
                0x08003b40                HAL_RCC_ClockConfig
 .text.HAL_RCC_GetPCLK1Freq
                0x08003c78       0x20 ./Drivers/STM32F1xx_HAL_Driver/Src/stm32f1xx_hal_rcc.o
                0x08003c78                HAL_RCC_GetPCLK1Freq
 .text.HAL_RCC_GetPCLK2Freq
                0x08003c98       0x20 ./Drivers/STM32F1xx_HAL_Driver/Src/stm32f1xx_hal_rcc.o
                0x08003c98                HAL_RCC_GetPCLK2Freq
 .text.HAL_RCCEx_PeriphCLKConfig
                0x08003cb8       0xf4 ./Drivers/STM32F1xx_HAL_Driver/Src/stm32f1xx_hal_rcc_ex.o
                0x08003cb8                HAL_RCCEx_PeriphCLKConfig
 .text.HAL_RCCEx_GetPeriphCLKFreq
                0x08003dac       0xe4 ./Drivers/STM32F1xx_HAL_Driver/Src/stm32f1xx_hal_rcc_ex.o
                0x08003dac                HAL_RCCEx_GetPeriphCLKFreq
 .text.TIM_OC1_SetConfig
                0x08003e90       0x50 ./Drivers/STM32F1xx_HAL_Driver/Src/stm32f1xx_hal_tim.o
 .text.TIM_OC3_SetConfig
                0x08003ee0       0x54 ./Drivers/STM32F1xx_HAL_Driver/Src/stm32f1xx_hal_tim.o
 .text.TIM_OC4_SetConfig
                0x08003f34       0x44 ./Drivers/STM32F1xx_HAL_Driver/Src/stm32f1xx_hal_tim.o
 .text.HAL_TIM_Base_Start_IT
                0x08003f78       0x54 ./Drivers/STM32F1xx_HAL_Driver/Src/stm32f1xx_hal_tim.o
                0x08003f78                HAL_TIM_Base_Start_IT
 .text.HAL_TIM_IC_MspInit
                0x08003fcc        0x2 ./Drivers/STM32F1xx_HAL_Driver/Src/stm32f1xx_hal_tim.o
                0x08003fcc                HAL_TIM_IC_MspInit
 .text.HAL_TIM_Encoder_Start
                0x08003fce       0xb2 ./Drivers/STM32F1xx_HAL_Driver/Src/stm32f1xx_hal_tim.o
                0x08003fce                HAL_TIM_Encoder_Start
 .text.HAL_TIM_ReadCapturedValue
                0x08004080       0x2c ./Drivers/STM32F1xx_HAL_Driver/Src/stm32f1xx_hal_tim.o
                0x08004080                HAL_TIM_ReadCapturedValue
 .text.HAL_TIM_OC_DelayElapsedCallback
                0x080040ac        0x2 ./Drivers/STM32F1xx_HAL_Driver/Src/stm32f1xx_hal_tim.o
                0x080040ac                HAL_TIM_OC_DelayElapsedCallback
 .text.HAL_TIM_PWM_PulseFinishedCallback
                0x080040ae        0x2 ./Drivers/STM32F1xx_HAL_Driver/Src/stm32f1xx_hal_tim.o
                0x080040ae                HAL_TIM_PWM_PulseFinishedCallback
 .text.HAL_TIM_TriggerCallback
                0x080040b0        0x2 ./Drivers/STM32F1xx_HAL_Driver/Src/stm32f1xx_hal_tim.o
                0x080040b0                HAL_TIM_TriggerCallback
 .text.HAL_TIM_IRQHandler
                0x080040b2      0x144 ./Drivers/STM32F1xx_HAL_Driver/Src/stm32f1xx_hal_tim.o
                0x080040b2                HAL_TIM_IRQHandler
 *fill*         0x080041f6        0x2 
 .text.TIM_Base_SetConfig
                0x080041f8       0x70 ./Drivers/STM32F1xx_HAL_Driver/Src/stm32f1xx_hal_tim.o
                0x080041f8                TIM_Base_SetConfig
 .text.HAL_TIM_Base_Init
                0x08004268       0x58 ./Drivers/STM32F1xx_HAL_Driver/Src/stm32f1xx_hal_tim.o
                0x08004268                HAL_TIM_Base_Init
 .text.HAL_TIM_PWM_Init
                0x080042c0       0x58 ./Drivers/STM32F1xx_HAL_Driver/Src/stm32f1xx_hal_tim.o
                0x080042c0                HAL_TIM_PWM_Init
 .text.HAL_TIM_IC_Init
                0x08004318       0x58 ./Drivers/STM32F1xx_HAL_Driver/Src/stm32f1xx_hal_tim.o
                0x08004318                HAL_TIM_IC_Init
 .text.HAL_TIM_Encoder_Init
                0x08004370       0xa8 ./Drivers/STM32F1xx_HAL_Driver/Src/stm32f1xx_hal_tim.o
                0x08004370                HAL_TIM_Encoder_Init
 .text.TIM_OC2_SetConfig
                0x08004418       0x58 ./Drivers/STM32F1xx_HAL_Driver/Src/stm32f1xx_hal_tim.o
                0x08004418                TIM_OC2_SetConfig
 .text.HAL_TIM_PWM_ConfigChannel
                0x08004470       0xae ./Drivers/STM32F1xx_HAL_Driver/Src/stm32f1xx_hal_tim.o
                0x08004470                HAL_TIM_PWM_ConfigChannel
 *fill*         0x0800451e        0x2 
 .text.TIM_TI1_SetConfig
                0x08004520       0x54 ./Drivers/STM32F1xx_HAL_Driver/Src/stm32f1xx_hal_tim.o
                0x08004520                TIM_TI1_SetConfig
 .text.HAL_TIM_IC_ConfigChannel
                0x08004574       0xfc ./Drivers/STM32F1xx_HAL_Driver/Src/stm32f1xx_hal_tim.o
                0x08004574                HAL_TIM_IC_ConfigChannel
 .text.TIM_ETR_SetConfig
                0x08004670       0x14 ./Drivers/STM32F1xx_HAL_Driver/Src/stm32f1xx_hal_tim.o
                0x08004670                TIM_ETR_SetConfig
 .text.HAL_TIM_ConfigClockSource
                0x08004684      0x122 ./Drivers/STM32F1xx_HAL_Driver/Src/stm32f1xx_hal_tim.o
                0x08004684                HAL_TIM_ConfigClockSource
 .text.TIM_CCxChannelCmd
                0x080047a6       0x1c ./Drivers/STM32F1xx_HAL_Driver/Src/stm32f1xx_hal_tim.o
                0x080047a6                TIM_CCxChannelCmd
 *fill*         0x080047c2        0x2 
 .text.HAL_TIM_OC_Start
                0x080047c4       0x9c ./Drivers/STM32F1xx_HAL_Driver/Src/stm32f1xx_hal_tim.o
                0x080047c4                HAL_TIM_OC_Start
 .text.HAL_TIM_PWM_Start
                0x08004860        0x4 ./Drivers/STM32F1xx_HAL_Driver/Src/stm32f1xx_hal_tim.o
                0x08004860                HAL_TIM_PWM_Start
 .text.HAL_TIM_IC_Start_IT
                0x08004864       0xd8 ./Drivers/STM32F1xx_HAL_Driver/Src/stm32f1xx_hal_tim.o
                0x08004864                HAL_TIM_IC_Start_IT
 .text.HAL_TIMEx_MasterConfigSynchronization
                0x0800493c       0x5c ./Drivers/STM32F1xx_HAL_Driver/Src/stm32f1xx_hal_tim_ex.o
                0x0800493c                HAL_TIMEx_MasterConfigSynchronization
 .text.HAL_TIMEx_ConfigBreakDeadTime
                0x08004998       0x4c ./Drivers/STM32F1xx_HAL_Driver/Src/stm32f1xx_hal_tim_ex.o
                0x08004998                HAL_TIMEx_ConfigBreakDeadTime
 .text.HAL_TIMEx_CommutCallback
                0x080049e4        0x2 ./Drivers/STM32F1xx_HAL_Driver/Src/stm32f1xx_hal_tim_ex.o
                0x080049e4                HAL_TIMEx_CommutCallback
 .text.HAL_TIMEx_BreakCallback
                0x080049e6        0x2 ./Drivers/STM32F1xx_HAL_Driver/Src/stm32f1xx_hal_tim_ex.o
                0x080049e6                HAL_TIMEx_BreakCallback
 .text.UART_EndRxTransfer
                0x080049e8       0x2c ./Drivers/STM32F1xx_HAL_Driver/Src/stm32f1xx_hal_uart.o
 .text.UART_SetConfig
                0x08004a14       0x74 ./Drivers/STM32F1xx_HAL_Driver/Src/stm32f1xx_hal_uart.o
 .text.UART_WaitOnFlagUntilTimeout.constprop.0
                0x08004a88       0x74 ./Drivers/STM32F1xx_HAL_Driver/Src/stm32f1xx_hal_uart.o
 .text.HAL_UART_Init
                0x08004afc       0x5c ./Drivers/STM32F1xx_HAL_Driver/Src/stm32f1xx_hal_uart.o
                0x08004afc                HAL_UART_Init
 .text.HAL_UART_Transmit
                0x08004b58       0xaa ./Drivers/STM32F1xx_HAL_Driver/Src/stm32f1xx_hal_uart.o
                0x08004b58                HAL_UART_Transmit
 .text.HAL_UART_Receive
                0x08004c02       0xbc ./Drivers/STM32F1xx_HAL_Driver/Src/stm32f1xx_hal_uart.o
                0x08004c02                HAL_UART_Receive
 .text.HAL_UART_TxCpltCallback
                0x08004cbe        0x2 ./Drivers/STM32F1xx_HAL_Driver/Src/stm32f1xx_hal_uart.o
                0x08004cbe                HAL_UART_TxCpltCallback
 .text.HAL_UART_ErrorCallback
                0x08004cc0        0x2 ./Drivers/STM32F1xx_HAL_Driver/Src/stm32f1xx_hal_uart.o
                0x08004cc0                HAL_UART_ErrorCallback
 .text.UART_DMAAbortOnError
                0x08004cc2       0x10 ./Drivers/STM32F1xx_HAL_Driver/Src/stm32f1xx_hal_uart.o
 .text.HAL_UARTEx_RxEventCallback
                0x08004cd2        0x2 ./Drivers/STM32F1xx_HAL_Driver/Src/stm32f1xx_hal_uart.o
                0x08004cd2                HAL_UARTEx_RxEventCallback
 .text.UART_Receive_IT.isra.0
                0x08004cd4       0xa0 ./Drivers/STM32F1xx_HAL_Driver/Src/stm32f1xx_hal_uart.o
 .text.HAL_UART_IRQHandler
                0x08004d74      0x200 ./Drivers/STM32F1xx_HAL_Driver/Src/stm32f1xx_hal_uart.o
                0x08004d74                HAL_UART_IRQHandler
 .text.UART_Start_Receive_IT
                0x08004f74       0x32 ./Drivers/STM32F1xx_HAL_Driver/Src/stm32f1xx_hal_uart.o
                0x08004f74                UART_Start_Receive_IT
 .text.HAL_UART_Receive_IT
                0x08004fa6       0x2a ./Drivers/STM32F1xx_HAL_Driver/Src/stm32f1xx_hal_uart.o
                0x08004fa6                HAL_UART_Receive_IT
 .text.Float2Byte
                0x08004fd0       0x14 ./WHEELTEC/DataScope_DP.o
                0x08004fd0                Float2Byte
 .text.DataScope_Get_Channel_Data
                0x08004fe4       0x58 ./WHEELTEC/DataScope_DP.o
                0x08004fe4                DataScope_Get_Channel_Data
 .text.DataScope_Data_Generate
                0x0800503c       0x80 ./WHEELTEC/DataScope_DP.o
                0x0800503c                DataScope_Data_Generate
 .text.mul      0x080050bc       0x90 ./WHEELTEC/KF.o
                0x080050bc                mul
 .text.KF_X     0x0800514c      0x264 ./WHEELTEC/KF.o
                0x0800514c                KF_X
 .text.KF_Y     0x080053b0      0x264 ./WHEELTEC/KF.o
                0x080053b0                KF_Y
 .text.inv_row_2_scale
                0x08005614       0x3a ./WHEELTEC/MPU6050.o
 .text.MPU6050_setClockSource
                0x0800564e       0x16 ./WHEELTEC/MPU6050.o
                0x0800564e                MPU6050_setClockSource
 .text.MPU6050_setFullScaleGyroRange
                0x08005664       0x16 ./WHEELTEC/MPU6050.o
                0x08005664                MPU6050_setFullScaleGyroRange
 .text.MPU6050_setFullScaleAccelRange
                0x0800567a       0x16 ./WHEELTEC/MPU6050.o
                0x0800567a                MPU6050_setFullScaleAccelRange
 .text.MPU6050_setSleepEnabled
                0x08005690        0xc ./WHEELTEC/MPU6050.o
                0x08005690                MPU6050_setSleepEnabled
 .text.MPU6050_setI2CMasterModeEnabled
                0x0800569c        0xc ./WHEELTEC/MPU6050.o
                0x0800569c                MPU6050_setI2CMasterModeEnabled
 .text.MPU6050_setI2CBypassEnabled
                0x080056a8        0xc ./WHEELTEC/MPU6050.o
                0x080056a8                MPU6050_setI2CBypassEnabled
 .text.MPU6050_initialize
                0x080056b4       0x2a ./WHEELTEC/MPU6050.o
                0x080056b4                MPU6050_initialize
 *fill*         0x080056de        0x2 
 .text.DMP_Init
                0x080056e0      0x198 ./WHEELTEC/MPU6050.o
                0x080056e0                DMP_Init
 .text.Read_DMP
                0x08005878      0x1e8 ./WHEELTEC/MPU6050.o
                0x08005878                Read_DMP
 .text.Read_Distane
                0x08005a60       0x58 ./WHEELTEC/ReadDistance.o
                0x08005a60                Read_Distane
 .text.HAL_TIM_IC_CaptureCallback
                0x08005ab8       0xa8 ./WHEELTEC/ReadDistance.o
                0x08005ab8                HAL_TIM_IC_CaptureCallback
 .text.HAL_TIM_PeriodElapsedCallback
                0x08005b60       0x3c ./WHEELTEC/ReadDistance.o
                0x08005b60                HAL_TIM_PeriodElapsedCallback
 .text.Balance  0x08005b9c       0x58 ./WHEELTEC/control.o
                0x08005b9c                Balance
 .text.Turn     0x08005bf4       0xb0 ./WHEELTEC/control.o
                0x08005bf4                Turn
 .text.Set_Pwm  0x08005ca4       0x7c ./WHEELTEC/control.o
                0x08005ca4                Set_Pwm
 .text.Key      0x08005d20       0x50 ./WHEELTEC/control.o
                0x08005d20                Key
 .text.Turn_Off
                0x08005d70       0x6c ./WHEELTEC/control.o
                0x08005d70                Turn_Off
 *fill*         0x08005ddc        0x4 
 .text.Velocity
                0x08005de0      0x288 ./WHEELTEC/control.o
                0x08005de0                Velocity
 .text.Get_Angle
                0x08006068      0x230 ./WHEELTEC/control.o
                0x08006068                Get_Angle
 .text.myabs    0x08006298        0x8 ./WHEELTEC/control.o
                0x08006298                myabs
 .text.Pick_Up  0x080062a0       0xc8 ./WHEELTEC/control.o
                0x080062a0                Pick_Up
 .text.Put_Down
                0x08006368       0x7c ./WHEELTEC/control.o
                0x08006368                Put_Down
 *fill*         0x080063e4        0x4 
 .text.Get_Velocity_Form_Encoder
                0x080063e8       0xc0 ./WHEELTEC/control.o
                0x080063e8                Get_Velocity_Form_Encoder
 .text.Choose   0x080064a8       0xc4 ./WHEELTEC/control.o
                0x080064a8                Choose
 *fill*         0x0800656c        0x4 
 .text.HAL_GPIO_EXTI_Callback
                0x08006570      0x374 ./WHEELTEC/control.o
                0x08006570                HAL_GPIO_EXTI_Callback
 .text.Complementary_Filter_x
                0x080068e4       0x44 ./WHEELTEC/filter.o
                0x080068e4                Complementary_Filter_x
 .text.Complementary_Filter_y
                0x08006928       0x44 ./WHEELTEC/filter.o
                0x08006928                Complementary_Filter_y
 .text.get_st_biases
                0x0800696c      0x34c ./WHEELTEC/inv_mpu.o
 .text.set_int_enable.isra.0
                0x08006cb8       0x44 ./WHEELTEC/inv_mpu.o
 .text.mpu_reset_fifo
                0x08006cfc      0x164 ./WHEELTEC/inv_mpu.o
                0x08006cfc                mpu_reset_fifo
 .text.mpu_get_gyro_fsr
                0x08006e60       0x34 ./WHEELTEC/inv_mpu.o
                0x08006e60                mpu_get_gyro_fsr
 .text.mpu_set_gyro_fsr
                0x08006e94       0x68 ./WHEELTEC/inv_mpu.o
                0x08006e94                mpu_set_gyro_fsr
 .text.mpu_get_accel_fsr
                0x08006efc       0x38 ./WHEELTEC/inv_mpu.o
                0x08006efc                mpu_get_accel_fsr
 .text.mpu_set_accel_fsr
                0x08006f34       0x64 ./WHEELTEC/inv_mpu.o
                0x08006f34                mpu_set_accel_fsr
 .text.mpu_get_lpf
                0x08006f98       0x38 ./WHEELTEC/inv_mpu.o
                0x08006f98                mpu_get_lpf
 .text.mpu_set_lpf
                0x08006fd0       0x68 ./WHEELTEC/inv_mpu.o
                0x08006fd0                mpu_set_lpf
 .text.mpu_get_sample_rate
                0x08007038       0x1c ./WHEELTEC/inv_mpu.o
                0x08007038                mpu_get_sample_rate
 .text.mpu_get_gyro_sens
                0x08007054       0x40 ./WHEELTEC/inv_mpu.o
                0x08007054                mpu_get_gyro_sens
 .text.mpu_get_accel_sens
                0x08007094       0x40 ./WHEELTEC/inv_mpu.o
                0x08007094                mpu_get_accel_sens
 .text.mpu_configure_fifo
                0x080070d4       0x50 ./WHEELTEC/inv_mpu.o
                0x080070d4                mpu_configure_fifo
 .text.mpu_read_fifo_stream
                0x08007124       0x90 ./WHEELTEC/inv_mpu.o
                0x08007124                mpu_read_fifo_stream
 .text.mpu_set_bypass
                0x080071b4       0xec ./WHEELTEC/inv_mpu.o
                0x080071b4                mpu_set_bypass
 .text.mpu_set_int_latched
                0x080072a0       0x60 ./WHEELTEC/inv_mpu.o
                0x080072a0                mpu_set_int_latched
 .text.mpu_lp_accel_mode
                0x08007300       0xac ./WHEELTEC/inv_mpu.o
                0x08007300                mpu_lp_accel_mode
 .text.mpu_set_sample_rate
                0x080073ac       0x80 ./WHEELTEC/inv_mpu.o
                0x080073ac                mpu_set_sample_rate
 .text.mpu_set_sensors
                0x0800742c       0xc0 ./WHEELTEC/inv_mpu.o
                0x0800742c                mpu_set_sensors
 .text.mpu_init
                0x080074ec      0x138 ./WHEELTEC/inv_mpu.o
                0x080074ec                mpu_init
 .text.mpu_write_mem
                0x08007624       0x5c ./WHEELTEC/inv_mpu.o
                0x08007624                mpu_write_mem
 .text.mpu_read_mem
                0x08007680       0x5c ./WHEELTEC/inv_mpu.o
                0x08007680                mpu_read_mem
 .text.mpu_load_firmware
                0x080076dc       0x9c ./WHEELTEC/inv_mpu.o
                0x080076dc                mpu_load_firmware
 .text.mpu_set_dmp_state
                0x08007778       0x7c ./WHEELTEC/inv_mpu.o
                0x08007778                mpu_set_dmp_state
 .text.mpu_run_self_test
                0x080077f4      0x2fc ./WHEELTEC/inv_mpu.o
                0x080077f4                mpu_run_self_test
 .text.myget_ms
                0x08007af0        0x2 ./WHEELTEC/inv_mpu.o
                0x08007af0                myget_ms
 *fill*         0x08007af2        0x2 
 .text.dmp_enable_gyro_cal.part.0
                0x08007af4       0x28 ./WHEELTEC/inv_mpu_dmp_motion_driver.o
 .text.dmp_load_motion_driver_firmware
                0x08007b1c       0x14 ./WHEELTEC/inv_mpu_dmp_motion_driver.o
                0x08007b1c                dmp_load_motion_driver_firmware
 .text.dmp_set_orientation
                0x08007b30      0x140 ./WHEELTEC/inv_mpu_dmp_motion_driver.o
                0x08007b30                dmp_set_orientation
 .text.dmp_set_gyro_bias
                0x08007c70       0x98 ./WHEELTEC/inv_mpu_dmp_motion_driver.o
                0x08007c70                dmp_set_gyro_bias
 .text.dmp_set_accel_bias
                0x08007d08       0x98 ./WHEELTEC/inv_mpu_dmp_motion_driver.o
                0x08007d08                dmp_set_accel_bias
 .text.dmp_set_fifo_rate
                0x08007da0       0x60 ./WHEELTEC/inv_mpu_dmp_motion_driver.o
                0x08007da0                dmp_set_fifo_rate
 .text.dmp_set_tap_thresh
                0x08007e00      0x138 ./WHEELTEC/inv_mpu_dmp_motion_driver.o
                0x08007e00                dmp_set_tap_thresh
 .text.dmp_set_tap_axes
                0x08007f38       0x46 ./WHEELTEC/inv_mpu_dmp_motion_driver.o
                0x08007f38                dmp_set_tap_axes
 .text.dmp_set_tap_count
                0x08007f7e       0x28 ./WHEELTEC/inv_mpu_dmp_motion_driver.o
                0x08007f7e                dmp_set_tap_count
 .text.dmp_set_tap_time
                0x08007fa6       0x20 ./WHEELTEC/inv_mpu_dmp_motion_driver.o
                0x08007fa6                dmp_set_tap_time
 .text.dmp_set_tap_time_multi
                0x08007fc6       0x20 ./WHEELTEC/inv_mpu_dmp_motion_driver.o
                0x08007fc6                dmp_set_tap_time_multi
 .text.dmp_set_shake_reject_thresh
                0x08007fe6       0x22 ./WHEELTEC/inv_mpu_dmp_motion_driver.o
                0x08007fe6                dmp_set_shake_reject_thresh
 .text.dmp_set_shake_reject_time
                0x08008008       0x20 ./WHEELTEC/inv_mpu_dmp_motion_driver.o
                0x08008008                dmp_set_shake_reject_time
 .text.dmp_set_shake_reject_timeout
                0x08008028       0x20 ./WHEELTEC/inv_mpu_dmp_motion_driver.o
                0x08008028                dmp_set_shake_reject_timeout
 .text.dmp_enable_gyro_cal
                0x08008048       0x34 ./WHEELTEC/inv_mpu_dmp_motion_driver.o
                0x08008048                dmp_enable_gyro_cal
 .text.dmp_enable_lp_quat
                0x0800807c       0x28 ./WHEELTEC/inv_mpu_dmp_motion_driver.o
                0x0800807c                dmp_enable_lp_quat
 .text.dmp_enable_6x_lp_quat
                0x080080a4       0x28 ./WHEELTEC/inv_mpu_dmp_motion_driver.o
                0x080080a4                dmp_enable_6x_lp_quat
 .text.dmp_enable_feature
                0x080080cc      0x1b4 ./WHEELTEC/inv_mpu_dmp_motion_driver.o
                0x080080cc                dmp_enable_feature
 .text.dmp_read_fifo
                0x08008280      0x160 ./WHEELTEC/inv_mpu_dmp_motion_driver.o
                0x08008280                dmp_read_fifo
 .text.oled_show
                0x080083e0      0x49c ./WHEELTEC/show.o
                0x080083e0                oled_show
 *fill*         0x0800887c        0x4 
 .text.APP_Show
                0x08008880      0x170 ./WHEELTEC/show.o
                0x08008880                APP_Show
 .text.DataScope
                0x080089f0       0x74 ./WHEELTEC/show.o
                0x080089f0                DataScope
 .text.std      0x08008a64       0x6c E:/workspace/ST/STM32CubeIDE_1.15.0/STM32CubeIDE/plugins/com.st.stm32cube.ide.mcu.externaltools.gnu-tools-for-stm32.12.3.rel1.win32_1.0.100.202403111256/tools/bin/../lib/gcc/arm-none-eabi/12.3.1/../../../../arm-none-eabi/lib/thumb/v7-m/nofp\libc_nano.a(libc_a-findfp.o)
 .text.stdio_exit_handler
                0x08008ad0       0x18 E:/workspace/ST/STM32CubeIDE_1.15.0/STM32CubeIDE/plugins/com.st.stm32cube.ide.mcu.externaltools.gnu-tools-for-stm32.12.3.rel1.win32_1.0.100.202403111256/tools/bin/../lib/gcc/arm-none-eabi/12.3.1/../../../../arm-none-eabi/lib/thumb/v7-m/nofp\libc_nano.a(libc_a-findfp.o)
 .text.cleanup_stdio
                0x08008ae8       0x40 E:/workspace/ST/STM32CubeIDE_1.15.0/STM32CubeIDE/plugins/com.st.stm32cube.ide.mcu.externaltools.gnu-tools-for-stm32.12.3.rel1.win32_1.0.100.202403111256/tools/bin/../lib/gcc/arm-none-eabi/12.3.1/../../../../arm-none-eabi/lib/thumb/v7-m/nofp\libc_nano.a(libc_a-findfp.o)
 .text.global_stdio_init.part.0
                0x08008b28       0x3c E:/workspace/ST/STM32CubeIDE_1.15.0/STM32CubeIDE/plugins/com.st.stm32cube.ide.mcu.externaltools.gnu-tools-for-stm32.12.3.rel1.win32_1.0.100.202403111256/tools/bin/../lib/gcc/arm-none-eabi/12.3.1/../../../../arm-none-eabi/lib/thumb/v7-m/nofp\libc_nano.a(libc_a-findfp.o)
 .text.__sfp_lock_acquire
                0x08008b64        0xc E:/workspace/ST/STM32CubeIDE_1.15.0/STM32CubeIDE/plugins/com.st.stm32cube.ide.mcu.externaltools.gnu-tools-for-stm32.12.3.rel1.win32_1.0.100.202403111256/tools/bin/../lib/gcc/arm-none-eabi/12.3.1/../../../../arm-none-eabi/lib/thumb/v7-m/nofp\libc_nano.a(libc_a-findfp.o)
                0x08008b64                __sfp_lock_acquire
 .text.__sfp_lock_release
                0x08008b70        0xc E:/workspace/ST/STM32CubeIDE_1.15.0/STM32CubeIDE/plugins/com.st.stm32cube.ide.mcu.externaltools.gnu-tools-for-stm32.12.3.rel1.win32_1.0.100.202403111256/tools/bin/../lib/gcc/arm-none-eabi/12.3.1/../../../../arm-none-eabi/lib/thumb/v7-m/nofp\libc_nano.a(libc_a-findfp.o)
                0x08008b70                __sfp_lock_release
 .text.__sinit  0x08008b7c       0x30 E:/workspace/ST/STM32CubeIDE_1.15.0/STM32CubeIDE/plugins/com.st.stm32cube.ide.mcu.externaltools.gnu-tools-for-stm32.12.3.rel1.win32_1.0.100.202403111256/tools/bin/../lib/gcc/arm-none-eabi/12.3.1/../../../../arm-none-eabi/lib/thumb/v7-m/nofp\libc_nano.a(libc_a-findfp.o)
                0x08008b7c                __sinit
 .text._fwalk_sglue
                0x08008bac       0x3c E:/workspace/ST/STM32CubeIDE_1.15.0/STM32CubeIDE/plugins/com.st.stm32cube.ide.mcu.externaltools.gnu-tools-for-stm32.12.3.rel1.win32_1.0.100.202403111256/tools/bin/../lib/gcc/arm-none-eabi/12.3.1/../../../../arm-none-eabi/lib/thumb/v7-m/nofp\libc_nano.a(libc_a-fwalk.o)
                0x08008bac                _fwalk_sglue
 .text.printf   0x08008be8       0x24 E:/workspace/ST/STM32CubeIDE_1.15.0/STM32CubeIDE/plugins/com.st.stm32cube.ide.mcu.externaltools.gnu-tools-for-stm32.12.3.rel1.win32_1.0.100.202403111256/tools/bin/../lib/gcc/arm-none-eabi/12.3.1/../../../../arm-none-eabi/lib/thumb/v7-m/nofp\libc_nano.a(libc_a-printf.o)
                0x08008be8                iprintf
                0x08008be8                printf
 .text._puts_r  0x08008c0c       0xaa E:/workspace/ST/STM32CubeIDE_1.15.0/STM32CubeIDE/plugins/com.st.stm32cube.ide.mcu.externaltools.gnu-tools-for-stm32.12.3.rel1.win32_1.0.100.202403111256/tools/bin/../lib/gcc/arm-none-eabi/12.3.1/../../../../arm-none-eabi/lib/thumb/v7-m/nofp\libc_nano.a(libc_a-puts.o)
                0x08008c0c                _puts_r
 *fill*         0x08008cb6        0x2 
 .text.puts     0x08008cb8       0x10 E:/workspace/ST/STM32CubeIDE_1.15.0/STM32CubeIDE/plugins/com.st.stm32cube.ide.mcu.externaltools.gnu-tools-for-stm32.12.3.rel1.win32_1.0.100.202403111256/tools/bin/../lib/gcc/arm-none-eabi/12.3.1/../../../../arm-none-eabi/lib/thumb/v7-m/nofp\libc_nano.a(libc_a-puts.o)
                0x08008cb8                puts
 .text.setvbuf  0x08008cc8      0x168 E:/workspace/ST/STM32CubeIDE_1.15.0/STM32CubeIDE/plugins/com.st.stm32cube.ide.mcu.externaltools.gnu-tools-for-stm32.12.3.rel1.win32_1.0.100.202403111256/tools/bin/../lib/gcc/arm-none-eabi/12.3.1/../../../../arm-none-eabi/lib/thumb/v7-m/nofp\libc_nano.a(libc_a-setvbuf.o)
                0x08008cc8                setvbuf
 .text.__sread  0x08008e30       0x22 E:/workspace/ST/STM32CubeIDE_1.15.0/STM32CubeIDE/plugins/com.st.stm32cube.ide.mcu.externaltools.gnu-tools-for-stm32.12.3.rel1.win32_1.0.100.202403111256/tools/bin/../lib/gcc/arm-none-eabi/12.3.1/../../../../arm-none-eabi/lib/thumb/v7-m/nofp\libc_nano.a(libc_a-stdio.o)
                0x08008e30                __sread
 .text.__swrite
                0x08008e52       0x38 E:/workspace/ST/STM32CubeIDE_1.15.0/STM32CubeIDE/plugins/com.st.stm32cube.ide.mcu.externaltools.gnu-tools-for-stm32.12.3.rel1.win32_1.0.100.202403111256/tools/bin/../lib/gcc/arm-none-eabi/12.3.1/../../../../arm-none-eabi/lib/thumb/v7-m/nofp\libc_nano.a(libc_a-stdio.o)
                0x08008e52                __swrite
 .text.__sseek  0x08008e8a       0x24 E:/workspace/ST/STM32CubeIDE_1.15.0/STM32CubeIDE/plugins/com.st.stm32cube.ide.mcu.externaltools.gnu-tools-for-stm32.12.3.rel1.win32_1.0.100.202403111256/tools/bin/../lib/gcc/arm-none-eabi/12.3.1/../../../../arm-none-eabi/lib/thumb/v7-m/nofp\libc_nano.a(libc_a-stdio.o)
                0x08008e8a                __sseek
 .text.__sclose
                0x08008eae        0x8 E:/workspace/ST/STM32CubeIDE_1.15.0/STM32CubeIDE/plugins/com.st.stm32cube.ide.mcu.externaltools.gnu-tools-for-stm32.12.3.rel1.win32_1.0.100.202403111256/tools/bin/../lib/gcc/arm-none-eabi/12.3.1/../../../../arm-none-eabi/lib/thumb/v7-m/nofp\libc_nano.a(libc_a-stdio.o)
                0x08008eae                __sclose
 .text.__swbuf_r
                0x08008eb6       0x7c E:/workspace/ST/STM32CubeIDE_1.15.0/STM32CubeIDE/plugins/com.st.stm32cube.ide.mcu.externaltools.gnu-tools-for-stm32.12.3.rel1.win32_1.0.100.202403111256/tools/bin/../lib/gcc/arm-none-eabi/12.3.1/../../../../arm-none-eabi/lib/thumb/v7-m/nofp\libc_nano.a(libc_a-wbuf.o)
                0x08008eb6                __swbuf_r
 *fill*         0x08008f32        0x2 
 .text.__swsetup_r
                0x08008f34       0xac E:/workspace/ST/STM32CubeIDE_1.15.0/STM32CubeIDE/plugins/com.st.stm32cube.ide.mcu.externaltools.gnu-tools-for-stm32.12.3.rel1.win32_1.0.100.202403111256/tools/bin/../lib/gcc/arm-none-eabi/12.3.1/../../../../arm-none-eabi/lib/thumb/v7-m/nofp\libc_nano.a(libc_a-wsetup.o)
                0x08008f34                __swsetup_r
 .text.memcmp   0x08008fe0       0x20 E:/workspace/ST/STM32CubeIDE_1.15.0/STM32CubeIDE/plugins/com.st.stm32cube.ide.mcu.externaltools.gnu-tools-for-stm32.12.3.rel1.win32_1.0.100.202403111256/tools/bin/../lib/gcc/arm-none-eabi/12.3.1/../../../../arm-none-eabi/lib/thumb/v7-m/nofp\libc_nano.a(libc_a-memcmp.o)
                0x08008fe0                memcmp
 .text.memset   0x08009000       0x10 E:/workspace/ST/STM32CubeIDE_1.15.0/STM32CubeIDE/plugins/com.st.stm32cube.ide.mcu.externaltools.gnu-tools-for-stm32.12.3.rel1.win32_1.0.100.202403111256/tools/bin/../lib/gcc/arm-none-eabi/12.3.1/../../../../arm-none-eabi/lib/thumb/v7-m/nofp\libc_nano.a(libc_a-memset.o)
                0x08009000                memset
 .text._close_r
                0x08009010       0x20 E:/workspace/ST/STM32CubeIDE_1.15.0/STM32CubeIDE/plugins/com.st.stm32cube.ide.mcu.externaltools.gnu-tools-for-stm32.12.3.rel1.win32_1.0.100.202403111256/tools/bin/../lib/gcc/arm-none-eabi/12.3.1/../../../../arm-none-eabi/lib/thumb/v7-m/nofp\libc_nano.a(libc_a-closer.o)
                0x08009010                _close_r
 .text._lseek_r
                0x08009030       0x24 E:/workspace/ST/STM32CubeIDE_1.15.0/STM32CubeIDE/plugins/com.st.stm32cube.ide.mcu.externaltools.gnu-tools-for-stm32.12.3.rel1.win32_1.0.100.202403111256/tools/bin/../lib/gcc/arm-none-eabi/12.3.1/../../../../arm-none-eabi/lib/thumb/v7-m/nofp\libc_nano.a(libc_a-lseekr.o)
                0x08009030                _lseek_r
 .text._read_r  0x08009054       0x24 E:/workspace/ST/STM32CubeIDE_1.15.0/STM32CubeIDE/plugins/com.st.stm32cube.ide.mcu.externaltools.gnu-tools-for-stm32.12.3.rel1.win32_1.0.100.202403111256/tools/bin/../lib/gcc/arm-none-eabi/12.3.1/../../../../arm-none-eabi/lib/thumb/v7-m/nofp\libc_nano.a(libc_a-readr.o)
                0x08009054                _read_r
 .text._write_r
                0x08009078       0x24 E:/workspace/ST/STM32CubeIDE_1.15.0/STM32CubeIDE/plugins/com.st.stm32cube.ide.mcu.externaltools.gnu-tools-for-stm32.12.3.rel1.win32_1.0.100.202403111256/tools/bin/../lib/gcc/arm-none-eabi/12.3.1/../../../../arm-none-eabi/lib/thumb/v7-m/nofp\libc_nano.a(libc_a-writer.o)
                0x08009078                _write_r
 .text.__errno  0x0800909c        0xc E:/workspace/ST/STM32CubeIDE_1.15.0/STM32CubeIDE/plugins/com.st.stm32cube.ide.mcu.externaltools.gnu-tools-for-stm32.12.3.rel1.win32_1.0.100.202403111256/tools/bin/../lib/gcc/arm-none-eabi/12.3.1/../../../../arm-none-eabi/lib/thumb/v7-m/nofp\libc_nano.a(libc_a-errno.o)
                0x0800909c                __errno
 .text.__libc_init_array
                0x080090a8       0x48 E:/workspace/ST/STM32CubeIDE_1.15.0/STM32CubeIDE/plugins/com.st.stm32cube.ide.mcu.externaltools.gnu-tools-for-stm32.12.3.rel1.win32_1.0.100.202403111256/tools/bin/../lib/gcc/arm-none-eabi/12.3.1/../../../../arm-none-eabi/lib/thumb/v7-m/nofp\libc_nano.a(libc_a-init.o)
                0x080090a8                __libc_init_array
 .text.__retarget_lock_init_recursive
                0x080090f0        0x2 E:/workspace/ST/STM32CubeIDE_1.15.0/STM32CubeIDE/plugins/com.st.stm32cube.ide.mcu.externaltools.gnu-tools-for-stm32.12.3.rel1.win32_1.0.100.202403111256/tools/bin/../lib/gcc/arm-none-eabi/12.3.1/../../../../arm-none-eabi/lib/thumb/v7-m/nofp\libc_nano.a(libc_a-lock.o)
                0x080090f0                __retarget_lock_init_recursive
 .text.__retarget_lock_acquire_recursive
                0x080090f2        0x2 E:/workspace/ST/STM32CubeIDE_1.15.0/STM32CubeIDE/plugins/com.st.stm32cube.ide.mcu.externaltools.gnu-tools-for-stm32.12.3.rel1.win32_1.0.100.202403111256/tools/bin/../lib/gcc/arm-none-eabi/12.3.1/../../../../arm-none-eabi/lib/thumb/v7-m/nofp\libc_nano.a(libc_a-lock.o)
                0x080090f2                __retarget_lock_acquire_recursive
 .text.__retarget_lock_release_recursive
                0x080090f4        0x2 E:/workspace/ST/STM32CubeIDE_1.15.0/STM32CubeIDE/plugins/com.st.stm32cube.ide.mcu.externaltools.gnu-tools-for-stm32.12.3.rel1.win32_1.0.100.202403111256/tools/bin/../lib/gcc/arm-none-eabi/12.3.1/../../../../arm-none-eabi/lib/thumb/v7-m/nofp\libc_nano.a(libc_a-lock.o)
                0x080090f4                __retarget_lock_release_recursive
 *fill*         0x080090f6        0x2 
 .text._free_r  0x080090f8       0x90 E:/workspace/ST/STM32CubeIDE_1.15.0/STM32CubeIDE/plugins/com.st.stm32cube.ide.mcu.externaltools.gnu-tools-for-stm32.12.3.rel1.win32_1.0.100.202403111256/tools/bin/../lib/gcc/arm-none-eabi/12.3.1/../../../../arm-none-eabi/lib/thumb/v7-m/nofp\libc_nano.a(libc_a-freer.o)
                0x080090f8                _free_r
 .text.malloc   0x08009188       0x10 E:/workspace/ST/STM32CubeIDE_1.15.0/STM32CubeIDE/plugins/com.st.stm32cube.ide.mcu.externaltools.gnu-tools-for-stm32.12.3.rel1.win32_1.0.100.202403111256/tools/bin/../lib/gcc/arm-none-eabi/12.3.1/../../../../arm-none-eabi/lib/thumb/v7-m/nofp\libc_nano.a(libc_a-malloc.o)
                0x08009188                malloc
 .text.sbrk_aligned
                0x08009198       0x44 E:/workspace/ST/STM32CubeIDE_1.15.0/STM32CubeIDE/plugins/com.st.stm32cube.ide.mcu.externaltools.gnu-tools-for-stm32.12.3.rel1.win32_1.0.100.202403111256/tools/bin/../lib/gcc/arm-none-eabi/12.3.1/../../../../arm-none-eabi/lib/thumb/v7-m/nofp\libc_nano.a(libc_a-mallocr.o)
 .text._malloc_r
                0x080091dc      0x100 E:/workspace/ST/STM32CubeIDE_1.15.0/STM32CubeIDE/plugins/com.st.stm32cube.ide.mcu.externaltools.gnu-tools-for-stm32.12.3.rel1.win32_1.0.100.202403111256/tools/bin/../lib/gcc/arm-none-eabi/12.3.1/../../../../arm-none-eabi/lib/thumb/v7-m/nofp\libc_nano.a(libc_a-mallocr.o)
                0x080091dc                _malloc_r
 .text.__malloc_lock
                0x080092dc        0xc E:/workspace/ST/STM32CubeIDE_1.15.0/STM32CubeIDE/plugins/com.st.stm32cube.ide.mcu.externaltools.gnu-tools-for-stm32.12.3.rel1.win32_1.0.100.202403111256/tools/bin/../lib/gcc/arm-none-eabi/12.3.1/../../../../arm-none-eabi/lib/thumb/v7-m/nofp\libc_nano.a(libc_a-mlock.o)
                0x080092dc                __malloc_lock
 .text.__malloc_unlock
                0x080092e8        0xc E:/workspace/ST/STM32CubeIDE_1.15.0/STM32CubeIDE/plugins/com.st.stm32cube.ide.mcu.externaltools.gnu-tools-for-stm32.12.3.rel1.win32_1.0.100.202403111256/tools/bin/../lib/gcc/arm-none-eabi/12.3.1/../../../../arm-none-eabi/lib/thumb/v7-m/nofp\libc_nano.a(libc_a-mlock.o)
                0x080092e8                __malloc_unlock
 .text.__sfputc_r
                0x080092f4       0x2a E:/workspace/ST/STM32CubeIDE_1.15.0/STM32CubeIDE/plugins/com.st.stm32cube.ide.mcu.externaltools.gnu-tools-for-stm32.12.3.rel1.win32_1.0.100.202403111256/tools/bin/../lib/gcc/arm-none-eabi/12.3.1/../../../../arm-none-eabi/lib/thumb/v7-m/nofp\libc_nano.a(libc_a-nano-vfprintf.o)
 .text.__sfputs_r
                0x0800931e       0x24 E:/workspace/ST/STM32CubeIDE_1.15.0/STM32CubeIDE/plugins/com.st.stm32cube.ide.mcu.externaltools.gnu-tools-for-stm32.12.3.rel1.win32_1.0.100.202403111256/tools/bin/../lib/gcc/arm-none-eabi/12.3.1/../../../../arm-none-eabi/lib/thumb/v7-m/nofp\libc_nano.a(libc_a-nano-vfprintf.o)
                0x0800931e                __sfputs_r
 *fill*         0x08009342        0x2 
 .text._vfprintf_r
                0x08009344      0x230 E:/workspace/ST/STM32CubeIDE_1.15.0/STM32CubeIDE/plugins/com.st.stm32cube.ide.mcu.externaltools.gnu-tools-for-stm32.12.3.rel1.win32_1.0.100.202403111256/tools/bin/../lib/gcc/arm-none-eabi/12.3.1/../../../../arm-none-eabi/lib/thumb/v7-m/nofp\libc_nano.a(libc_a-nano-vfprintf.o)
                0x08009344                _vfprintf_r
                0x08009344                _vfiprintf_r
 .text._printf_common
                0x08009574       0xe4 E:/workspace/ST/STM32CubeIDE_1.15.0/STM32CubeIDE/plugins/com.st.stm32cube.ide.mcu.externaltools.gnu-tools-for-stm32.12.3.rel1.win32_1.0.100.202403111256/tools/bin/../lib/gcc/arm-none-eabi/12.3.1/../../../../arm-none-eabi/lib/thumb/v7-m/nofp\libc_nano.a(libc_a-nano-vfprintf_i.o)
                0x08009574                _printf_common
 .text._printf_i
                0x08009658      0x240 E:/workspace/ST/STM32CubeIDE_1.15.0/STM32CubeIDE/plugins/com.st.stm32cube.ide.mcu.externaltools.gnu-tools-for-stm32.12.3.rel1.win32_1.0.100.202403111256/tools/bin/../lib/gcc/arm-none-eabi/12.3.1/../../../../arm-none-eabi/lib/thumb/v7-m/nofp\libc_nano.a(libc_a-nano-vfprintf_i.o)
                0x08009658                _printf_i
 .text.__sflush_r
                0x08009898      0x100 E:/workspace/ST/STM32CubeIDE_1.15.0/STM32CubeIDE/plugins/com.st.stm32cube.ide.mcu.externaltools.gnu-tools-for-stm32.12.3.rel1.win32_1.0.100.202403111256/tools/bin/../lib/gcc/arm-none-eabi/12.3.1/../../../../arm-none-eabi/lib/thumb/v7-m/nofp\libc_nano.a(libc_a-fflush.o)
                0x08009898                __sflush_r
 .text._fflush_r
                0x08009998       0x50 E:/workspace/ST/STM32CubeIDE_1.15.0/STM32CubeIDE/plugins/com.st.stm32cube.ide.mcu.externaltools.gnu-tools-for-stm32.12.3.rel1.win32_1.0.100.202403111256/tools/bin/../lib/gcc/arm-none-eabi/12.3.1/../../../../arm-none-eabi/lib/thumb/v7-m/nofp\libc_nano.a(libc_a-fflush.o)
                0x08009998                _fflush_r
 .text.__swhatbuf_r
                0x080099e8       0x4a E:/workspace/ST/STM32CubeIDE_1.15.0/STM32CubeIDE/plugins/com.st.stm32cube.ide.mcu.externaltools.gnu-tools-for-stm32.12.3.rel1.win32_1.0.100.202403111256/tools/bin/../lib/gcc/arm-none-eabi/12.3.1/../../../../arm-none-eabi/lib/thumb/v7-m/nofp\libc_nano.a(libc_a-makebuf.o)
                0x080099e8                __swhatbuf_r
 .text.__smakebuf_r
                0x08009a32       0x78 E:/workspace/ST/STM32CubeIDE_1.15.0/STM32CubeIDE/plugins/com.st.stm32cube.ide.mcu.externaltools.gnu-tools-for-stm32.12.3.rel1.win32_1.0.100.202403111256/tools/bin/../lib/gcc/arm-none-eabi/12.3.1/../../../../arm-none-eabi/lib/thumb/v7-m/nofp\libc_nano.a(libc_a-makebuf.o)
                0x08009a32                __smakebuf_r
 *fill*         0x08009aaa        0x2 
 .text._fstat_r
                0x08009aac       0x24 E:/workspace/ST/STM32CubeIDE_1.15.0/STM32CubeIDE/plugins/com.st.stm32cube.ide.mcu.externaltools.gnu-tools-for-stm32.12.3.rel1.win32_1.0.100.202403111256/tools/bin/../lib/gcc/arm-none-eabi/12.3.1/../../../../arm-none-eabi/lib/thumb/v7-m/nofp\libc_nano.a(libc_a-fstatr.o)
                0x08009aac                _fstat_r
 .text._isatty_r
                0x08009ad0       0x20 E:/workspace/ST/STM32CubeIDE_1.15.0/STM32CubeIDE/plugins/com.st.stm32cube.ide.mcu.externaltools.gnu-tools-for-stm32.12.3.rel1.win32_1.0.100.202403111256/tools/bin/../lib/gcc/arm-none-eabi/12.3.1/../../../../arm-none-eabi/lib/thumb/v7-m/nofp\libc_nano.a(libc_a-isattyr.o)
                0x08009ad0                _isatty_r
 .text._sbrk_r  0x08009af0       0x20 E:/workspace/ST/STM32CubeIDE_1.15.0/STM32CubeIDE/plugins/com.st.stm32cube.ide.mcu.externaltools.gnu-tools-for-stm32.12.3.rel1.win32_1.0.100.202403111256/tools/bin/../lib/gcc/arm-none-eabi/12.3.1/../../../../arm-none-eabi/lib/thumb/v7-m/nofp\libc_nano.a(libc_a-sbrkr.o)
                0x08009af0                _sbrk_r
 .text.memchr   0x08009b10       0x1c E:/workspace/ST/STM32CubeIDE_1.15.0/STM32CubeIDE/plugins/com.st.stm32cube.ide.mcu.externaltools.gnu-tools-for-stm32.12.3.rel1.win32_1.0.100.202403111256/tools/bin/../lib/gcc/arm-none-eabi/12.3.1/../../../../arm-none-eabi/lib/thumb/v7-m/nofp\libc_nano.a(libc_a-memchr-stub.o)
                0x08009b10                memchr
 .text.asin     0x08009b2c       0x50 E:/workspace/ST/STM32CubeIDE_1.15.0/STM32CubeIDE/plugins/com.st.stm32cube.ide.mcu.externaltools.gnu-tools-for-stm32.12.3.rel1.win32_1.0.100.202403111256/tools/bin/../lib/gcc/arm-none-eabi/12.3.1/../../../../arm-none-eabi/lib/thumb/v7-m/nofp\libm.a(libm_a-w_asin.o)
                0x08009b2c                asin
 .text.atan2    0x08009b7c        0x4 E:/workspace/ST/STM32CubeIDE_1.15.0/STM32CubeIDE/plugins/com.st.stm32cube.ide.mcu.externaltools.gnu-tools-for-stm32.12.3.rel1.win32_1.0.100.202403111256/tools/bin/../lib/gcc/arm-none-eabi/12.3.1/../../../../arm-none-eabi/lib/thumb/v7-m/nofp\libm.a(libm_a-w_atan2.o)
                0x08009b7c                atan2
 .text.pow      0x08009b80       0xd0 E:/workspace/ST/STM32CubeIDE_1.15.0/STM32CubeIDE/plugins/com.st.stm32cube.ide.mcu.externaltools.gnu-tools-for-stm32.12.3.rel1.win32_1.0.100.202403111256/tools/bin/../lib/gcc/arm-none-eabi/12.3.1/../../../../arm-none-eabi/lib/thumb/v7-m/nofp\libm.a(libm_a-w_pow.o)
                0x08009b80                pow
 .text.fabs     0x08009c50        0x8 E:/workspace/ST/STM32CubeIDE_1.15.0/STM32CubeIDE/plugins/com.st.stm32cube.ide.mcu.externaltools.gnu-tools-for-stm32.12.3.rel1.win32_1.0.100.202403111256/tools/bin/../lib/gcc/arm-none-eabi/12.3.1/../../../../arm-none-eabi/lib/thumb/v7-m/nofp\libm.a(libm_a-s_fabs.o)
                0x08009c50                fabs
 .text.finite   0x08009c58        0xc E:/workspace/ST/STM32CubeIDE_1.15.0/STM32CubeIDE/plugins/com.st.stm32cube.ide.mcu.externaltools.gnu-tools-for-stm32.12.3.rel1.win32_1.0.100.202403111256/tools/bin/../lib/gcc/arm-none-eabi/12.3.1/../../../../arm-none-eabi/lib/thumb/v7-m/nofp\libm.a(libm_a-s_finite.o)
                0x08009c58                finite
 .text.nan      0x08009c64        0xc E:/workspace/ST/STM32CubeIDE_1.15.0/STM32CubeIDE/plugins/com.st.stm32cube.ide.mcu.externaltools.gnu-tools-for-stm32.12.3.rel1.win32_1.0.100.202403111256/tools/bin/../lib/gcc/arm-none-eabi/12.3.1/../../../../arm-none-eabi/lib/thumb/v7-m/nofp\libm.a(libm_a-s_nan.o)
                0x08009c64                nan
 .text.__ieee754_asin
                0x08009c70      0x3f8 E:/workspace/ST/STM32CubeIDE_1.15.0/STM32CubeIDE/plugins/com.st.stm32cube.ide.mcu.externaltools.gnu-tools-for-stm32.12.3.rel1.win32_1.0.100.202403111256/tools/bin/../lib/gcc/arm-none-eabi/12.3.1/../../../../arm-none-eabi/lib/thumb/v7-m/nofp\libm.a(libm_a-e_asin.o)
                0x08009c70                __ieee754_asin
 .text.__ieee754_atan2
                0x0800a068      0x1a4 E:/workspace/ST/STM32CubeIDE_1.15.0/STM32CubeIDE/plugins/com.st.stm32cube.ide.mcu.externaltools.gnu-tools-for-stm32.12.3.rel1.win32_1.0.100.202403111256/tools/bin/../lib/gcc/arm-none-eabi/12.3.1/../../../../arm-none-eabi/lib/thumb/v7-m/nofp\libm.a(libm_a-e_atan2.o)
                0x0800a068                __ieee754_atan2
 *fill*         0x0800a20c        0x4 
 .text.__ieee754_pow
                0x0800a210      0xa50 E:/workspace/ST/STM32CubeIDE_1.15.0/STM32CubeIDE/plugins/com.st.stm32cube.ide.mcu.externaltools.gnu-tools-for-stm32.12.3.rel1.win32_1.0.100.202403111256/tools/bin/../lib/gcc/arm-none-eabi/12.3.1/../../../../arm-none-eabi/lib/thumb/v7-m/nofp\libm.a(libm_a-e_pow.o)
                0x0800a210                __ieee754_pow
 .text.atan     0x0800ac60      0x320 E:/workspace/ST/STM32CubeIDE_1.15.0/STM32CubeIDE/plugins/com.st.stm32cube.ide.mcu.externaltools.gnu-tools-for-stm32.12.3.rel1.win32_1.0.100.202403111256/tools/bin/../lib/gcc/arm-none-eabi/12.3.1/../../../../arm-none-eabi/lib/thumb/v7-m/nofp\libm.a(libm_a-s_atan.o)
                0x0800ac60                atan
 .text.scalbn   0x0800af80       0xec E:/workspace/ST/STM32CubeIDE_1.15.0/STM32CubeIDE/plugins/com.st.stm32cube.ide.mcu.externaltools.gnu-tools-for-stm32.12.3.rel1.win32_1.0.100.202403111256/tools/bin/../lib/gcc/arm-none-eabi/12.3.1/../../../../arm-none-eabi/lib/thumb/v7-m/nofp\libm.a(libm_a-s_scalbn.o)
                0x0800af80                scalbn
 .text.with_errno
                0x0800b06c       0x14 E:/workspace/ST/STM32CubeIDE_1.15.0/STM32CubeIDE/plugins/com.st.stm32cube.ide.mcu.externaltools.gnu-tools-for-stm32.12.3.rel1.win32_1.0.100.202403111256/tools/bin/../lib/gcc/arm-none-eabi/12.3.1/../../../../arm-none-eabi/lib/thumb/v7-m/nofp\libm.a(libm_a-math_err.o)
 .text.xflow    0x0800b080       0x26 E:/workspace/ST/STM32CubeIDE_1.15.0/STM32CubeIDE/plugins/com.st.stm32cube.ide.mcu.externaltools.gnu-tools-for-stm32.12.3.rel1.win32_1.0.100.202403111256/tools/bin/../lib/gcc/arm-none-eabi/12.3.1/../../../../arm-none-eabi/lib/thumb/v7-m/nofp\libm.a(libm_a-math_err.o)
 .text.__math_uflow
                0x0800b0a6        0xa E:/workspace/ST/STM32CubeIDE_1.15.0/STM32CubeIDE/plugins/com.st.stm32cube.ide.mcu.externaltools.gnu-tools-for-stm32.12.3.rel1.win32_1.0.100.202403111256/tools/bin/../lib/gcc/arm-none-eabi/12.3.1/../../../../arm-none-eabi/lib/thumb/v7-m/nofp\libm.a(libm_a-math_err.o)
                0x0800b0a6                __math_uflow
 .text.__math_oflow
                0x0800b0b0        0xa E:/workspace/ST/STM32CubeIDE_1.15.0/STM32CubeIDE/plugins/com.st.stm32cube.ide.mcu.externaltools.gnu-tools-for-stm32.12.3.rel1.win32_1.0.100.202403111256/tools/bin/../lib/gcc/arm-none-eabi/12.3.1/../../../../arm-none-eabi/lib/thumb/v7-m/nofp\libm.a(libm_a-math_err.o)
                0x0800b0b0                __math_oflow
 *fill*         0x0800b0ba        0x2 
 .text.__ieee754_sqrt
                0x0800b0bc      0x1ac E:/workspace/ST/STM32CubeIDE_1.15.0/STM32CubeIDE/plugins/com.st.stm32cube.ide.mcu.externaltools.gnu-tools-for-stm32.12.3.rel1.win32_1.0.100.202403111256/tools/bin/../lib/gcc/arm-none-eabi/12.3.1/../../../../arm-none-eabi/lib/thumb/v7-m/nofp\libm.a(libm_a-e_sqrt.o)
                0x0800b0bc                __ieee754_sqrt
 *(.glue_7)
 .glue_7        0x0800b268        0x0 linker stubs
 *(.glue_7t)
 .glue_7t       0x0800b268        0x0 linker stubs
 *(.eh_frame)
 .eh_frame      0x0800b268        0x0 E:/workspace/ST/STM32CubeIDE_1.15.0/STM32CubeIDE/plugins/com.st.stm32cube.ide.mcu.externaltools.gnu-tools-for-stm32.12.3.rel1.win32_1.0.100.202403111256/tools/bin/../lib/gcc/arm-none-eabi/12.3.1/thumb/v7-m/nofp/crtbegin.o
 *(.init)
 .init          0x0800b268        0x4 E:/workspace/ST/STM32CubeIDE_1.15.0/STM32CubeIDE/plugins/com.st.stm32cube.ide.mcu.externaltools.gnu-tools-for-stm32.12.3.rel1.win32_1.0.100.202403111256/tools/bin/../lib/gcc/arm-none-eabi/12.3.1/thumb/v7-m/nofp/crti.o
                0x0800b268                _init
 .init          0x0800b26c        0x8 E:/workspace/ST/STM32CubeIDE_1.15.0/STM32CubeIDE/plugins/com.st.stm32cube.ide.mcu.externaltools.gnu-tools-for-stm32.12.3.rel1.win32_1.0.100.202403111256/tools/bin/../lib/gcc/arm-none-eabi/12.3.1/thumb/v7-m/nofp/crtn.o
 *(.fini)
 .fini          0x0800b274        0x4 E:/workspace/ST/STM32CubeIDE_1.15.0/STM32CubeIDE/plugins/com.st.stm32cube.ide.mcu.externaltools.gnu-tools-for-stm32.12.3.rel1.win32_1.0.100.202403111256/tools/bin/../lib/gcc/arm-none-eabi/12.3.1/thumb/v7-m/nofp/crti.o
                0x0800b274                _fini
 .fini          0x0800b278        0x8 E:/workspace/ST/STM32CubeIDE_1.15.0/STM32CubeIDE/plugins/com.st.stm32cube.ide.mcu.externaltools.gnu-tools-for-stm32.12.3.rel1.win32_1.0.100.202403111256/tools/bin/../lib/gcc/arm-none-eabi/12.3.1/thumb/v7-m/nofp/crtn.o
                0x0800b280                        . = ALIGN (0x4)
                0x0800b280                        _etext = .

.vfp11_veneer   0x0800b280        0x0
 .vfp11_veneer  0x0800b280        0x0 linker stubs

.v4_bx          0x0800b280        0x0
 .v4_bx         0x0800b280        0x0 linker stubs

.iplt           0x0800b280        0x0
 .iplt          0x0800b280        0x0 E:/workspace/ST/STM32CubeIDE_1.15.0/STM32CubeIDE/plugins/com.st.stm32cube.ide.mcu.externaltools.gnu-tools-for-stm32.12.3.rel1.win32_1.0.100.202403111256/tools/bin/../lib/gcc/arm-none-eabi/12.3.1/thumb/v7-m/nofp/crtbegin.o

.rodata         0x0800b280     0x1a70
                0x0800b280                        . = ALIGN (0x4)
 *(.rodata)
 .rodata        0x0800b280       0x20 ./WHEELTEC/KF.o
 *(.rodata*)
 .rodata.oled_asc2_1608
                0x0800b2a0      0x5f0 ./BSPcode/oled.o
                0x0800b2a0                oled_asc2_1608
 .rodata.oled_asc2_1206
                0x0800b890      0x474 ./BSPcode/oled.o
                0x0800b890                oled_asc2_1206
 .rodata.APBPrescTable
                0x0800bd04        0x8 ./Core/Src/system_stm32f1xx.o
                0x0800bd04                APBPrescTable
 .rodata.AHBPrescTable
                0x0800bd0c       0x10 ./Core/Src/system_stm32f1xx.o
                0x0800bd0c                AHBPrescTable
 .rodata.HAL_RCC_GetSysClockFreq.str1.1
                0x0800bd1c       0x11 ./Drivers/STM32F1xx_HAL_Driver/Src/stm32f1xx_hal_rcc.o
 .rodata.HAL_RCCEx_GetPeriphCLKFreq.str1.1
                0x0800bd2d       0x11 ./Drivers/STM32F1xx_HAL_Driver/Src/stm32f1xx_hal_rcc_ex.o
 .rodata.mul.str1.1
                0x0800bd2d       0x17 ./WHEELTEC/KF.o
 .rodata.DMP_Init.str1.1
                0x0800bd44      0x129 ./WHEELTEC/MPU6050.o
 .rodata.mpu_init.str1.1
                0x0800be6d       0x91 ./WHEELTEC/inv_mpu.o
 *fill*         0x0800befe        0x2 
 .rodata.test   0x0800bf00       0x28 ./WHEELTEC/inv_mpu.o
                0x0800bf00                test
 .rodata.reg    0x0800bf28       0x1b ./WHEELTEC/inv_mpu.o
                0x0800bf28                reg
 *fill*         0x0800bf43        0x1 
 .rodata.hw     0x0800bf44        0xc ./WHEELTEC/inv_mpu.o
                0x0800bf44                hw
 .rodata.dmp_enable_gyro_cal.part.0.str1.1
                0x0800bf50        0xa ./WHEELTEC/inv_mpu_dmp_motion_driver.o
 .rodata.dmp_set_orientation.str1.1
                0x0800bf5a       0x10 ./WHEELTEC/inv_mpu_dmp_motion_driver.o
 .rodata.dmp_set_fifo_rate.str1.1
                0x0800bf6a        0xd ./WHEELTEC/inv_mpu_dmp_motion_driver.o
 .rodata.dmp_enable_gyro_cal.str1.1
                0x0800bf77        0xa ./WHEELTEC/inv_mpu_dmp_motion_driver.o
 .rodata.dmp_memory
                0x0800bf81      0xbf6 ./WHEELTEC/inv_mpu_dmp_motion_driver.o
 .rodata.oled_show.str1.1
                0x0800cb77       0x64 ./WHEELTEC/show.o
                                 0x66 (size before relaxing)
 .rodata.APP_Show.str1.1
                0x0800cbdb       0x3c ./WHEELTEC/show.o
 .rodata._vfprintf_r.str1.1
                0x0800cc17       0x11 E:/workspace/ST/STM32CubeIDE_1.15.0/STM32CubeIDE/plugins/com.st.stm32cube.ide.mcu.externaltools.gnu-tools-for-stm32.12.3.rel1.win32_1.0.100.202403111256/tools/bin/../lib/gcc/arm-none-eabi/12.3.1/../../../../arm-none-eabi/lib/thumb/v7-m/nofp\libc_nano.a(libc_a-nano-vfprintf.o)
 .rodata._printf_i.str1.1
                0x0800cc28       0x22 E:/workspace/ST/STM32CubeIDE_1.15.0/STM32CubeIDE/plugins/com.st.stm32cube.ide.mcu.externaltools.gnu-tools-for-stm32.12.3.rel1.win32_1.0.100.202403111256/tools/bin/../lib/gcc/arm-none-eabi/12.3.1/../../../../arm-none-eabi/lib/thumb/v7-m/nofp\libc_nano.a(libc_a-nano-vfprintf_i.o)
 .rodata.asin.str1.1
                0x0800cc4a       0x22 E:/workspace/ST/STM32CubeIDE_1.15.0/STM32CubeIDE/plugins/com.st.stm32cube.ide.mcu.externaltools.gnu-tools-for-stm32.12.3.rel1.win32_1.0.100.202403111256/tools/bin/../lib/gcc/arm-none-eabi/12.3.1/../../../../arm-none-eabi/lib/thumb/v7-m/nofp\libm.a(libm_a-w_asin.o)
                                  0x1 (size before relaxing)
 *fill*         0x0800cc4a        0x6 
 .rodata.CSWTCH.9
                0x0800cc50       0x18 E:/workspace/ST/STM32CubeIDE_1.15.0/STM32CubeIDE/plugins/com.st.stm32cube.ide.mcu.externaltools.gnu-tools-for-stm32.12.3.rel1.win32_1.0.100.202403111256/tools/bin/../lib/gcc/arm-none-eabi/12.3.1/../../../../arm-none-eabi/lib/thumb/v7-m/nofp\libm.a(libm_a-e_atan2.o)
 .rodata.CSWTCH.8
                0x0800cc68       0x18 E:/workspace/ST/STM32CubeIDE_1.15.0/STM32CubeIDE/plugins/com.st.stm32cube.ide.mcu.externaltools.gnu-tools-for-stm32.12.3.rel1.win32_1.0.100.202403111256/tools/bin/../lib/gcc/arm-none-eabi/12.3.1/../../../../arm-none-eabi/lib/thumb/v7-m/nofp\libm.a(libm_a-e_atan2.o)
 .rodata.dp_l   0x0800cc80       0x10 E:/workspace/ST/STM32CubeIDE_1.15.0/STM32CubeIDE/plugins/com.st.stm32cube.ide.mcu.externaltools.gnu-tools-for-stm32.12.3.rel1.win32_1.0.100.202403111256/tools/bin/../lib/gcc/arm-none-eabi/12.3.1/../../../../arm-none-eabi/lib/thumb/v7-m/nofp\libm.a(libm_a-e_pow.o)
 .rodata.dp_h   0x0800cc90       0x10 E:/workspace/ST/STM32CubeIDE_1.15.0/STM32CubeIDE/plugins/com.st.stm32cube.ide.mcu.externaltools.gnu-tools-for-stm32.12.3.rel1.win32_1.0.100.202403111256/tools/bin/../lib/gcc/arm-none-eabi/12.3.1/../../../../arm-none-eabi/lib/thumb/v7-m/nofp\libm.a(libm_a-e_pow.o)
 .rodata.bp     0x0800cca0       0x10 E:/workspace/ST/STM32CubeIDE_1.15.0/STM32CubeIDE/plugins/com.st.stm32cube.ide.mcu.externaltools.gnu-tools-for-stm32.12.3.rel1.win32_1.0.100.202403111256/tools/bin/../lib/gcc/arm-none-eabi/12.3.1/../../../../arm-none-eabi/lib/thumb/v7-m/nofp\libm.a(libm_a-e_pow.o)
 .rodata.atanlo
                0x0800ccb0       0x20 E:/workspace/ST/STM32CubeIDE_1.15.0/STM32CubeIDE/plugins/com.st.stm32cube.ide.mcu.externaltools.gnu-tools-for-stm32.12.3.rel1.win32_1.0.100.202403111256/tools/bin/../lib/gcc/arm-none-eabi/12.3.1/../../../../arm-none-eabi/lib/thumb/v7-m/nofp\libm.a(libm_a-s_atan.o)
 .rodata.atanhi
                0x0800ccd0       0x20 E:/workspace/ST/STM32CubeIDE_1.15.0/STM32CubeIDE/plugins/com.st.stm32cube.ide.mcu.externaltools.gnu-tools-for-stm32.12.3.rel1.win32_1.0.100.202403111256/tools/bin/../lib/gcc/arm-none-eabi/12.3.1/../../../../arm-none-eabi/lib/thumb/v7-m/nofp\libm.a(libm_a-s_atan.o)
                0x0800ccf0                        . = ALIGN (0x4)

.ARM.extab      0x0800ccf0        0x0
                0x0800ccf0                        . = ALIGN (0x4)
 *(.ARM.extab* .gnu.linkonce.armextab.*)
                0x0800ccf0                        . = ALIGN (0x4)

.ARM            0x0800ccf0        0x8
                0x0800ccf0                        . = ALIGN (0x4)
                0x0800ccf0                        __exidx_start = .
 *(.ARM.exidx*)
 .ARM.exidx     0x0800ccf0        0x8 E:/workspace/ST/STM32CubeIDE_1.15.0/STM32CubeIDE/plugins/com.st.stm32cube.ide.mcu.externaltools.gnu-tools-for-stm32.12.3.rel1.win32_1.0.100.202403111256/tools/bin/../lib/gcc/arm-none-eabi/12.3.1/thumb/v7-m/nofp\libgcc.a(_udivmoddi4.o)
                0x0800ccf8                        __exidx_end = .
                0x0800ccf8                        . = ALIGN (0x4)

.rel.dyn        0x0800ccf8        0x0
 .rel.iplt      0x0800ccf8        0x0 E:/workspace/ST/STM32CubeIDE_1.15.0/STM32CubeIDE/plugins/com.st.stm32cube.ide.mcu.externaltools.gnu-tools-for-stm32.12.3.rel1.win32_1.0.100.202403111256/tools/bin/../lib/gcc/arm-none-eabi/12.3.1/thumb/v7-m/nofp/crtbegin.o

.preinit_array  0x0800ccf8        0x0
                0x0800ccf8                        . = ALIGN (0x4)
                0x0800ccf8                        PROVIDE (__preinit_array_start = .)
 *(.preinit_array*)
                0x0800ccf8                        PROVIDE (__preinit_array_end = .)
                0x0800ccf8                        . = ALIGN (0x4)

.init_array     0x0800ccf8        0x4
                0x0800ccf8                        . = ALIGN (0x4)
                0x0800ccf8                        PROVIDE (__init_array_start = .)
 *(SORT_BY_NAME(.init_array.*))
 *(.init_array*)
 .init_array    0x0800ccf8        0x4 E:/workspace/ST/STM32CubeIDE_1.15.0/STM32CubeIDE/plugins/com.st.stm32cube.ide.mcu.externaltools.gnu-tools-for-stm32.12.3.rel1.win32_1.0.100.202403111256/tools/bin/../lib/gcc/arm-none-eabi/12.3.1/thumb/v7-m/nofp/crtbegin.o
                0x0800ccfc                        PROVIDE (__init_array_end = .)
                0x0800ccfc                        . = ALIGN (0x4)

.fini_array     0x0800ccfc        0x4
                0x0800ccfc                        . = ALIGN (0x4)
                [!provide]                        PROVIDE (__fini_array_start = .)
 *(SORT_BY_NAME(.fini_array.*))
 *(.fini_array*)
 .fini_array    0x0800ccfc        0x4 E:/workspace/ST/STM32CubeIDE_1.15.0/STM32CubeIDE/plugins/com.st.stm32cube.ide.mcu.externaltools.gnu-tools-for-stm32.12.3.rel1.win32_1.0.100.202403111256/tools/bin/../lib/gcc/arm-none-eabi/12.3.1/thumb/v7-m/nofp/crtbegin.o
                [!provide]                        PROVIDE (__fini_array_end = .)
                0x0800cd00                        . = ALIGN (0x4)
                0x0800cd00                        _sidata = LOADADDR (.data)

.data           0x20000000      0x3a0 load address 0x0800cd00
                0x20000000                        . = ALIGN (0x4)
                0x20000000                        _sdata = .
 *(.data)
 *(.data*)
 .data.Turn_Kp  0x20000000        0x4 ./Core/Src/main.o
                0x20000000                Turn_Kp
 .data.Velocity_Ki
                0x20000004        0x4 ./Core/Src/main.o
                0x20000004                Velocity_Ki
 .data.Velocity_Kp
                0x20000008        0x4 ./Core/Src/main.o
                0x20000008                Velocity_Kp
 .data.Balance_Kd
                0x2000000c        0x4 ./Core/Src/main.o
                0x2000000c                Balance_Kd
 .data.Balance_Kp
                0x20000010        0x4 ./Core/Src/main.o
                0x20000010                Balance_Kp
 .data.Flag_Stop
                0x20000014        0x1 ./Core/Src/main.o
                0x20000014                Flag_Stop
 .data.Flag_velocity
                0x20000015        0x1 ./Core/Src/main.o
                0x20000015                Flag_velocity
 .data.Way_Angle
                0x20000016        0x1 ./Core/Src/main.o
                0x20000016                Way_Angle
 *fill*         0x20000017        0x1 
 .data.SystemCoreClock
                0x20000018        0x4 ./Core/Src/system_stm32f1xx.o
                0x20000018                SystemCoreClock
 .data.uwTickFreq
                0x2000001c        0x1 ./Drivers/STM32F1xx_HAL_Driver/Src/stm32f1xx_hal.o
                0x2000001c                uwTickFreq
 *fill*         0x2000001d        0x3 
 .data.uwTickPrio
                0x20000020        0x4 ./Drivers/STM32F1xx_HAL_Driver/Src/stm32f1xx_hal.o
                0x20000020                uwTickPrio
 .data.p_hat.4  0x20000024       0x10 ./WHEELTEC/KF.o
 .data.p_hat.9  0x20000034       0x10 ./WHEELTEC/KF.o
 .data.gyro_orientation
                0x20000044        0x9 ./WHEELTEC/MPU6050.o
 *fill*         0x2000004d        0x3 
 .data.q0       0x20000050        0x4 ./WHEELTEC/MPU6050.o
                0x20000050                q0
 .data.job_dir  0x20000054       0x30 ./WHEELTEC/control.o
                0x20000054                job_dir
 .data.job_list
                0x20000084       0xf0 ./WHEELTEC/control.o
                0x20000084                job_list
 .data.sin100   0x20000174      0x190 ./WHEELTEC/control.o
                0x20000174                sin100
 .data.dt       0x20000304        0x4 ./WHEELTEC/filter.o
                0x20000304                dt
 .data.st       0x20000308       0x2c ./WHEELTEC/inv_mpu.o
 .data.__sglue  0x20000334        0xc E:/workspace/ST/STM32CubeIDE_1.15.0/STM32CubeIDE/plugins/com.st.stm32cube.ide.mcu.externaltools.gnu-tools-for-stm32.12.3.rel1.win32_1.0.100.202403111256/tools/bin/../lib/gcc/arm-none-eabi/12.3.1/../../../../arm-none-eabi/lib/thumb/v7-m/nofp\libc_nano.a(libc_a-findfp.o)
                0x20000334                __sglue
 .data._impure_ptr
                0x20000340        0x4 E:/workspace/ST/STM32CubeIDE_1.15.0/STM32CubeIDE/plugins/com.st.stm32cube.ide.mcu.externaltools.gnu-tools-for-stm32.12.3.rel1.win32_1.0.100.202403111256/tools/bin/../lib/gcc/arm-none-eabi/12.3.1/../../../../arm-none-eabi/lib/thumb/v7-m/nofp\libc_nano.a(libc_a-impure.o)
                0x20000340                _impure_ptr
 .data._impure_data
                0x20000344       0x4c E:/workspace/ST/STM32CubeIDE_1.15.0/STM32CubeIDE/plugins/com.st.stm32cube.ide.mcu.externaltools.gnu-tools-for-stm32.12.3.rel1.win32_1.0.100.202403111256/tools/bin/../lib/gcc/arm-none-eabi/12.3.1/../../../../arm-none-eabi/lib/thumb/v7-m/nofp\libc_nano.a(libc_a-impure.o)
                0x20000344                _impure_data
 .data.tiny     0x20000390        0x8 E:/workspace/ST/STM32CubeIDE_1.15.0/STM32CubeIDE/plugins/com.st.stm32cube.ide.mcu.externaltools.gnu-tools-for-stm32.12.3.rel1.win32_1.0.100.202403111256/tools/bin/../lib/gcc/arm-none-eabi/12.3.1/../../../../arm-none-eabi/lib/thumb/v7-m/nofp\libm.a(libm_a-e_sqrt.o)
 .data.one      0x20000398        0x8 E:/workspace/ST/STM32CubeIDE_1.15.0/STM32CubeIDE/plugins/com.st.stm32cube.ide.mcu.externaltools.gnu-tools-for-stm32.12.3.rel1.win32_1.0.100.202403111256/tools/bin/../lib/gcc/arm-none-eabi/12.3.1/../../../../arm-none-eabi/lib/thumb/v7-m/nofp\libm.a(libm_a-e_sqrt.o)
 *(.RamFunc)
 *(.RamFunc*)
                0x200003a0                        . = ALIGN (0x4)
                0x200003a0                        _edata = .

.igot.plt       0x200003a0        0x0 load address 0x0800d0a0
 .igot.plt      0x200003a0        0x0 E:/workspace/ST/STM32CubeIDE_1.15.0/STM32CubeIDE/plugins/com.st.stm32cube.ide.mcu.externaltools.gnu-tools-for-stm32.12.3.rel1.win32_1.0.100.202403111256/tools/bin/../lib/gcc/arm-none-eabi/12.3.1/thumb/v7-m/nofp/crtbegin.o
                0x200003a0                        . = ALIGN (0x4)

.bss            0x200003a0      0x8e8 load address 0x0800d0a0
                0x200003a0                        _sbss = .
                0x200003a0                        __bss_start__ = _sbss
 *(.bss)
 .bss           0x200003a0       0x1c E:/workspace/ST/STM32CubeIDE_1.15.0/STM32CubeIDE/plugins/com.st.stm32cube.ide.mcu.externaltools.gnu-tools-for-stm32.12.3.rel1.win32_1.0.100.202403111256/tools/bin/../lib/gcc/arm-none-eabi/12.3.1/thumb/v7-m/nofp/crtbegin.o
 *(.bss*)
 .bss.temp.0    0x200003bc        0x4 ./BSPcode/LED.o
 .bss.i_ms      0x200003c0        0x2 ./BSPcode/delay.o
                0x200003c0                i_ms
 .bss.i_us      0x200003c2        0x2 ./BSPcode/delay.o
                0x200003c2                i_us
 .bss.dwt_us    0x200003c4        0x4 ./BSPcode/delay.o
                0x200003c4                dwt_us
 .bss.Long_Press_count.0
                0x200003c8        0x2 ./BSPcode/key.o
 .bss.Long_Press.1
                0x200003ca        0x2 ./BSPcode/key.o
 .bss.count_single.3
                0x200003cc        0x2 ./BSPcode/key.o
 .bss.double_key.4
                0x200003ce        0x1 ./BSPcode/key.o
 .bss.count_key.5
                0x200003cf        0x1 ./BSPcode/key.o
 .bss.flag_key.6
                0x200003d0        0x1 ./BSPcode/key.o
 *fill*         0x200003d1        0x1 
 .bss.Forever_count.7