Archive member included to satisfy reference by file (symbol)

E:/workspace/ST/STM32CubeIDE_1.15.0/STM32CubeIDE/plugins/com.st.stm32cube.ide.mcu.externaltools.gnu-tools-for-stm32.12.3.rel1.win32_1.0.100.202403111256/tools/bin/../lib/gcc/arm-none-eabi/12.3.1/../../../../arm-none-eabi/lib/thumb/v7-m/nofp\libc_nano.a(libc_a-exit.o)
                              E:/workspace/ST/STM32CubeIDE_1.15.0/STM32CubeIDE/plugins/com.st.stm32cube.ide.mcu.externaltools.gnu-tools-for-stm32.12.3.rel1.win32_1.0.100.202403111256/tools/bin/../lib/gcc/arm-none-eabi/12.3.1/../../../../arm-none-eabi/lib/thumb/v7-m/nofp/crt0.o (exit)
E:/workspace/ST/STM32CubeIDE_1.15.0/STM32CubeIDE/plugins/com.st.stm32cube.ide.mcu.externaltools.gnu-tools-for-stm32.12.3.rel1.win32_1.0.100.202403111256/tools/bin/../lib/gcc/arm-none-eabi/12.3.1/../../../../arm-none-eabi/lib/thumb/v7-m/nofp\libc_nano.a(libc_a-findfp.o)
                              E:/workspace/ST/STM32CubeIDE_1.15.0/STM32CubeIDE/plugins/com.st.stm32cube.ide.mcu.externaltools.gnu-tools-for-stm32.12.3.rel1.win32_1.0.100.202403111256/tools/bin/../lib/gcc/arm-none-eabi/12.3.1/../../../../arm-none-eabi/lib/thumb/v7-m/nofp\libc_nano.a(libc_a-exit.o) (__stdio_exit_handler)
E:/workspace/ST/STM32CubeIDE_1.15.0/STM32CubeIDE/plugins/com.st.stm32cube.ide.mcu.externaltools.gnu-tools-for-stm32.12.3.rel1.win32_1.0.100.202403111256/tools/bin/../lib/gcc/arm-none-eabi/12.3.1/../../../../arm-none-eabi/lib/thumb/v7-m/nofp\libc_nano.a(libc_a-fwalk.o)
                              E:/workspace/ST/STM32CubeIDE_1.15.0/STM32CubeIDE/plugins/com.st.stm32cube.ide.mcu.externaltools.gnu-tools-for-stm32.12.3.rel1.win32_1.0.100.202403111256/tools/bin/../lib/gcc/arm-none-eabi/12.3.1/../../../../arm-none-eabi/lib/thumb/v7-m/nofp\libc_nano.a(libc_a-findfp.o) (_fwalk_sglue)
E:/workspace/ST/STM32CubeIDE_1.15.0/STM32CubeIDE/plugins/com.st.stm32cube.ide.mcu.externaltools.gnu-tools-for-stm32.12.3.rel1.win32_1.0.100.202403111256/tools/bin/../lib/gcc/arm-none-eabi/12.3.1/../../../../arm-none-eabi/lib/thumb/v7-m/nofp\libc_nano.a(libc_a-printf.o)
                              ./WHEELTEC/KF.o (printf)
E:/workspace/ST/STM32CubeIDE_1.15.0/STM32CubeIDE/plugins/com.st.stm32cube.ide.mcu.externaltools.gnu-tools-for-stm32.12.3.rel1.win32_1.0.100.202403111256/tools/bin/../lib/gcc/arm-none-eabi/12.3.1/../../../../arm-none-eabi/lib/thumb/v7-m/nofp\libc_nano.a(libc_a-puts.o)
                              ./WHEELTEC/MPU6050.o (puts)
E:/workspace/ST/STM32CubeIDE_1.15.0/STM32CubeIDE/plugins/com.st.stm32cube.ide.mcu.externaltools.gnu-tools-for-stm32.12.3.rel1.win32_1.0.100.202403111256/tools/bin/../lib/gcc/arm-none-eabi/12.3.1/../../../../arm-none-eabi/lib/thumb/v7-m/nofp\libc_nano.a(libc_a-setvbuf.o)
                              ./Core/Src/retarget.o (setvbuf)
E:/workspace/ST/STM32CubeIDE_1.15.0/STM32CubeIDE/plugins/com.st.stm32cube.ide.mcu.externaltools.gnu-tools-for-stm32.12.3.rel1.win32_1.0.100.202403111256/tools/bin/../lib/gcc/arm-none-eabi/12.3.1/../../../../arm-none-eabi/lib/thumb/v7-m/nofp\libc_nano.a(libc_a-stdio.o)
                              E:/workspace/ST/STM32CubeIDE_1.15.0/STM32CubeIDE/plugins/com.st.stm32cube.ide.mcu.externaltools.gnu-tools-for-stm32.12.3.rel1.win32_1.0.100.202403111256/tools/bin/../lib/gcc/arm-none-eabi/12.3.1/../../../../arm-none-eabi/lib/thumb/v7-m/nofp\libc_nano.a(libc_a-findfp.o) (__sread)
E:/workspace/ST/STM32CubeIDE_1.15.0/STM32CubeIDE/plugins/com.st.stm32cube.ide.mcu.externaltools.gnu-tools-for-stm32.12.3.rel1.win32_1.0.100.202403111256/tools/bin/../lib/gcc/arm-none-eabi/12.3.1/../../../../arm-none-eabi/lib/thumb/v7-m/nofp\libc_nano.a(libc_a-wbuf.o)
                              E:/workspace/ST/STM32CubeIDE_1.15.0/STM32CubeIDE/plugins/com.st.stm32cube.ide.mcu.externaltools.gnu-tools-for-stm32.12.3.rel1.win32_1.0.100.202403111256/tools/bin/../lib/gcc/arm-none-eabi/12.3.1/../../../../arm-none-eabi/lib/thumb/v7-m/nofp\libc_nano.a(libc_a-puts.o) (__swbuf_r)
E:/workspace/ST/STM32CubeIDE_1.15.0/STM32CubeIDE/plugins/com.st.stm32cube.ide.mcu.externaltools.gnu-tools-for-stm32.12.3.rel1.win32_1.0.100.202403111256/tools/bin/../lib/gcc/arm-none-eabi/12.3.1/../../../../arm-none-eabi/lib/thumb/v7-m/nofp\libc_nano.a(libc_a-wsetup.o)
                              E:/workspace/ST/STM32CubeIDE_1.15.0/STM32CubeIDE/plugins/com.st.stm32cube.ide.mcu.externaltools.gnu-tools-for-stm32.12.3.rel1.win32_1.0.100.202403111256/tools/bin/../lib/gcc/arm-none-eabi/12.3.1/../../../../arm-none-eabi/lib/thumb/v7-m/nofp\libc_nano.a(libc_a-puts.o) (__swsetup_r)
E:/workspace/ST/STM32CubeIDE_1.15.0/STM32CubeIDE/plugins/com.st.stm32cube.ide.mcu.externaltools.gnu-tools-for-stm32.12.3.rel1.win32_1.0.100.202403111256/tools/bin/../lib/gcc/arm-none-eabi/12.3.1/../../../../arm-none-eabi/lib/thumb/v7-m/nofp\libc_nano.a(libc_a-memcmp.o)
                              ./WHEELTEC/inv_mpu.o (memcmp)
[...]
Memory Configuration

Name             Origin             Length             Attributes
RAM              0x20000000         0x00005000         xrw
FLASH            0x08000000         0x00010000         xr
*default*        0x00000000         0xffffffff

Linker script and memory map

LOAD E:/workspace/ST/STM32CubeIDE_1.15.0/STM32CubeIDE/plugins/com.st.stm32cube.ide.mcu.externaltools.gnu-tools-for-stm32.12.3.rel1.win32_1.0.100.202403111256/tools/bin/../lib/gcc/arm-none-eabi/12.3.1/thumb/v7-m/nofp/crti.o
LOAD E:/workspace/ST/STM32CubeIDE_1.15.0/STM32CubeIDE/plugins/com.st.stm32cube.ide.mcu.externaltools.gnu-tools-for-stm32.12.3.rel1.win32_1.0.100.202403111256/tools/bin/../lib/gcc/arm-none-eabi/12.3.1/thumb/v7-m/nofp/crtbegin.o
LOAD E:/workspace/ST/STM32CubeIDE_1.15.0/STM32CubeIDE/plugins/com.st.stm32cube.ide.mcu.externaltools.gnu-tools-for-stm32.12.3.rel1.win32_1.0.100.202403111256/tools/bin/../lib/gcc/arm-none-eabi/12.3.1/../../../../arm-none-eabi/lib/thumb/v7-m/nofp/crt0.o
LOAD ./BSPcode/LED.o
LOAD ./BSPcode/bsp_adc.o
LOAD ./BSPcode/delay.o
LOAD ./BSPcode/encoder.o
LOAD ./BSPcode/iic.o
LOAD ./BSPcode/key.o
LOAD ./BSPcode/oled.o
LOAD ./BSPcode/usart3.o
LOAD ./Core/Src/adc.o
LOAD ./Core/Src/gpio.o
LOAD ./Core/Src/main.o
LOAD ./Core/Src/retarget.o
LOAD ./Core/Src/stm32f1xx_hal_msp.o
LOAD ./Core/Src/stm32f1xx_it.o
LOAD ./Core/Src/sysmem.o
LOAD ./Core/Src/system_stm32f1xx.o
LOAD ./Core/Src/tim.o
LOAD ./Core/Src/usart.o
LOAD ./Core/Startup/startup_stm32f103c8tx.o
LOAD ./Drivers/STM32F1xx_HAL_Driver/Src/stm32f1xx_hal.o
LOAD ./Drivers/STM32F1xx_HAL_Driver/Src/stm32f1xx_hal_adc.o
LOAD ./Drivers/STM32F1xx_HAL_Driver/Src/stm32f1xx_hal_adc_ex.o
LOAD ./Drivers/STM32F1xx_HAL_Driver/Src/stm32f1xx_hal_cortex.o
LOAD ./Drivers/STM32F1xx_HAL_Driver/Src/stm32f1xx_hal_dma.o
LOAD ./Drivers/STM32F1xx_HAL_Driver/Src/stm32f1xx_hal_exti.o
LOAD ./Drivers/STM32F1xx_HAL_Driver/Src/stm32f1xx_hal_flash.o
LOAD ./Drivers/STM32F1xx_HAL_Driver/Src/stm32f1xx_hal_flash_ex.o
LOAD ./Drivers/STM32F1xx_HAL_Driver/Src/stm32f1xx_hal_gpio.o
LOAD ./Drivers/STM32F1xx_HAL_Driver/Src/stm32f1xx_hal_gpio_ex.o
LOAD ./Drivers/STM32F1xx_HAL_Driver/Src/stm32f1xx_hal_pwr.o
LOAD ./Drivers/STM32F1xx_HAL_Driver/Src/stm32f1xx_hal_rcc.o
LOAD ./Drivers/STM32F1xx_HAL_Driver/Src/stm32f1xx_hal_rcc_ex.o
LOAD ./Drivers/STM32F1xx_HAL_Driver/Src/stm32f1xx_hal_tim.o
LOAD ./Drivers/STM32F1xx_HAL_Driver/Src/stm32f1xx_hal_tim_ex.o
LOAD ./Drivers/STM32F1xx_HAL_Driver/Src/stm32f1xx_hal_uart.o
LOAD ./WHEELTEC/DataScope_DP.o
LOAD ./WHEELTEC/KF.o
LOAD ./WHEELTEC/MPU6050.o
LOAD ./WHEELTEC/ReadDistance.o
LOAD ./WHEELTEC/control.o
LOAD ./WHEELTEC/filter.o
LOAD ./WHEELTEC/inv_mpu.o
LOAD ./WHEELTEC/inv_mpu_dmp_motion_driver.o
LOAD ./WHEELTEC/show.o
START GROUP
LOAD E:/workspace/ST/STM32CubeIDE_1.15.0/STM32CubeIDE/plugins/com.st.stm32cube.ide.mcu.externaltools.gnu-tools-for-stm32.12.3.rel1.win32_1.0.100.202403111256/tools/bin/../lib/gcc/arm-none-eabi/12.3.1/../../../../arm-none-eabi/lib/thumb/v7-m/nofp\libc_nano.a
LOAD E:/workspace/ST/STM32CubeIDE_1.15.0/STM32CubeIDE/plugins/com.st.stm32cube.ide.mcu.externaltools.gnu-tools-for-stm32.12.3.rel1.win32_1.0.100.202403111256/tools/bin/../lib/gcc/arm-none-eabi/12.3.1/../../../../arm-none-eabi/lib/thumb/v7-m/nofp\libm.a
END GROUP
START GROUP
LOAD E:/workspace/ST/STM32CubeIDE_1.15.0/STM32CubeIDE/plugins/com.st.stm32cube.ide.mcu.externaltools.gnu-tools-for-stm32.12.3.rel1.win32_1.0.100.202403111256/tools/bin/../lib/gcc/arm-none-eabi/12.3.1/thumb/v7-m/nofp\libgcc.a
LOAD E:/workspace/ST/STM32CubeIDE_1.15.0/STM32CubeIDE/plugins/com.st.stm32cube.ide.mcu.externaltools.gnu-tools-for-stm32.12.3.rel1.win32_1.0.100.202403111256/tools/bin/../lib/gcc/arm-none-eabi/12.3.1/../../../../arm-none-eabi/lib/thumb/v7-m/nofp\libc_nano.a
END GROUP
START GROUP
LOAD E:/workspace/ST/STM32CubeIDE_1.15.0/STM32CubeIDE/plugins/com.st.stm32cube.ide.mcu.externaltools.gnu-tools-for-stm32.12.3.rel1.win32_1.0.100.202403111256/tools/bin/../lib/gcc/arm-none-eabi/12.3.1/thumb/v7-m/nofp\libgcc.a
LOAD E:/workspace/ST/STM32CubeIDE_1.15.0/STM32CubeIDE/plugins/com.st.stm32cube.ide.mcu.externaltools.gnu-tools-for-stm32.12.3.rel1.win32_1.0.100.202403111256/tools/bin/../lib/gcc/arm-none-eabi/12.3.1/../../../../arm-none-eabi/lib/thumb/v7-m/nofp\libc_nano.a
LOAD E:/workspace/ST/STM32CubeIDE_1.15.0/STM32CubeIDE/plugins/com.st.stm32cube.ide.mcu.externaltools.gnu-tools-for-stm32.12.3.rel1.win32_1.0.100.202403111256/tools/bin/../lib/gcc/arm-none-eabi/12.3.1/../../../../arm-none-eabi/lib/thumb/v7-m/nofp\libnosys.a
END GROUP
START GROUP
LOAD E:/workspace/ST/STM32CubeIDE_1.15.0/STM32CubeIDE/plugins/com.st.stm32cube.ide.mcu.externaltools.gnu-tools-for-stm32.12.3.rel1.win32_1.0.100.202403111256/tools/bin/../lib/gcc/arm-none-eabi/12.3.1/thumb/v7-m/nofp\libgcc.a
LOAD E:/workspace/ST/STM32CubeIDE_1.15.0/STM32CubeIDE/plugins/com.st.stm32cube.ide.mcu.externaltools.gnu-tools-for-stm32.12.3.rel1.win32_1.0.100.202403111256/tools/bin/../lib/gcc/arm-none-eabi/12.3.1/../../../../arm-none-eabi/lib/thumb/v7-m/nofp\libc_nano.a
LOAD E:/workspace/ST/STM32CubeIDE_1.15.0/STM32CubeIDE/plugins/com.st.stm32cube.ide.mcu.externaltools.gnu-tools-for-stm32.12.3.rel1.win32_1.0.100.202403111256/tools/bin/../lib/gcc/arm-none-eabi/12.3.1/../../../../arm-none-eabi/lib/thumb/v7-m/nofp\libnosys.a
END GROUP
LOAD E:/workspace/ST/STM32CubeIDE_1.15.0/STM32CubeIDE/plugins/com.st.stm32cube.ide.mcu.externaltools.gnu-tools-for-stm32.12.3.rel1.win32_1.0.100.202403111256/tools/bin/../lib/gcc/arm-none-eabi/12.3.1/thumb/v7-m/nofp/crtend.o
LOAD E:/workspace/ST/STM32CubeIDE_1.15.0/STM32CubeIDE/plugins/com.st.stm32cube.ide.mcu.externaltools.gnu-tools-for-stm32.12.3.rel1.win32_1.0.100.202403111256/tools/bin/../lib/gcc/arm-none-eabi/12.3.1/thumb/v7-m/nofp/crtn.o
                0x20005000                        _estack = (ORIGIN (RAM) + LENGTH (RAM))
                0x00000200                        _Min_Heap_Size = 0x200
                0x00000400                        _Min_Stack_Size = 0x400

.isr_vector     0x08000000      0x10c
                0x08000000                        . = ALIGN (0x4)
 *(.isr_vector)
 .isr_vector    0x08000000      0x10c ./Core/Startup/startup_stm32f103c8tx.o
                0x08000000                g_pfnVectors
                0x0800010c                        . = ALIGN (0x4)

.text           0x08000110     0xb018
                0x08000110                        . = ALIGN (0x4)
 *(.text)
 .text          0x08000110       0x40 E:/workspace/ST/STM32CubeIDE_1.15.0/STM32CubeIDE/plugins/com.st.stm32cube.ide.mcu.externaltools.gnu-tools-for-stm32.12.3.rel1.win32_1.0.100.202403111256/tools/bin/../lib/gcc/arm-none-eabi/12.3.1/thumb/v7-m/nofp/crtbegin.o
 .text          0x08000150      0x378 E:/workspace/ST/STM32CubeIDE_1.15.0/STM32CubeIDE/plugins/com.st.stm32cube.ide.mcu.externaltools.gnu-tools-for-stm32.12.3.rel1.win32_1.0.100.202403111256/tools/bin/../lib/gcc/arm-none-eabi/12.3.1/thumb/v7-m/nofp\libgcc.a(_arm_addsubdf3.o)
                0x08000150                __aeabi_drsub
                0x08000158                __aeabi_dsub
                0x08000158                __subdf3
                0x0800015c                __aeabi_dadd
                0x0800015c                __adddf3
                0x080003d4                __floatunsidf
                0x080003d4                __aeabi_ui2d
                0x080003f4                __floatsidf
                0x080003f4                __aeabi_i2d
                0x08000418                __aeabi_f2d
                0x08000418                __extendsfdf2
                0x0800045c                __floatundidf
                0x0800045c                __aeabi_ul2d
                0x0800046c                __floatdidf
                0x0800046c                __aeabi_l2d
 .text          0x080004c8      0x424 E:/workspace/ST/STM32CubeIDE_1.15.0/STM32CubeIDE/plugins/com.st.stm32cube.ide.mcu.externaltools.gnu-tools-for-stm32.12.3.rel1.win32_1.0.100.202403111256/tools/bin/../lib/gcc/arm-none-eabi/12.3.1/thumb/v7-m/nofp\libgcc.a(_arm_muldivdf3.o)
                0x080004c8                __aeabi_dmul
                0x080004c8                __muldf3
                0x0800071c                __divdf3
                0x0800071c                __aeabi_ddiv
 .text          0x080008ec      0x110 E:/workspace/ST/STM32CubeIDE_1.15.0/STM32CubeIDE/plugins/com.st.stm32cube.ide.mcu.externaltools.gnu-tools-for-stm32.12.3.rel1.win32_1.0.100.202403111256/tools/bin/../lib/gcc/arm-none-eabi/12.3.1/thumb/v7-m/nofp\libgcc.a(_arm_cmpdf2.o)
                0x080008ec                __gtdf2
                0x080008ec                __gedf2
                0x080008f4                __ltdf2
                0x080008f4                __ledf2
                0x080008fc                __nedf2
                0x080008fc                __eqdf2
                0x080008fc                __cmpdf2
                0x08000978                __aeabi_cdrcmple
                0x08000988                __aeabi_cdcmpeq
                0x08000988                __aeabi_cdcmple
                0x08000998                __aeabi_dcmpeq
                0x080009ac                __aeabi_dcmplt
                0x080009c0                __aeabi_dcmple
                0x080009d4                __aeabi_dcmpge
                0x080009e8                __aeabi_dcmpgt
 .text          0x080009fc       0x2c E:/workspace/ST/STM32CubeIDE_1.15.0/STM32CubeIDE/plugins/com.st.stm32cube.ide.mcu.externaltools.gnu-tools-for-stm32.12.3.rel1.win32_1.0.100.202403111256/tools/bin/../lib/gcc/arm-none-eabi/12.3.1/thumb/v7-m/nofp\libgcc.a(_arm_unorddf2.o)
                0x080009fc                __unorddf2
                0x080009fc                __aeabi_dcmpun
 .text          0x08000a28       0x50 E:/workspace/ST/STM32CubeIDE_1.15.0/STM32CubeIDE/plugins/com.st.stm32cube.ide.mcu.externaltools.gnu-tools-for-stm32.12.3.rel1.win32_1.0.100.202403111256/tools/bin/../lib/gcc/arm-none-eabi/12.3.1/thumb/v7-m/nofp\libgcc.a(_arm_fixdfsi.o)
                0x08000a28                __aeabi_d2iz
                0x08000a28                __fixdfsi
 .text          0x08000a78       0xa0 E:/workspace/ST/STM32CubeIDE_1.15.0/STM32CubeIDE/plugins/com.st.stm32cube.ide.mcu.externaltools.gnu-tools-for-stm32.12.3.rel1.win32_1.0.100.202403111256/tools/bin/../lib/gcc/arm-none-eabi/12.3.1/thumb/v7-m/nofp\libgcc.a(_arm_truncdfsf2.o)
                0x08000a78                __truncdfsf2
                0x08000a78                __aeabi_d2f
 .text          0x08000b18      0x21c E:/workspace/ST/STM32CubeIDE_1.15.0/STM32CubeIDE/plugins/com.st.stm32cube.ide.mcu.externaltools.gnu-tools-for-stm32.12.3.rel1.win32_1.0.100.202403111256/tools/bin/../lib/gcc/arm-none-eabi/12.3.1/thumb/v7-m/nofp\libgcc.a(_arm_addsubsf3.o)
                0x08000b18                __aeabi_frsub
                0x08000b20                __subsf3
                0x08000b20                __aeabi_fsub
                0x08000b24                __aeabi_fadd
                0x08000b24                __addsf3
                0x08000c84                __aeabi_ui2f
                0x08000c84                __floatunsisf
                0x08000c8c                __aeabi_i2f
                0x08000c8c                __floatsisf
                0x08000ca8                __aeabi_ul2f
                0x08000ca8                __floatundisf
                0x08000cb8                __aeabi_l2f
                0x08000cb8                __floatdisf
 .text          0x08000d34      0x2a0 E:/workspace/ST/STM32CubeIDE_1.15.0/STM32CubeIDE/plugins/com.st.stm32cube.ide.mcu.externaltools.gnu-tools-for-stm32.12.3.rel1.win32_1.0.100.202403111256/tools/bin/../lib/gcc/arm-none-eabi/12.3.1/thumb/v7-m/nofp\libgcc.a(_arm_muldivsf3.o)
                0x08000d34                __mulsf3
                0x08000d34                __aeabi_fmul
                0x08000e9c                __aeabi_fdiv
                0x08000e9c                __divsf3
 .text          0x08000fd4       0xec E:/workspace/ST/STM32CubeIDE_1.15.0/STM32CubeIDE/plugins/com.st.stm32cube.ide.mcu.externaltools.gnu-tools-for-stm32.12.3.rel1.win32_1.0.100.202403111256/tools/bin/../lib/gcc/arm-none-eabi/12.3.1/thumb/v7-m/nofp\libgcc.a(_arm_cmpsf2.o)
                0x08000fd4                __gesf2
                0x08000fd4                __gtsf2
                0x08000fdc                __lesf2
                0x08000fdc                __ltsf2
                0x08000fe4                __nesf2
                0x08000fe4                __eqsf2
                0x08000fe4                __cmpsf2
                0x08001044                __aeabi_cfrcmple
                0x0800104c                __aeabi_cfcmpeq
                0x0800104c                __aeabi_cfcmple
                0x0800105c                __aeabi_fcmpeq
                0x08001070                __aeabi_fcmplt
                0x08001084                __aeabi_fcmple
                0x08001098                __aeabi_fcmpge
                0x080010ac                __aeabi_fcmpgt
 .text          0x080010c0       0x4c E:/workspace/ST/STM32CubeIDE_1.15.0/STM32CubeIDE/plugins/com.st.stm32cube.ide.mcu.externaltools.gnu-tools-for-stm32.12.3.rel1.win32_1.0.100.202403111256/tools/bin/../lib/gcc/arm-none-eabi/12.3.1/thumb/v7-m/nofp\libgcc.a(_arm_fixsfsi.o)
                0x080010c0                __aeabi_f2iz
                0x080010c0                __fixsfsi
 .text          0x0800110c       0x40 E:/workspace/ST/STM32CubeIDE_1.15.0/STM32CubeIDE/plugins/com.st.stm32cube.ide.mcu.externaltools.gnu-tools-for-stm32.12.3.rel1.win32_1.0.100.202403111256/tools/bin/../lib/gcc/arm-none-eabi/12.3.1/thumb/v7-m/nofp\libgcc.a(_arm_fixunssfsi.o)
                0x0800110c                __fixunssfsi
                0x0800110c                __aeabi_f2uiz
 .text          0x0800114c       0xa0 E:/workspace/ST/STM32CubeIDE_1.15.0/STM32CubeIDE/plugins/com.st.stm32cube.ide.mcu.externaltools.gnu-tools-for-stm32.12.3.rel1.win32_1.0.100.202403111256/tools/bin/../lib/gcc/arm-none-eabi/12.3.1/thumb/v7-m/nofp\libgcc.a(_aeabi_ldivmod.o)
                0x0800114c                __aeabi_ldivmod
 .text          0x080011ec      0x2b8 E:/workspace/ST/STM32CubeIDE_1.15.0/STM32CubeIDE/plugins/com.st.stm32cube.ide.mcu.externaltools.gnu-tools-for-stm32.12.3.rel1.win32_1.0.100.202403111256/tools/bin/../lib/gcc/arm-none-eabi/12.3.1/thumb/v7-m/nofp\libgcc.a(_udivmoddi4.o)
                0x080011ec                __udivmoddi4
 .text          0x080014a4        0x4 E:/workspace/ST/STM32CubeIDE_1.15.0/STM32CubeIDE/plugins/com.st.stm32cube.ide.mcu.externaltools.gnu-tools-for-stm32.12.3.rel1.win32_1.0.100.202403111256/tools/bin/../lib/gcc/arm-none-eabi/12.3.1/thumb/v7-m/nofp\libgcc.a(_dvmd_tls.o)
                0x080014a4                __aeabi_idiv0
                0x080014a4                __aeabi_ldiv0
 *(.text*)
 .text.Led_Flash
                0x080014a8       0x34 ./BSPcode/LED.o
                0x080014a8                Led_Flash
 .text.Get_Adc  0x080014dc       0x4c ./BSPcode/bsp_adc.o
                0x080014dc                Get_Adc
 .text.Get_battery_volt
                0x08001528       0x4c ./BSPcode/bsp_adc.o
                0x08001528                Get_battery_volt
 .text.HAL_InitTick
                0x08001574       0x40 ./BSPcode/delay.o
                0x08001574                HAL_InitTick
 .text.HAL_GetTick
                0x080015b4       0x1c ./BSPcode/delay.o
                0x080015b4                HAL_GetTick
 .text.HAL_Delay
                0x080015d0       0x90 ./BSPcode/delay.o
                0x080015d0                HAL_Delay
 .text.delay_init
                0x08001660       0x44 ./BSPcode/delay.o
                0x08001660                delay_init
 .text.delay_us
                0x080016a4        0x2 ./BSPcode/delay.o
                0x080016a4                delay_us
 *fill*         0x080016a6        0x2 
 .text.delay_ms
                0x080016a8       0x34 ./BSPcode/delay.o
                0x080016a8                delay_ms
 .text.Read_Encoder
                0x080016dc       0x38 ./BSPcode/encoder.o
                0x080016dc                Read_Encoder
 .text.IIC_Start
                0x08001714       0x78 ./BSPcode/iic.o
                0x08001714                IIC_Start
 .text.IIC_Stop
                0x0800178c       0x58 ./BSPcode/iic.o
                0x0800178c                IIC_Stop
 .text.IIC_Wait_Ack
                0x080017e4       0x74 ./BSPcode/iic.o
                0x080017e4                IIC_Wait_Ack
 .text.IIC_Ack  0x08001858       0x58 ./BSPcode/iic.o
                0x08001858                IIC_Ack
 .text.IIC_NAck
                0x080018b0       0x58 ./BSPcode/iic.o
                0x080018b0                IIC_NAck
 .text.IIC_Send_Byte
                0x08001908       0x74 ./BSPcode/iic.o
                0x08001908                IIC_Send_Byte
 .text.i2cWrite
                0x0800197c       0x50 ./BSPcode/iic.o
                0x0800197c                i2cWrite
 .text.IIC_Read_Byte
                0x080019cc       0x70 ./BSPcode/iic.o
                0x080019cc                IIC_Read_Byte
 .text.i2cRead  0x08001a3c       0x62 ./BSPcode/iic.o
                0x08001a3c                i2cRead
 .text.I2C_ReadOneByte
                0x08001a9e       0x3e ./BSPcode/iic.o
                0x08001a9e                I2C_ReadOneByte
 .text.IICwriteBytes
                0x08001adc       0x3e ./BSPcode/iic.o
                0x08001adc                IICwriteBytes
 .text.IICreadByte
                0x08001b1a        0xe ./BSPcode/iic.o
                0x08001b1a                IICreadByte
 .text.IICwriteByte
                0x08001b28       0x16 ./BSPcode/iic.o
                0x08001b28                IICwriteByte
 .text.IICwriteBits
                0x08001b3e       0x4c ./BSPcode/iic.o
                0x08001b3e                IICwriteBits
 .text.IICwriteBit
                0x08001b8a       0x38 ./BSPcode/iic.o
                0x08001b8a                IICwriteBit
 *fill*         0x08001bc2        0x2 
 .text.click_N_Double
                0x08001bc4       0xc0 ./BSPcode/key.o
                0x08001bc4                click_N_Double
 .text.Long_Press
                0x08001c84       0x4c ./BSPcode/key.o
                0x08001c84                Long_Press
 .text.OLED_WR_Byte
                0x08001cd0       0x60 ./BSPcode/oled.o
                0x08001cd0                OLED_WR_Byte
 .text.OLED_Refresh_Gram
                0x08001d30       0x44 ./BSPcode/oled.o
                0x08001d30                OLED_Refresh_Gram
 .text.OLED_Clear
                0x08001d74       0x28 ./BSPcode/oled.o
                0x08001d74                OLED_Clear
 .text.OLED_DrawPoint
                0x08001d9c       0x38 ./BSPcode/oled.o
                0x08001d9c                OLED_DrawPoint
 .text.OLED_ShowChar
                0x08001dd4       0x8c ./BSPcode/oled.o
                0x08001dd4                OLED_ShowChar
 .text.OLED_ShowNumber
                0x08001e60       0x8e ./BSPcode/oled.o
                0x08001e60                OLED_ShowNumber
 .text.OLED_ShowString
                0x08001eee       0x3e ./BSPcode/oled.o
                0x08001eee                OLED_ShowString
 .text.OLED_Init
                0x08001f2c       0xf4 ./BSPcode/oled.o
                0x08001f2c                OLED_Init
 .text.HAL_UART_RxCpltCallback
                0x08002020      0x284 ./BSPcode/usart3.o
                0x08002020                HAL_UART_RxCpltCallback
 .text.MX_ADC1_Init
                0x080022a4       0x50 ./Core/Src/adc.o
                0x080022a4                MX_ADC1_Init
 .text.HAL_ADC_MspInit
                0x080022f4       0x5c ./Core/Src/adc.o
                0x080022f4                HAL_ADC_MspInit
 .text.MX_GPIO_Init
                0x08002350      0x104 ./Core/Src/gpio.o
                0x08002350                MX_GPIO_Init
 .text.SystemClock_Config
                0x08002454       0x7e ./Core/Src/main.o
                0x08002454                SystemClock_Config
 *fill*         0x080024d2        0x2 
 .text.startup.main
                0x080024d4       0xdc ./Core/Src/main.o
                0x080024d4                main
 .text.Error_Handler
                0x080025b0        0x4 ./Core/Src/main.o
                0x080025b0                Error_Handler
 .text.RetargetInit
                0x080025b4       0x1c ./Core/Src/retarget.o
                0x080025b4                RetargetInit
 .text._isatty  0x080025d0       0x16 ./Core/Src/retarget.o
                0x080025d0                _isatty
 *fill*         0x080025e6        0x2 
 .text._write   0x080025e8       0x50 ./Core/Src/retarget.o
                0x080025e8                _write
 .text._close   0x08002638       0x18 ./Core/Src/retarget.o
                0x08002638                _close
 .text._lseek   0x08002650       0x10 ./Core/Src/retarget.o
                0x08002650                _lseek
 .text._read    0x08002660       0x4c ./Core/Src/retarget.o
                0x08002660                _read
 .text._fstat   0x080026ac       0x1a ./Core/Src/retarget.o
                0x080026ac                _fstat
 *fill*         0x080026c6        0x2 
 .text.HAL_MspInit
                0x080026c8       0x4c ./Core/Src/stm32f1xx_hal_msp.o
                0x080026c8                HAL_MspInit
 .text.NMI_Handler
                0x08002714        0x2 ./Core/Src/stm32f1xx_it.o
                0x08002714                NMI_Handler
 .text.HardFault_Handler
                0x08002716        0x2 ./Core/Src/stm32f1xx_it.o
                0x08002716                HardFault_Handler
 .text.MemManage_Handler
                0x08002718        0x2 ./Core/Src/stm32f1xx_it.o
                0x08002718                MemManage_Handler
 .text.BusFault_Handler
                0x0800271a        0x2 ./Core/Src/stm32f1xx_it.o
                0x0800271a                BusFault_Handler
 .text.UsageFault_Handler
                0x0800271c        0x2 ./Core/Src/stm32f1xx_it.o
                0x0800271c                UsageFault_Handler
 .text.SVC_Handler
                0x0800271e        0x2 ./Core/Src/stm32f1xx_it.o
                0x0800271e                SVC_Handler
 .text.DebugMon_Handler
                0x08002720        0x2 ./Core/Src/stm32f1xx_it.o
                0x08002720                DebugMon_Handler
 .text.PendSV_Handler
                0x08002722        0x2 ./Core/Src/stm32f1xx_it.o
                0x08002722                PendSV_Handler
 .text.SysTick_Handler
                0x08002724        0x4 ./Core/Src/stm32f1xx_it.o
                0x08002724                SysTick_Handler
 .text.TIM3_IRQHandler
                0x08002728        0xc ./Core/Src/stm32f1xx_it.o
                0x08002728                TIM3_IRQHandler
 .text.USART3_IRQHandler
                0x08002734        0xc ./Core/Src/stm32f1xx_it.o
                0x08002734                USART3_IRQHandler
 .text.EXTI15_10_IRQHandler
                0x08002740        0x8 ./Core/Src/stm32f1xx_it.o
                0x08002740                EXTI15_10_IRQHandler
 .text._sbrk    0x08002748       0x40 ./Core/Src/sysmem.o
                0x08002748                _sbrk
 .text.SystemInit
                0x08002788        0x2 ./Core/Src/system_stm32f1xx.o
                0x08002788                SystemInit
 *fill*         0x0800278a        0x2 
 .text.MX_TIM2_Init
                0x0800278c       0x60 ./Core/Src/tim.o
                0x0800278c                MX_TIM2_Init
 .text.MX_TIM3_Init
                0x080027ec       0x98 ./Core/Src/tim.o
                0x080027ec                MX_TIM3_Init
 .text.MX_TIM4_Init
                0x08002884       0x60 ./Core/Src/tim.o
                0x08002884                MX_TIM4_Init
 .text.HAL_TIM_PWM_MspInit
                0x080028e4       0x28 ./Core/Src/tim.o
                0x080028e4                HAL_TIM_PWM_MspInit
 .text.HAL_TIM_Encoder_MspInit
                0x0800290c       0x98 ./Core/Src/tim.o
                0x0800290c                HAL_TIM_Encoder_MspInit
 .text.HAL_TIM_Base_MspInit
                0x080029a4       0x68 ./Core/Src/tim.o
                0x080029a4                HAL_TIM_Base_MspInit
 .text.HAL_TIM_MspPostInit
                0x08002a0c       0x50 ./Core/Src/tim.o
                0x08002a0c                HAL_TIM_MspPostInit
 .text.MX_TIM1_Init
                0x08002a5c       0xb8 ./Core/Src/tim.o
                0x08002a5c                MX_TIM1_Init
 .text.MX_USART1_UART_Init
                0x08002b14       0x38 ./Core/Src/usart.o
                0x08002b14                MX_USART1_UART_Init
 .text.MX_USART3_UART_Init
                0x08002b4c       0x38 ./Core/Src/usart.o
                0x08002b4c                MX_USART3_UART_Init
 .text.HAL_UART_MspInit
                0x08002b84       0xec ./Core/Src/usart.o
                0x08002b84                HAL_UART_MspInit
 .text.Reset_Handler
                0x08002c70       0x48 ./Core/Startup/startup_stm32f103c8tx.o
                0x08002c70                Reset_Handler
 .text.Default_Handler
                0x08002cb8        0x2 ./Core/Startup/startup_stm32f103c8tx.o
                0x08002cb8                RTC_Alarm_IRQHandler
                0x08002cb8                EXTI2_IRQHandler
                0x08002cb8                TIM1_CC_IRQHandler
                0x08002cb8                PVD_IRQHandler
                0x08002cb8                EXTI3_IRQHandler
                0x08002cb8                EXTI0_IRQHandler
                0x08002cb8                I2C2_EV_IRQHandler
                0x08002cb8                ADC1_2_IRQHandler
                0x08002cb8                SPI1_IRQHandler
                0x08002cb8                TAMPER_IRQHandler
                0x08002cb8                DMA1_Channel4_IRQHandler
                0x08002cb8                RTC_IRQHandler
                0x08002cb8                DMA1_Channel7_IRQHandler
                0x08002cb8                CAN1_RX1_IRQHandler
                0x08002cb8                TIM4_IRQHandler
                0x08002cb8                I2C1_EV_IRQHandler
                0x08002cb8                DMA1_Channel6_IRQHandler
                0x08002cb8                RCC_IRQHandler
                0x08002cb8                TIM1_TRG_COM_IRQHandler
                0x08002cb8                DMA1_Channel1_IRQHandler
                0x08002cb8                Default_Handler
                0x08002cb8                EXTI9_5_IRQHandler
                0x08002cb8                SPI2_IRQHandler
                0x08002cb8                DMA1_Channel5_IRQHandler
                0x08002cb8                EXTI4_IRQHandler
                0x08002cb8                USB_LP_CAN1_RX0_IRQHandler
                0x08002cb8                USB_HP_CAN1_TX_IRQHandler
                0x08002cb8                DMA1_Channel3_IRQHandler
                0x08002cb8                TIM1_UP_IRQHandler
                0x08002cb8                WWDG_IRQHandler
                0x08002cb8                TIM2_IRQHandler
                0x08002cb8                TIM1_BRK_IRQHandler
                0x08002cb8                EXTI1_IRQHandler
                0x08002cb8                USART2_IRQHandler
                0x08002cb8                I2C2_ER_IRQHandler
                0x08002cb8                DMA1_Channel2_IRQHandler
                0x08002cb8                CAN1_SCE_IRQHandler
                0x08002cb8                FLASH_IRQHandler
                0x08002cb8                USART1_IRQHandler
                0x08002cb8                I2C1_ER_IRQHandler
                0x08002cb8                USBWakeUp_IRQHandler
 *fill*         0x08002cba        0x2 
 .text.HAL_Init
                0x08002cbc       0x24 ./Drivers/STM32F1xx_HAL_Driver/Src/stm32f1xx_hal.o
                0x08002cbc                HAL_Init
 .text.HAL_IncTick
                0x08002ce0       0x18 ./Drivers/STM32F1xx_HAL_Driver/Src/stm32f1xx_hal.o
                0x08002ce0                HAL_IncTick
 .text.HAL_ADC_PollForConversion
                0x08002cf8      0x18c ./Drivers/STM32F1xx_HAL_Driver/Src/stm32f1xx_hal_adc.o
                0x08002cf8                HAL_ADC_PollForConversion
 .text.HAL_ADC_GetValue
                0x08002e84        0x6 ./Drivers/STM32F1xx_HAL_Driver/Src/stm32f1xx_hal_adc.o
                0x08002e84                HAL_ADC_GetValue
 *fill*         0x08002e8a        0x2 
 .text.HAL_ADC_ConfigChannel
                0x08002e8c       0xfc ./Drivers/STM32F1xx_HAL_Driver/Src/stm32f1xx_hal_adc.o
                0x08002e8c                HAL_ADC_ConfigChannel
 .text.HAL_ADC_GetState
                0x08002f88        0x4 ./Drivers/STM32F1xx_HAL_Driver/Src/stm32f1xx_hal_adc.o
                0x08002f88                HAL_ADC_GetState
 .text.ADC_Enable
                0x08002f8c       0x78 ./Drivers/STM32F1xx_HAL_Driver/Src/stm32f1xx_hal_adc.o
                0x08002f8c                ADC_Enable
 .text.HAL_ADC_Start
                0x08003004       0xc4 ./Drivers/STM32F1xx_HAL_Driver/Src/stm32f1xx_hal_adc.o
                0x08003004                HAL_ADC_Start
 .text.ADC_ConversionStop_Disable
                0x080030c8       0x4c ./Drivers/STM32F1xx_HAL_Driver/Src/stm32f1xx_hal_adc.o
                0x080030c8                ADC_ConversionStop_Disable
 .text.HAL_ADC_Init
                0x08003114       0xfc ./Drivers/STM32F1xx_HAL_Driver/Src/stm32f1xx_hal_adc.o
                0x08003114                HAL_ADC_Init
 .text.HAL_ADCEx_Calibration_Start
                0x08003210       0xe0 ./Drivers/STM32F1xx_HAL_Driver/Src/stm32f1xx_hal_adc_ex.o
                0x08003210                HAL_ADCEx_Calibration_Start
 .text.HAL_NVIC_SetPriorityGrouping
                0x080032f0       0x24 ./Drivers/STM32F1xx_HAL_Driver/Src/stm32f1xx_hal_cortex.o
                0x080032f0                HAL_NVIC_SetPriorityGrouping
 .text.HAL_NVIC_SetPriority
                0x08003314       0x60 ./Drivers/STM32F1xx_HAL_Driver/Src/stm32f1xx_hal_cortex.o
                0x08003314                HAL_NVIC_SetPriority
 .text.HAL_NVIC_EnableIRQ
                0x08003374       0x1c ./Drivers/STM32F1xx_HAL_Driver/Src/stm32f1xx_hal_cortex.o
                0x08003374                HAL_NVIC_EnableIRQ
 .text.HAL_NVIC_DisableIRQ
                0x08003390       0x24 ./Drivers/STM32F1xx_HAL_Driver/Src/stm32f1xx_hal_cortex.o
                0x08003390                HAL_NVIC_DisableIRQ
 .text.HAL_DMA_Abort
                0x080033b4       0x3e ./Drivers/STM32F1xx_HAL_Driver/Src/stm32f1xx_hal_dma.o
                0x080033b4                HAL_DMA_Abort
 *fill*         0x080033f2        0x2 
 .text.HAL_DMA_Abort_IT
                0x080033f4       0x88 ./Drivers/STM32F1xx_HAL_Driver/Src/stm32f1xx_hal_dma.o
                0x080033f4                HAL_DMA_Abort_IT
 .text.HAL_GPIO_Init
                0x0800347c      0x1b0 ./Drivers/STM32F1xx_HAL_Driver/Src/stm32f1xx_hal_gpio.o
                0x0800347c                HAL_GPIO_Init
 .text.HAL_GPIO_ReadPin
                0x0800362c        0xc ./Drivers/STM32F1xx_HAL_Driver/Src/stm32f1xx_hal_gpio.o
                0x0800362c                HAL_GPIO_ReadPin
 .text.HAL_GPIO_WritePin
                0x08003638        0xa ./Drivers/STM32F1xx_HAL_Driver/Src/stm32f1xx_hal_gpio.o
                0x08003638                HAL_GPIO_WritePin
 .text.HAL_GPIO_TogglePin
                0x08003642       0x12 ./Drivers/STM32F1xx_HAL_Driver/Src/stm32f1xx_hal_gpio.o
                0x08003642                HAL_GPIO_TogglePin
 .text.HAL_GPIO_EXTI_IRQHandler
                0x08003654       0x18 ./Drivers/STM32F1xx_HAL_Driver/Src/stm32f1xx_hal_gpio.o
                0x08003654                HAL_GPIO_EXTI_IRQHandler
 .text.HAL_RCC_OscConfig
                0x0800366c      0x338 ./Drivers/STM32F1xx_HAL_Driver/Src/stm32f1xx_hal_rcc.o
                0x0800366c                HAL_RCC_OscConfig
 .text.HAL_RCC_GetSysClockFreq
                0x080039a4       0x74 ./Drivers/STM32F1xx_HAL_Driver/Src/stm32f1xx_hal_rcc.o
                0x080039a4                HAL_RCC_GetSysClockFreq
 .text.HAL_RCC_ClockConfig
                0x08003a18      0x138 ./Drivers/STM32F1xx_HAL_Driver/Src/stm32f1xx_hal_rcc.o
                0x08003a18                HAL_RCC_ClockConfig
 .text.HAL_RCC_GetPCLK1Freq
                0x08003b50       0x20 ./Drivers/STM32F1xx_HAL_Driver/Src/stm32f1xx_hal_rcc.o
                0x08003b50                HAL_RCC_GetPCLK1Freq
 .text.HAL_RCC_GetPCLK2Freq
                0x08003b70       0x20 ./Drivers/STM32F1xx_HAL_Driver/Src/stm32f1xx_hal_rcc.o
                0x08003b70                HAL_RCC_GetPCLK2Freq
 .text.HAL_RCCEx_PeriphCLKConfig
                0x08003b90       0xf4 ./Drivers/STM32F1xx_HAL_Driver/Src/stm32f1xx_hal_rcc_ex.o
                0x08003b90                HAL_RCCEx_PeriphCLKConfig
 .text.HAL_RCCEx_GetPeriphCLKFreq
                0x08003c84       0xe4 ./Drivers/STM32F1xx_HAL_Driver/Src/stm32f1xx_hal_rcc_ex.o
                0x08003c84                HAL_RCCEx_GetPeriphCLKFreq
 .text.TIM_OC1_SetConfig
                0x08003d68       0x50 ./Drivers/STM32F1xx_HAL_Driver/Src/stm32f1xx_hal_tim.o
 .text.TIM_OC3_SetConfig
                0x08003db8       0x54 ./Drivers/STM32F1xx_HAL_Driver/Src/stm32f1xx_hal_tim.o
 .text.TIM_OC4_SetConfig
                0x08003e0c       0x44 ./Drivers/STM32F1xx_HAL_Driver/Src/stm32f1xx_hal_tim.o
 .text.HAL_TIM_Base_Start_IT
                0x08003e50       0x54 ./Drivers/STM32F1xx_HAL_Driver/Src/stm32f1xx_hal_tim.o
                0x08003e50                HAL_TIM_Base_Start_IT
 .text.HAL_TIM_IC_MspInit
                0x08003ea4        0x2 ./Drivers/STM32F1xx_HAL_Driver/Src/stm32f1xx_hal_tim.o
                0x08003ea4                HAL_TIM_IC_MspInit
 .text.HAL_TIM_Encoder_Start
                0x08003ea6       0xb2 ./Drivers/STM32F1xx_HAL_Driver/Src/stm32f1xx_hal_tim.o
                0x08003ea6                HAL_TIM_Encoder_Start
 .text.HAL_TIM_ReadCapturedValue
                0x08003f58       0x2c ./Drivers/STM32F1xx_HAL_Driver/Src/stm32f1xx_hal_tim.o
                0x08003f58                HAL_TIM_ReadCapturedValue
 .text.HAL_TIM_OC_DelayElapsedCallback
                0x08003f84        0x2 ./Drivers/STM32F1xx_HAL_Driver/Src/stm32f1xx_hal_tim.o
                0x08003f84                HAL_TIM_OC_DelayElapsedCallback
 .text.HAL_TIM_PWM_PulseFinishedCallback
                0x08003f86        0x2 ./Drivers/STM32F1xx_HAL_Driver/Src/stm32f1xx_hal_tim.o
                0x08003f86                HAL_TIM_PWM_PulseFinishedCallback
 .text.HAL_TIM_TriggerCallback
                0x08003f88        0x2 ./Drivers/STM32F1xx_HAL_Driver/Src/stm32f1xx_hal_tim.o
                0x08003f88                HAL_TIM_TriggerCallback
 .text.HAL_TIM_IRQHandler
                0x08003f8a      0x144 ./Drivers/STM32F1xx_HAL_Driver/Src/stm32f1xx_hal_tim.o
                0x08003f8a                HAL_TIM_IRQHandler
 *fill*         0x080040ce        0x2 
 .text.TIM_Base_SetConfig
                0x080040d0       0x70 ./Drivers/STM32F1xx_HAL_Driver/Src/stm32f1xx_hal_tim.o
                0x080040d0                TIM_Base_SetConfig
 .text.HAL_TIM_Base_Init
                0x08004140       0x58 ./Drivers/STM32F1xx_HAL_Driver/Src/stm32f1xx_hal_tim.o
                0x08004140                HAL_TIM_Base_Init
 .text.HAL_TIM_PWM_Init
                0x08004198       0x58 ./Drivers/STM32F1xx_HAL_Driver/Src/stm32f1xx_hal_tim.o
                0x08004198                HAL_TIM_PWM_Init
 .text.HAL_TIM_IC_Init
                0x080041f0       0x58 ./Drivers/STM32F1xx_HAL_Driver/Src/stm32f1xx_hal_tim.o
                0x080041f0                HAL_TIM_IC_Init
 .text.HAL_TIM_Encoder_Init
                0x08004248       0xa8 ./Drivers/STM32F1xx_HAL_Driver/Src/stm32f1xx_hal_tim.o
                0x08004248                HAL_TIM_Encoder_Init
 .text.TIM_OC2_SetConfig
                0x080042f0       0x58 ./Drivers/STM32F1xx_HAL_Driver/Src/stm32f1xx_hal_tim.o
                0x080042f0                TIM_OC2_SetConfig
 .text.HAL_TIM_PWM_ConfigChannel
                0x08004348       0xae ./Drivers/STM32F1xx_HAL_Driver/Src/stm32f1xx_hal_tim.o
                0x08004348                HAL_TIM_PWM_ConfigChannel
 *fill*         0x080043f6        0x2 
 .text.TIM_TI1_SetConfig
                0x080043f8       0x54 ./Drivers/STM32F1xx_HAL_Driver/Src/stm32f1xx_hal_tim.o
                0x080043f8                TIM_TI1_SetConfig
 .text.HAL_TIM_IC_ConfigChannel
                0x0800444c       0xfc ./Drivers/STM32F1xx_HAL_Driver/Src/stm32f1xx_hal_tim.o
                0x0800444c                HAL_TIM_IC_ConfigChannel
 .text.TIM_ETR_SetConfig
                0x08004548       0x14 ./Drivers/STM32F1xx_HAL_Driver/Src/stm32f1xx_hal_tim.o
                0x08004548                TIM_ETR_SetConfig
 .text.HAL_TIM_ConfigClockSource
                0x0800455c      0x122 ./Drivers/STM32F1xx_HAL_Driver/Src/stm32f1xx_hal_tim.o
                0x0800455c                HAL_TIM_ConfigClockSource
 .text.TIM_CCxChannelCmd
                0x0800467e       0x1c ./Drivers/STM32F1xx_HAL_Driver/Src/stm32f1xx_hal_tim.o
                0x0800467e                TIM_CCxChannelCmd
 *fill*         0x0800469a        0x2 
 .text.HAL_TIM_OC_Start
                0x0800469c       0x9c ./Drivers/STM32F1xx_HAL_Driver/Src/stm32f1xx_hal_tim.o
                0x0800469c                HAL_TIM_OC_Start
 .text.HAL_TIM_PWM_Start
                0x08004738        0x4 ./Drivers/STM32F1xx_HAL_Driver/Src/stm32f1xx_hal_tim.o
                0x08004738                HAL_TIM_PWM_Start
 .text.HAL_TIM_IC_Start_IT
                0x0800473c       0xd8 ./Drivers/STM32F1xx_HAL_Driver/Src/stm32f1xx_hal_tim.o
                0x0800473c                HAL_TIM_IC_Start_IT
 .text.HAL_TIMEx_MasterConfigSynchronization
                0x08004814       0x5c ./Drivers/STM32F1xx_HAL_Driver/Src/stm32f1xx_hal_tim_ex.o
                0x08004814                HAL_TIMEx_MasterConfigSynchronization
 .text.HAL_TIMEx_ConfigBreakDeadTime
                0x08004870       0x4c ./Drivers/STM32F1xx_HAL_Driver/Src/stm32f1xx_hal_tim_ex.o
                0x08004870                HAL_TIMEx_ConfigBreakDeadTime
 .text.HAL_TIMEx_CommutCallback
                0x080048bc        0x2 ./Drivers/STM32F1xx_HAL_Driver/Src/stm32f1xx_hal_tim_ex.o
                0x080048bc                HAL_TIMEx_CommutCallback
 .text.HAL_TIMEx_BreakCallback
                0x080048be        0x2 ./Drivers/STM32F1xx_HAL_Driver/Src/stm32f1xx_hal_tim_ex.o
                0x080048be                HAL_TIMEx_BreakCallback
 .text.UART_EndRxTransfer
                0x080048c0       0x2c ./Drivers/STM32F1xx_HAL_Driver/Src/stm32f1xx_hal_uart.o
 .text.UART_SetConfig
                0x080048ec       0x74 ./Drivers/STM32F1xx_HAL_Driver/Src/stm32f1xx_hal_uart.o
 .text.UART_WaitOnFlagUntilTimeout.constprop.0
                0x08004960       0x74 ./Drivers/STM32F1xx_HAL_Driver/Src/stm32f1xx_hal_uart.o
 .text.HAL_UART_Init
                0x080049d4       0x5c ./Drivers/STM32F1xx_HAL_Driver/Src/stm32f1xx_hal_uart.o
                0x080049d4                HAL_UART_Init
 .text.HAL_UART_Transmit
                0x08004a30       0xaa ./Drivers/STM32F1xx_HAL_Driver/Src/stm32f1xx_hal_uart.o
                0x08004a30                HAL_UART_Transmit
 .text.HAL_UART_Receive
                0x08004ada       0xbc ./Drivers/STM32F1xx_HAL_Driver/Src/stm32f1xx_hal_uart.o
                0x08004ada                HAL_UART_Receive
 .text.HAL_UART_TxCpltCallback
                0x08004b96        0x2 ./Drivers/STM32F1xx_HAL_Driver/Src/stm32f1xx_hal_uart.o
                0x08004b96                HAL_UART_TxCpltCallback
 .text.HAL_UART_ErrorCallback
                0x08004b98        0x2 ./Drivers/STM32F1xx_HAL_Driver/Src/stm32f1xx_hal_uart.o
                0x08004b98                HAL_UART_ErrorCallback
 .text.UART_DMAAbortOnError
                0x08004b9a       0x10 ./Drivers/STM32F1xx_HAL_Driver/Src/stm32f1xx_hal_uart.o
 .text.HAL_UARTEx_RxEventCallback
                0x08004baa        0x2 ./Drivers/STM32F1xx_HAL_Driver/Src/stm32f1xx_hal_uart.o
                0x08004baa                HAL_UARTEx_RxEventCallback
 .text.UART_Receive_IT.isra.0
                0x08004bac       0xa0 ./Drivers/STM32F1xx_HAL_Driver/Src/stm32f1xx_hal_uart.o
 .text.HAL_UART_IRQHandler
                0x08004c4c      0x200 ./Drivers/STM32F1xx_HAL_Driver/Src/stm32f1xx_hal_uart.o
                0x08004c4c                HAL_UART_IRQHandler
 .text.UART_Start_Receive_IT
                0x08004e4c       0x32 ./Drivers/STM32F1xx_HAL_Driver/Src/stm32f1xx_hal_uart.o
                0x08004e4c                UART_Start_Receive_IT
 .text.HAL_UART_Receive_IT
                0x08004e7e       0x2a ./Drivers/STM32F1xx_HAL_Driver/Src/stm32f1xx_hal_uart.o
                0x08004e7e                HAL_UART_Receive_IT
 .text.Float2Byte
                0x08004ea8       0x14 ./WHEELTEC/DataScope_DP.o
                0x08004ea8                Float2Byte
 .text.DataScope_Get_Channel_Data
                0x08004ebc       0x58 ./WHEELTEC/DataScope_DP.o
                0x08004ebc                DataScope_Get_Channel_Data
 .text.DataScope_Data_Generate
                0x08004f14       0x80 ./WHEELTEC/DataScope_DP.o
                0x08004f14                DataScope_Data_Generate
 .text.mul      0x08004f94       0x90 ./WHEELTEC/KF.o
                0x08004f94                mul
 .text.KF_X     0x08005024      0x264 ./WHEELTEC/KF.o
                0x08005024                KF_X
 .text.KF_Y     0x08005288      0x264 ./WHEELTEC/KF.o
                0x08005288                KF_Y
 .text.inv_row_2_scale
                0x080054ec       0x3a ./WHEELTEC/MPU6050.o
 .text.MPU6050_setClockSource
                0x08005526       0x16 ./WHEELTEC/MPU6050.o
                0x08005526                MPU6050_setClockSource
 .text.MPU6050_setFullScaleGyroRange
                0x0800553c       0x16 ./WHEELTEC/MPU6050.o
                0x0800553c                MPU6050_setFullScaleGyroRange
 .text.MPU6050_setFullScaleAccelRange
                0x08005552       0x16 ./WHEELTEC/MPU6050.o
                0x08005552                MPU6050_setFullScaleAccelRange
 .text.MPU6050_setSleepEnabled
                0x08005568        0xc ./WHEELTEC/MPU6050.o
                0x08005568                MPU6050_setSleepEnabled
 .text.MPU6050_setI2CMasterModeEnabled
                0x08005574        0xc ./WHEELTEC/MPU6050.o
                0x08005574                MPU6050_setI2CMasterModeEnabled
 .text.MPU6050_setI2CBypassEnabled
                0x08005580        0xc ./WHEELTEC/MPU6050.o
                0x08005580                MPU6050_setI2CBypassEnabled
 .text.MPU6050_initialize
                0x0800558c       0x2a ./WHEELTEC/MPU6050.o
                0x0800558c                MPU6050_initialize
 *fill*         0x080055b6        0x2 
 .text.DMP_Init
                0x080055b8      0x198 ./WHEELTEC/MPU6050.o
                0x080055b8                DMP_Init
 .text.Read_DMP
                0x08005750      0x1e8 ./WHEELTEC/MPU6050.o
                0x08005750                Read_DMP
 .text.Read_Distane
                0x08005938       0x58 ./WHEELTEC/ReadDistance.o
                0x08005938                Read_Distane
 .text.HAL_TIM_IC_CaptureCallback
                0x08005990       0xa8 ./WHEELTEC/ReadDistance.o
                0x08005990                HAL_TIM_IC_CaptureCallback
 .text.HAL_TIM_PeriodElapsedCallback
                0x08005a38       0x3c ./WHEELTEC/ReadDistance.o
                0x08005a38                HAL_TIM_PeriodElapsedCallback
 .text.Balance  0x08005a74       0x58 ./WHEELTEC/control.o
                0x08005a74                Balance
 .text.Turn     0x08005acc       0xb0 ./WHEELTEC/control.o
                0x08005acc                Turn
 .text.Set_Pwm  0x08005b7c       0x7c ./WHEELTEC/control.o
                0x08005b7c                Set_Pwm
 .text.Key      0x08005bf8       0x50 ./WHEELTEC/control.o
                0x08005bf8                Key
 .text.Turn_Off
                0x08005c48       0x6c ./WHEELTEC/control.o
                0x08005c48                Turn_Off
 *fill*         0x08005cb4        0x4 
 .text.Velocity
                0x08005cb8      0x288 ./WHEELTEC/control.o
                0x08005cb8                Velocity
 .text.Get_Angle
                0x08005f40      0x230 ./WHEELTEC/control.o
                0x08005f40                Get_Angle
 .text.myabs    0x08006170        0x8 ./WHEELTEC/control.o
                0x08006170                myabs
 .text.Pick_Up  0x08006178       0xc8 ./WHEELTEC/control.o
                0x08006178                Pick_Up
 .text.Put_Down
                0x08006240       0x7c ./WHEELTEC/control.o
                0x08006240                Put_Down
 *fill*         0x080062bc        0x4 
 .text.Get_Velocity_Form_Encoder
                0x080062c0       0xc0 ./WHEELTEC/control.o
                0x080062c0                Get_Velocity_Form_Encoder
 .text.Choose   0x08006380       0xc4 ./WHEELTEC/control.o
                0x08006380                Choose
 *fill*         0x08006444        0x4 
 .text.HAL_GPIO_EXTI_Callback
                0x08006448      0x348 ./WHEELTEC/control.o
                0x08006448                HAL_GPIO_EXTI_Callback
 .text.Complementary_Filter_x
                0x08006790       0x44 ./WHEELTEC/filter.o
                0x08006790                Complementary_Filter_x
 .text.Complementary_Filter_y
                0x080067d4       0x44 ./WHEELTEC/filter.o
                0x080067d4                Complementary_Filter_y
 .text.get_st_biases
                0x08006818      0x34c ./WHEELTEC/inv_mpu.o
 .text.set_int_enable.isra.0
                0x08006b64       0x44 ./WHEELTEC/inv_mpu.o
 .text.mpu_reset_fifo
                0x08006ba8      0x164 ./WHEELTEC/inv_mpu.o
                0x08006ba8                mpu_reset_fifo
 .text.mpu_get_gyro_fsr
                0x08006d0c       0x34 ./WHEELTEC/inv_mpu.o
                0x08006d0c                mpu_get_gyro_fsr
 .text.mpu_set_gyro_fsr
                0x08006d40       0x68 ./WHEELTEC/inv_mpu.o
                0x08006d40                mpu_set_gyro_fsr
 .text.mpu_get_accel_fsr
                0x08006da8       0x38 ./WHEELTEC/inv_mpu.o
                0x08006da8                mpu_get_accel_fsr
 .text.mpu_set_accel_fsr
                0x08006de0       0x64 ./WHEELTEC/inv_mpu.o
                0x08006de0                mpu_set_accel_fsr
 .text.mpu_get_lpf
                0x08006e44       0x38 ./WHEELTEC/inv_mpu.o
                0x08006e44                mpu_get_lpf
 .text.mpu_set_lpf
                0x08006e7c       0x68 ./WHEELTEC/inv_mpu.o
                0x08006e7c                mpu_set_lpf
 .text.mpu_get_sample_rate
                0x08006ee4       0x1c ./WHEELTEC/inv_mpu.o
                0x08006ee4                mpu_get_sample_rate
 .text.mpu_get_gyro_sens
                0x08006f00       0x40 ./WHEELTEC/inv_mpu.o
                0x08006f00                mpu_get_gyro_sens
 .text.mpu_get_accel_sens
                0x08006f40       0x40 ./WHEELTEC/inv_mpu.o
                0x08006f40                mpu_get_accel_sens
 .text.mpu_configure_fifo
                0x08006f80       0x50 ./WHEELTEC/inv_mpu.o
                0x08006f80                mpu_configure_fifo
 .text.mpu_read_fifo_stream
                0x08006fd0       0x90 ./WHEELTEC/inv_mpu.o
                0x08006fd0                mpu_read_fifo_stream
 .text.mpu_set_bypass
                0x08007060       0xec ./WHEELTEC/inv_mpu.o
                0x08007060                mpu_set_bypass
 .text.mpu_set_int_latched
                0x0800714c       0x60 ./WHEELTEC/inv_mpu.o
                0x0800714c                mpu_set_int_latched
 .text.mpu_lp_accel_mode
                0x080071ac       0xac ./WHEELTEC/inv_mpu.o
                0x080071ac                mpu_lp_accel_mode
 .text.mpu_set_sample_rate
                0x08007258       0x80 ./WHEELTEC/inv_mpu.o
                0x08007258                mpu_set_sample_rate
 .text.mpu_set_sensors
                0x080072d8       0xc0 ./WHEELTEC/inv_mpu.o
                0x080072d8                mpu_set_sensors
 .text.mpu_init
                0x08007398      0x138 ./WHEELTEC/inv_mpu.o
                0x08007398                mpu_init
 .text.mpu_write_mem
                0x080074d0       0x5c ./WHEELTEC/inv_mpu.o
                0x080074d0                mpu_write_mem
 .text.mpu_read_mem
                0x0800752c       0x5c ./WHEELTEC/inv_mpu.o
                0x0800752c                mpu_read_mem
 .text.mpu_load_firmware
                0x08007588       0x9c ./WHEELTEC/inv_mpu.o
                0x08007588                mpu_load_firmware
 .text.mpu_set_dmp_state
                0x08007624       0x7c ./WHEELTEC/inv_mpu.o
                0x08007624                mpu_set_dmp_state
 .text.mpu_run_self_test
                0x080076a0      0x2fc ./WHEELTEC/inv_mpu.o
                0x080076a0                mpu_run_self_test
 .text.myget_ms
                0x0800799c        0x2 ./WHEELTEC/inv_mpu.o
                0x0800799c                myget_ms
 *fill*         0x0800799e        0x2 
 .text.dmp_enable_gyro_cal.part.0
                0x080079a0       0x28 ./WHEELTEC/inv_mpu_dmp_motion_driver.o
 .text.dmp_load_motion_driver_firmware
                0x080079c8       0x14 ./WHEELTEC/inv_mpu_dmp_motion_driver.o
                0x080079c8                dmp_load_motion_driver_firmware
 .text.dmp_set_orientation
                0x080079dc      0x140 ./WHEELTEC/inv_mpu_dmp_motion_driver.o
                0x080079dc                dmp_set_orientation
 .text.dmp_set_gyro_bias
                0x08007b1c       0x98 ./WHEELTEC/inv_mpu_dmp_motion_driver.o
                0x08007b1c                dmp_set_gyro_bias
 .text.dmp_set_accel_bias
                0x08007bb4       0x98 ./WHEELTEC/inv_mpu_dmp_motion_driver.o
                0x08007bb4                dmp_set_accel_bias
 .text.dmp_set_fifo_rate
                0x08007c4c       0x60 ./WHEELTEC/inv_mpu_dmp_motion_driver.o
                0x08007c4c                dmp_set_fifo_rate
 .text.dmp_set_tap_thresh
                0x08007cac      0x138 ./WHEELTEC/inv_mpu_dmp_motion_driver.o
                0x08007cac                dmp_set_tap_thresh
 .text.dmp_set_tap_axes
                0x08007de4       0x46 ./WHEELTEC/inv_mpu_dmp_motion_driver.o
                0x08007de4                dmp_set_tap_axes
 .text.dmp_set_tap_count
                0x08007e2a       0x28 ./WHEELTEC/inv_mpu_dmp_motion_driver.o
                0x08007e2a                dmp_set_tap_count
 .text.dmp_set_tap_time
                0x08007e52       0x20 ./WHEELTEC/inv_mpu_dmp_motion_driver.o
                0x08007e52                dmp_set_tap_time
 .text.dmp_set_tap_time_multi
                0x08007e72       0x20 ./WHEELTEC/inv_mpu_dmp_motion_driver.o
                0x08007e72                dmp_set_tap_time_multi
 .text.dmp_set_shake_reject_thresh
                0x08007e92       0x22 ./WHEELTEC/inv_mpu_dmp_motion_driver.o
                0x08007e92                dmp_set_shake_reject_thresh
 .text.dmp_set_shake_reject_time
                0x08007eb4       0x20 ./WHEELTEC/inv_mpu_dmp_motion_driver.o
                0x08007eb4                dmp_set_shake_reject_time
 .text.dmp_set_shake_reject_timeout
                0x08007ed4       0x20 ./WHEELTEC/inv_mpu_dmp_motion_driver.o
                0x08007ed4                dmp_set_shake_reject_timeout
 .text.dmp_enable_gyro_cal
                0x08007ef4       0x34 ./WHEELTEC/inv_mpu_dmp_motion_driver.o
                0x08007ef4                dmp_enable_gyro_cal
 .text.dmp_enable_lp_quat
                0x08007f28       0x28 ./WHEELTEC/inv_mpu_dmp_motion_driver.o
                0x08007f28                dmp_enable_lp_quat
 .text.dmp_enable_6x_lp_quat
                0x08007f50       0x28 ./WHEELTEC/inv_mpu_dmp_motion_driver.o
                0x08007f50                dmp_enable_6x_lp_quat
 .text.dmp_enable_feature
                0x08007f78      0x1b4 ./WHEELTEC/inv_mpu_dmp_motion_driver.o
                0x08007f78                dmp_enable_feature
 .text.dmp_read_fifo
                0x0800812c      0x160 ./WHEELTEC/inv_mpu_dmp_motion_driver.o
                0x0800812c                dmp_read_fifo
 .text.oled_show
                0x0800828c      0x49c ./WHEELTEC/show.o
                0x0800828c                oled_show
 .text.APP_Show
                0x08008728      0x170 ./WHEELTEC/show.o
                0x08008728                APP_Show
 .text.DataScope
                0x08008898       0x74 ./WHEELTEC/show.o
                0x08008898                DataScope
 .text.std      0x0800890c       0x6c E:/workspace/ST/STM32CubeIDE_1.15.0/STM32CubeIDE/plugins/com.st.stm32cube.ide.mcu.externaltools.gnu-tools-for-stm32.12.3.rel1.win32_1.0.100.202403111256/tools/bin/../lib/gcc/arm-none-eabi/12.3.1/../../../../arm-none-eabi/lib/thumb/v7-m/nofp\libc_nano.a(libc_a-findfp.o)
 .text.stdio_exit_handler
                0x08008978       0x18 E:/workspace/ST/STM32CubeIDE_1.15.0/STM32CubeIDE/plugins/com.st.stm32cube.ide.mcu.externaltools.gnu-tools-for-stm32.12.3.rel1.win32_1.0.100.202403111256/tools/bin/../lib/gcc/arm-none-eabi/12.3.1/../../../../arm-none-eabi/lib/thumb/v7-m/nofp\libc_nano.a(libc_a-findfp.o)
 .text.cleanup_stdio
                0x08008990       0x40 E:/workspace/ST/STM32CubeIDE_1.15.0/STM32CubeIDE/plugins/com.st.stm32cube.ide.mcu.externaltools.gnu-tools-for-stm32.12.3.rel1.win32_1.0.100.202403111256/tools/bin/../lib/gcc/arm-none-eabi/12.3.1/../../../../arm-none-eabi/lib/thumb/v7-m/nofp\libc_nano.a(libc_a-findfp.o)
 .text.global_stdio_init.part.0
                0x080089d0       0x3c E:/workspace/ST/STM32CubeIDE_1.15.0/STM32CubeIDE/plugins/com.st.stm32cube.ide.mcu.externaltools.gnu-tools-for-stm32.12.3.rel1.win32_1.0.100.202403111256/tools/bin/../lib/gcc/arm-none-eabi/12.3.1/../../../../arm-none-eabi/lib/thumb/v7-m/nofp\libc_nano.a(libc_a-findfp.o)
 .text.__sfp_lock_acquire
                0x08008a0c        0xc E:/workspace/ST/STM32CubeIDE_1.15.0/STM32CubeIDE/plugins/com.st.stm32cube.ide.mcu.externaltools.gnu-tools-for-stm32.12.3.rel1.win32_1.0.100.202403111256/tools/bin/../lib/gcc/arm-none-eabi/12.3.1/../../../../arm-none-eabi/lib/thumb/v7-m/nofp\libc_nano.a(libc_a-findfp.o)
                0x08008a0c                __sfp_lock_acquire
 .text.__sfp_lock_release
                0x08008a18        0xc E:/workspace/ST/STM32CubeIDE_1.15.0/STM32CubeIDE/plugins/com.st.stm32cube.ide.mcu.externaltools.gnu-tools-for-stm32.12.3.rel1.win32_1.0.100.202403111256/tools/bin/../lib/gcc/arm-none-eabi/12.3.1/../../../../arm-none-eabi/lib/thumb/v7-m/nofp\libc_nano.a(libc_a-findfp.o)
                0x08008a18                __sfp_lock_release
 .text.__sinit  0x08008a24       0x30 E:/workspace/ST/STM32CubeIDE_1.15.0/STM32CubeIDE/plugins/com.st.stm32cube.ide.mcu.externaltools.gnu-tools-for-stm32.12.3.rel1.win32_1.0.100.202403111256/tools/bin/../lib/gcc/arm-none-eabi/12.3.1/../../../../arm-none-eabi/lib/thumb/v7-m/nofp\libc_nano.a(libc_a-findfp.o)
                0x08008a24                __sinit
 .text._fwalk_sglue
                0x08008a54       0x3c E:/workspace/ST/STM32CubeIDE_1.15.0/STM32CubeIDE/plugins/com.st.stm32cube.ide.mcu.externaltools.gnu-tools-for-stm32.12.3.rel1.win32_1.0.100.202403111256/tools/bin/../lib/gcc/arm-none-eabi/12.3.1/../../../../arm-none-eabi/lib/thumb/v7-m/nofp\libc_nano.a(libc_a-fwalk.o)
                0x08008a54                _fwalk_sglue
 .text.printf   0x08008a90       0x24 E:/workspace/ST/STM32CubeIDE_1.15.0/STM32CubeIDE/plugins/com.st.stm32cube.ide.mcu.externaltools.gnu-tools-for-stm32.12.3.rel1.win32_1.0.100.202403111256/tools/bin/../lib/gcc/arm-none-eabi/12.3.1/../../../../arm-none-eabi/lib/thumb/v7-m/nofp\libc_nano.a(libc_a-printf.o)
                0x08008a90                iprintf
                0x08008a90                printf
 .text._puts_r  0x08008ab4       0xaa E:/workspace/ST/STM32CubeIDE_1.15.0/STM32CubeIDE/plugins/com.st.stm32cube.ide.mcu.externaltools.gnu-tools-for-stm32.12.3.rel1.win32_1.0.100.202403111256/tools/bin/../lib/gcc/arm-none-eabi/12.3.1/../../../../arm-none-eabi/lib/thumb/v7-m/nofp\libc_nano.a(libc_a-puts.o)
                0x08008ab4                _puts_r
 *fill*         0x08008b5e        0x2 
 .text.puts     0x08008b60       0x10 E:/workspace/ST/STM32CubeIDE_1.15.0/STM32CubeIDE/plugins/com.st.stm32cube.ide.mcu.externaltools.gnu-tools-for-stm32.12.3.rel1.win32_1.0.100.202403111256/tools/bin/../lib/gcc/arm-none-eabi/12.3.1/../../../../arm-none-eabi/lib/thumb/v7-m/nofp\libc_nano.a(libc_a-puts.o)
                0x08008b60                puts
 .text.setvbuf  0x08008b70      0x168 E:/workspace/ST/STM32CubeIDE_1.15.0/STM32CubeIDE/plugins/com.st.stm32cube.ide.mcu.externaltools.gnu-tools-for-stm32.12.3.rel1.win32_1.0.100.202403111256/tools/bin/../lib/gcc/arm-none-eabi/12.3.1/../../../../arm-none-eabi/lib/thumb/v7-m/nofp\libc_nano.a(libc_a-setvbuf.o)
                0x08008b70                setvbuf
 .text.__sread  0x08008cd8       0x22 E:/workspace/ST/STM32CubeIDE_1.15.0/STM32CubeIDE/plugins/com.st.stm32cube.ide.mcu.externaltools.gnu-tools-for-stm32.12.3.rel1.win32_1.0.100.202403111256/tools/bin/../lib/gcc/arm-none-eabi/12.3.1/../../../../arm-none-eabi/lib/thumb/v7-m/nofp\libc_nano.a(libc_a-stdio.o)
                0x08008cd8                __sread
 .text.__swrite
                0x08008cfa       0x38 E:/workspace/ST/STM32CubeIDE_1.15.0/STM32CubeIDE/plugins/com.st.stm32cube.ide.mcu.externaltools.gnu-tools-for-stm32.12.3.rel1.win32_1.0.100.202403111256/tools/bin/../lib/gcc/arm-none-eabi/12.3.1/../../../../arm-none-eabi/lib/thumb/v7-m/nofp\libc_nano.a(libc_a-stdio.o)
                0x08008cfa                __swrite
 .text.__sseek  0x08008d32       0x24 E:/workspace/ST/STM32CubeIDE_1.15.0/STM32CubeIDE/plugins/com.st.stm32cube.ide.mcu.externaltools.gnu-tools-for-stm32.12.3.rel1.win32_1.0.100.202403111256/tools/bin/../lib/gcc/arm-none-eabi/12.3.1/../../../../arm-none-eabi/lib/thumb/v7-m/nofp\libc_nano.a(libc_a-stdio.o)
                0x08008d32                __sseek
 .text.__sclose
                0x08008d56        0x8 E:/workspace/ST/STM32CubeIDE_1.15.0/STM32CubeIDE/plugins/com.st.stm32cube.ide.mcu.externaltools.gnu-tools-for-stm32.12.3.rel1.win32_1.0.100.202403111256/tools/bin/../lib/gcc/arm-none-eabi/12.3.1/../../../../arm-none-eabi/lib/thumb/v7-m/nofp\libc_nano.a(libc_a-stdio.o)
                0x08008d56                __sclose
 .text.__swbuf_r
                0x08008d5e       0x7c E:/workspace/ST/STM32CubeIDE_1.15.0/STM32CubeIDE/plugins/com.st.stm32cube.ide.mcu.externaltools.gnu-tools-for-stm32.12.3.rel1.win32_1.0.100.202403111256/tools/bin/../lib/gcc/arm-none-eabi/12.3.1/../../../../arm-none-eabi/lib/thumb/v7-m/nofp\libc_nano.a(libc_a-wbuf.o)
                0x08008d5e                __swbuf_r
 *fill*         0x08008dda        0x2 
 .text.__swsetup_r
                0x08008ddc       0xac E:/workspace/ST/STM32CubeIDE_1.15.0/STM32CubeIDE/plugins/com.st.stm32cube.ide.mcu.externaltools.gnu-tools-for-stm32.12.3.rel1.win32_1.0.100.202403111256/tools/bin/../lib/gcc/arm-none-eabi/12.3.1/../../../../arm-none-eabi/lib/thumb/v7-m/nofp\libc_nano.a(libc_a-wsetup.o)
                0x08008ddc                __swsetup_r
 .text.memcmp   0x08008e88       0x20 E:/workspace/ST/STM32CubeIDE_1.15.0/STM32CubeIDE/plugins/com.st.stm32cube.ide.mcu.externaltools.gnu-tools-for-stm32.12.3.rel1.win32_1.0.100.202403111256/tools/bin/../lib/gcc/arm-none-eabi/12.3.1/../../../../arm-none-eabi/lib/thumb/v7-m/nofp\libc_nano.a(libc_a-memcmp.o)
                0x08008e88                memcmp
 .text.memset   0x08008ea8       0x10 E:/workspace/ST/STM32CubeIDE_1.15.0/STM32CubeIDE/plugins/com.st.stm32cube.ide.mcu.externaltools.gnu-tools-for-stm32.12.3.rel1.win32_1.0.100.202403111256/tools/bin/../lib/gcc/arm-none-eabi/12.3.1/../../../../arm-none-eabi/lib/thumb/v7-m/nofp\libc_nano.a(libc_a-memset.o)
                0x08008ea8                memset
 .text._close_r
                0x08008eb8       0x20 E:/workspace/ST/STM32CubeIDE_1.15.0/STM32CubeIDE/plugins/com.st.stm32cube.ide.mcu.externaltools.gnu-tools-for-stm32.12.3.rel1.win32_1.0.100.202403111256/tools/bin/../lib/gcc/arm-none-eabi/12.3.1/../../../../arm-none-eabi/lib/thumb/v7-m/nofp\libc_nano.a(libc_a-closer.o)
                0x08008eb8                _close_r
 .text._lseek_r
                0x08008ed8       0x24 E:/workspace/ST/STM32CubeIDE_1.15.0/STM32CubeIDE/plugins/com.st.stm32cube.ide.mcu.externaltools.gnu-tools-for-stm32.12.3.rel1.win32_1.0.100.202403111256/tools/bin/../lib/gcc/arm-none-eabi/12.3.1/../../../../arm-none-eabi/lib/thumb/v7-m/nofp\libc_nano.a(libc_a-lseekr.o)
                0x08008ed8                _lseek_r
 .text._read_r  0x08008efc       0x24 E:/workspace/ST/STM32CubeIDE_1.15.0/STM32CubeIDE/plugins/com.st.stm32cube.ide.mcu.externaltools.gnu-tools-for-stm32.12.3.rel1.win32_1.0.100.202403111256/tools/bin/../lib/gcc/arm-none-eabi/12.3.1/../../../../arm-none-eabi/lib/thumb/v7-m/nofp\libc_nano.a(libc_a-readr.o)
                0x08008efc                _read_r
 .text._write_r
                0x08008f20       0x24 E:/workspace/ST/STM32CubeIDE_1.15.0/STM32CubeIDE/plugins/com.st.stm32cube.ide.mcu.externaltools.gnu-tools-for-stm32.12.3.rel1.win32_1.0.100.202403111256/tools/bin/../lib/gcc/arm-none-eabi/12.3.1/../../../../arm-none-eabi/lib/thumb/v7-m/nofp\libc_nano.a(libc_a-writer.o)
                0x08008f20                _write_r
 .text.__errno  0x08008f44        0xc E:/workspace/ST/STM32CubeIDE_1.15.0/STM32CubeIDE/plugins/com.st.stm32cube.ide.mcu.externaltools.gnu-tools-for-stm32.12.3.rel1.win32_1.0.100.202403111256/tools/bin/../lib/gcc/arm-none-eabi/12.3.1/../../../../arm-none-eabi/lib/thumb/v7-m/nofp\libc_nano.a(libc_a-errno.o)
                0x08008f44                __errno
 .text.__libc_init_array
                0x08008f50       0x48 E:/workspace/ST/STM32CubeIDE_1.15.0/STM32CubeIDE/plugins/com.st.stm32cube.ide.mcu.externaltools.gnu-tools-for-stm32.12.3.rel1.win32_1.0.100.202403111256/tools/bin/../lib/gcc/arm-none-eabi/12.3.1/../../../../arm-none-eabi/lib/thumb/v7-m/nofp\libc_nano.a(libc_a-init.o)
                0x08008f50                __libc_init_array
 .text.__retarget_lock_init_recursive
                0x08008f98        0x2 E:/workspace/ST/STM32CubeIDE_1.15.0/STM32CubeIDE/plugins/com.st.stm32cube.ide.mcu.externaltools.gnu-tools-for-stm32.12.3.rel1.win32_1.0.100.202403111256/tools/bin/../lib/gcc/arm-none-eabi/12.3.1/../../../../arm-none-eabi/lib/thumb/v7-m/nofp\libc_nano.a(libc_a-lock.o)
                0x08008f98                __retarget_lock_init_recursive
 .text.__retarget_lock_acquire_recursive
                0x08008f9a        0x2 E:/workspace/ST/STM32CubeIDE_1.15.0/STM32CubeIDE/plugins/com.st.stm32cube.ide.mcu.externaltools.gnu-tools-for-stm32.12.3.rel1.win32_1.0.100.202403111256/tools/bin/../lib/gcc/arm-none-eabi/12.3.1/../../../../arm-none-eabi/lib/thumb/v7-m/nofp\libc_nano.a(libc_a-lock.o)
                0x08008f9a                __retarget_lock_acquire_recursive
 .text.__retarget_lock_release_recursive
                0x08008f9c        0x2 E:/workspace/ST/STM32CubeIDE_1.15.0/STM32CubeIDE/plugins/com.st.stm32cube.ide.mcu.externaltools.gnu-tools-for-stm32.12.3.rel1.win32_1.0.100.202403111256/tools/bin/../lib/gcc/arm-none-eabi/12.3.1/../../../../arm-none-eabi/lib/thumb/v7-m/nofp\libc_nano.a(libc_a-lock.o)
                0x08008f9c                __retarget_lock_release_recursive
 *fill*         0x08008f9e        0x2 
 .text._free_r  0x08008fa0       0x90 E:/workspace/ST/STM32CubeIDE_1.15.0/STM32CubeIDE/plugins/com.st.stm32cube.ide.mcu.externaltools.gnu-tools-for-stm32.12.3.rel1.win32_1.0.100.202403111256/tools/bin/../lib/gcc/arm-none-eabi/12.3.1/../../../../arm-none-eabi/lib/thumb/v7-m/nofp\libc_nano.a(libc_a-freer.o)
                0x08008fa0                _free_r
 .text.malloc   0x08009030       0x10 E:/workspace/ST/STM32CubeIDE_1.15.0/STM32CubeIDE/plugins/com.st.stm32cube.ide.mcu.externaltools.gnu-tools-for-stm32.12.3.rel1.win32_1.0.100.202403111256/tools/bin/../lib/gcc/arm-none-eabi/12.3.1/../../../../arm-none-eabi/lib/thumb/v7-m/nofp\libc_nano.a(libc_a-malloc.o)
                0x08009030                malloc
 .text.sbrk_aligned
                0x08009040       0x44 E:/workspace/ST/STM32CubeIDE_1.15.0/STM32CubeIDE/plugins/com.st.stm32cube.ide.mcu.externaltools.gnu-tools-for-stm32.12.3.rel1.win32_1.0.100.202403111256/tools/bin/../lib/gcc/arm-none-eabi/12.3.1/../../../../arm-none-eabi/lib/thumb/v7-m/nofp\libc_nano.a(libc_a-mallocr.o)
 .text._malloc_r
                0x08009084      0x100 E:/workspace/ST/STM32CubeIDE_1.15.0/STM32CubeIDE/plugins/com.st.stm32cube.ide.mcu.externaltools.gnu-tools-for-stm32.12.3.rel1.win32_1.0.100.202403111256/tools/bin/../lib/gcc/arm-none-eabi/12.3.1/../../../../arm-none-eabi/lib/thumb/v7-m/nofp\libc_nano.a(libc_a-mallocr.o)
                0x08009084                _malloc_r
 .text.__malloc_lock
                0x08009184        0xc E:/workspace/ST/STM32CubeIDE_1.15.0/STM32CubeIDE/plugins/com.st.stm32cube.ide.mcu.externaltools.gnu-tools-for-stm32.12.3.rel1.win32_1.0.100.202403111256/tools/bin/../lib/gcc/arm-none-eabi/12.3.1/../../../../arm-none-eabi/lib/thumb/v7-m/nofp\libc_nano.a(libc_a-mlock.o)
                0x08009184                __malloc_lock
 .text.__malloc_unlock
                0x08009190        0xc E:/workspace/ST/STM32CubeIDE_1.15.0/STM32CubeIDE/plugins/com.st.stm32cube.ide.mcu.externaltools.gnu-tools-for-stm32.12.3.rel1.win32_1.0.100.202403111256/tools/bin/../lib/gcc/arm-none-eabi/12.3.1/../../../../arm-none-eabi/lib/thumb/v7-m/nofp\libc_nano.a(libc_a-mlock.o)
                0x08009190                __malloc_unlock
 .text.__sfputc_r
                0x0800919c       0x2a E:/workspace/ST/STM32CubeIDE_1.15.0/STM32CubeIDE/plugins/com.st.stm32cube.ide.mcu.externaltools.gnu-tools-for-stm32.12.3.rel1.win32_1.0.100.202403111256/tools/bin/../lib/gcc/arm-none-eabi/12.3.1/../../../../arm-none-eabi/lib/thumb/v7-m/nofp\libc_nano.a(libc_a-nano-vfprintf.o)
 .text.__sfputs_r
                0x080091c6       0x24 E:/workspace/ST/STM32CubeIDE_1.15.0/STM32CubeIDE/plugins/com.st.stm32cube.ide.mcu.externaltools.gnu-tools-for-stm32.12.3.rel1.win32_1.0.100.202403111256/tools/bin/../lib/gcc/arm-none-eabi/12.3.1/../../../../arm-none-eabi/lib/thumb/v7-m/nofp\libc_nano.a(libc_a-nano-vfprintf.o)
                0x080091c6                __sfputs_r
 *fill*         0x080091ea        0x2 
 .text._vfprintf_r
                0x080091ec      0x230 E:/workspace/ST/STM32CubeIDE_1.15.0/STM32CubeIDE/plugins/com.st.stm32cube.ide.mcu.externaltools.gnu-tools-for-stm32.12.3.rel1.win32_1.0.100.202403111256/tools/bin/../lib/gcc/arm-none-eabi/12.3.1/../../../../arm-none-eabi/lib/thumb/v7-m/nofp\libc_nano.a(libc_a-nano-vfprintf.o)
                0x080091ec                _vfprintf_r
                0x080091ec                _vfiprintf_r
 .text._printf_common
                0x0800941c       0xe4 E:/workspace/ST/STM32CubeIDE_1.15.0/STM32CubeIDE/plugins/com.st.stm32cube.ide.mcu.externaltools.gnu-tools-for-stm32.12.3.rel1.win32_1.0.100.202403111256/tools/bin/../lib/gcc/arm-none-eabi/12.3.1/../../../../arm-none-eabi/lib/thumb/v7-m/nofp\libc_nano.a(libc_a-nano-vfprintf_i.o)
                0x0800941c                _printf_common
 .text._printf_i
                0x08009500      0x240 E:/workspace/ST/STM32CubeIDE_1.15.0/STM32CubeIDE/plugins/com.st.stm32cube.ide.mcu.externaltools.gnu-tools-for-stm32.12.3.rel1.win32_1.0.100.202403111256/tools/bin/../lib/gcc/arm-none-eabi/12.3.1/../../../../arm-none-eabi/lib/thumb/v7-m/nofp\libc_nano.a(libc_a-nano-vfprintf_i.o)
                0x08009500                _printf_i
 .text.__sflush_r
                0x08009740      0x100 E:/workspace/ST/STM32CubeIDE_1.15.0/STM32CubeIDE/plugins/com.st.stm32cube.ide.mcu.externaltools.gnu-tools-for-stm32.12.3.rel1.win32_1.0.100.202403111256/tools/bin/../lib/gcc/arm-none-eabi/12.3.1/../../../../arm-none-eabi/lib/thumb/v7-m/nofp\libc_nano.a(libc_a-fflush.o)
                0x08009740                __sflush_r
 .text._fflush_r
                0x08009840       0x50 E:/workspace/ST/STM32CubeIDE_1.15.0/STM32CubeIDE/plugins/com.st.stm32cube.ide.mcu.externaltools.gnu-tools-for-stm32.12.3.rel1.win32_1.0.100.202403111256/tools/bin/../lib/gcc/arm-none-eabi/12.3.1/../../../../arm-none-eabi/lib/thumb/v7-m/nofp\libc_nano.a(libc_a-fflush.o)
                0x08009840                _fflush_r
 .text.__swhatbuf_r
                0x08009890       0x4a E:/workspace/ST/STM32CubeIDE_1.15.0/STM32CubeIDE/plugins/com.st.stm32cube.ide.mcu.externaltools.gnu-tools-for-stm32.12.3.rel1.win32_1.0.100.202403111256/tools/bin/../lib/gcc/arm-none-eabi/12.3.1/../../../../arm-none-eabi/lib/thumb/v7-m/nofp\libc_nano.a(libc_a-makebuf.o)
                0x08009890                __swhatbuf_r
 .text.__smakebuf_r
                0x080098da       0x78 E:/workspace/ST/STM32CubeIDE_1.15.0/STM32CubeIDE/plugins/com.st.stm32cube.ide.mcu.externaltools.gnu-tools-for-stm32.12.3.rel1.win32_1.0.100.202403111256/tools/bin/../lib/gcc/arm-none-eabi/12.3.1/../../../../arm-none-eabi/lib/thumb/v7-m/nofp\libc_nano.a(libc_a-makebuf.o)
                0x080098da                __smakebuf_r
 *fill*         0x08009952        0x2 
 .text._fstat_r
                0x08009954       0x24 E:/workspace/ST/STM32CubeIDE_1.15.0/STM32CubeIDE/plugins/com.st.stm32cube.ide.mcu.externaltools.gnu-tools-for-stm32.12.3.rel1.win32_1.0.100.202403111256/tools/bin/../lib/gcc/arm-none-eabi/12.3.1/../../../../arm-none-eabi/lib/thumb/v7-m/nofp\libc_nano.a(libc_a-fstatr.o)
                0x08009954                _fstat_r
 .text._isatty_r
                0x08009978       0x20 E:/workspace/ST/STM32CubeIDE_1.15.0/STM32CubeIDE/plugins/com.st.stm32cube.ide.mcu.externaltools.gnu-tools-for-stm32.12.3.rel1.win32_1.0.100.202403111256/tools/bin/../lib/gcc/arm-none-eabi/12.3.1/../../../../arm-none-eabi/lib/thumb/v7-m/nofp\libc_nano.a(libc_a-isattyr.o)
                0x08009978                _isatty_r
 .text._sbrk_r  0x08009998       0x20 E:/workspace/ST/STM32CubeIDE_1.15.0/STM32CubeIDE/plugins/com.st.stm32cube.ide.mcu.externaltools.gnu-tools-for-stm32.12.3.rel1.win32_1.0.100.202403111256/tools/bin/../lib/gcc/arm-none-eabi/12.3.1/../../../../arm-none-eabi/lib/thumb/v7-m/nofp\libc_nano.a(libc_a-sbrkr.o)
                0x08009998                _sbrk_r
 .text.memchr   0x080099b8       0x1c E:/workspace/ST/STM32CubeIDE_1.15.0/STM32CubeIDE/plugins/com.st.stm32cube.ide.mcu.externaltools.gnu-tools-for-stm32.12.3.rel1.win32_1.0.100.202403111256/tools/bin/../lib/gcc/arm-none-eabi/12.3.1/../../../../arm-none-eabi/lib/thumb/v7-m/nofp\libc_nano.a(libc_a-memchr-stub.o)
                0x080099b8                memchr
 .text.asin     0x080099d4       0x50 E:/workspace/ST/STM32CubeIDE_1.15.0/STM32CubeIDE/plugins/com.st.stm32cube.ide.mcu.externaltools.gnu-tools-for-stm32.12.3.rel1.win32_1.0.100.202403111256/tools/bin/../lib/gcc/arm-none-eabi/12.3.1/../../../../arm-none-eabi/lib/thumb/v7-m/nofp\libm.a(libm_a-w_asin.o)
                0x080099d4                asin
 .text.atan2    0x08009a24        0x4 E:/workspace/ST/STM32CubeIDE_1.15.0/STM32CubeIDE/plugins/com.st.stm32cube.ide.mcu.externaltools.gnu-tools-for-stm32.12.3.rel1.win32_1.0.100.202403111256/tools/bin/../lib/gcc/arm-none-eabi/12.3.1/../../../../arm-none-eabi/lib/thumb/v7-m/nofp\libm.a(libm_a-w_atan2.o)
                0x08009a24                atan2
 .text.pow      0x08009a28       0xd0 E:/workspace/ST/STM32CubeIDE_1.15.0/STM32CubeIDE/plugins/com.st.stm32cube.ide.mcu.externaltools.gnu-tools-for-stm32.12.3.rel1.win32_1.0.100.202403111256/tools/bin/../lib/gcc/arm-none-eabi/12.3.1/../../../../arm-none-eabi/lib/thumb/v7-m/nofp\libm.a(libm_a-w_pow.o)
                0x08009a28                pow
 .text.fabs     0x08009af8        0x8 E:/workspace/ST/STM32CubeIDE_1.15.0/STM32CubeIDE/plugins/com.st.stm32cube.ide.mcu.externaltools.gnu-tools-for-stm32.12.3.rel1.win32_1.0.100.202403111256/tools/bin/../lib/gcc/arm-none-eabi/12.3.1/../../../../arm-none-eabi/lib/thumb/v7-m/nofp\libm.a(libm_a-s_fabs.o)
                0x08009af8                fabs
 .text.finite   0x08009b00        0xc E:/workspace/ST/STM32CubeIDE_1.15.0/STM32CubeIDE/plugins/com.st.stm32cube.ide.mcu.externaltools.gnu-tools-for-stm32.12.3.rel1.win32_1.0.100.202403111256/tools/bin/../lib/gcc/arm-none-eabi/12.3.1/../../../../arm-none-eabi/lib/thumb/v7-m/nofp\libm.a(libm_a-s_finite.o)
                0x08009b00                finite
 .text.nan      0x08009b0c        0xc E:/workspace/ST/STM32CubeIDE_1.15.0/STM32CubeIDE/plugins/com.st.stm32cube.ide.mcu.externaltools.gnu-tools-for-stm32.12.3.rel1.win32_1.0.100.202403111256/tools/bin/../lib/gcc/arm-none-eabi/12.3.1/../../../../arm-none-eabi/lib/thumb/v7-m/nofp\libm.a(libm_a-s_nan.o)
                0x08009b0c                nan
 .text.__ieee754_asin
                0x08009b18      0x3f8 E:/workspace/ST/STM32CubeIDE_1.15.0/STM32CubeIDE/plugins/com.st.stm32cube.ide.mcu.externaltools.gnu-tools-for-stm32.12.3.rel1.win32_1.0.100.202403111256/tools/bin/../lib/gcc/arm-none-eabi/12.3.1/../../../../arm-none-eabi/lib/thumb/v7-m/nofp\libm.a(libm_a-e_asin.o)
                0x08009b18                __ieee754_asin
 .text.__ieee754_atan2
                0x08009f10      0x1a4 E:/workspace/ST/STM32CubeIDE_1.15.0/STM32CubeIDE/plugins/com.st.stm32cube.ide.mcu.externaltools.gnu-tools-for-stm32.12.3.rel1.win32_1.0.100.202403111256/tools/bin/../lib/gcc/arm-none-eabi/12.3.1/../../../../arm-none-eabi/lib/thumb/v7-m/nofp\libm.a(libm_a-e_atan2.o)
                0x08009f10                __ieee754_atan2
 *fill*         0x0800a0b4        0x4 
 .text.__ieee754_pow
                0x0800a0b8      0xa50 E:/workspace/ST/STM32CubeIDE_1.15.0/STM32CubeIDE/plugins/com.st.stm32cube.ide.mcu.externaltools.gnu-tools-for-stm32.12.3.rel1.win32_1.0.100.202403111256/tools/bin/../lib/gcc/arm-none-eabi/12.3.1/../../../../arm-none-eabi/lib/thumb/v7-m/nofp\libm.a(libm_a-e_pow.o)
                0x0800a0b8                __ieee754_pow
 .text.atan     0x0800ab08      0x320 E:/workspace/ST/STM32CubeIDE_1.15.0/STM32CubeIDE/plugins/com.st.stm32cube.ide.mcu.externaltools.gnu-tools-for-stm32.12.3.rel1.win32_1.0.100.202403111256/tools/bin/../lib/gcc/arm-none-eabi/12.3.1/../../../../arm-none-eabi/lib/thumb/v7-m/nofp\libm.a(libm_a-s_atan.o)
                0x0800ab08                atan
 .text.scalbn   0x0800ae28       0xec E:/workspace/ST/STM32CubeIDE_1.15.0/STM32CubeIDE/plugins/com.st.stm32cube.ide.mcu.externaltools.gnu-tools-for-stm32.12.3.rel1.win32_1.0.100.202403111256/tools/bin/../lib/gcc/arm-none-eabi/12.3.1/../../../../arm-none-eabi/lib/thumb/v7-m/nofp\libm.a(libm_a-s_scalbn.o)
                0x0800ae28                scalbn
 .text.with_errno
                0x0800af14       0x14 E:/workspace/ST/STM32CubeIDE_1.15.0/STM32CubeIDE/plugins/com.st.stm32cube.ide.mcu.externaltools.gnu-tools-for-stm32.12.3.rel1.win32_1.0.100.202403111256/tools/bin/../lib/gcc/arm-none-eabi/12.3.1/../../../../arm-none-eabi/lib/thumb/v7-m/nofp\libm.a(libm_a-math_err.o)
 .text.xflow    0x0800af28       0x26 E:/workspace/ST/STM32CubeIDE_1.15.0/STM32CubeIDE/plugins/com.st.stm32cube.ide.mcu.externaltools.gnu-tools-for-stm32.12.3.rel1.win32_1.0.100.202403111256/tools/bin/../lib/gcc/arm-none-eabi/12.3.1/../../../../arm-none-eabi/lib/thumb/v7-m/nofp\libm.a(libm_a-math_err.o)
 .text.__math_uflow
                0x0800af4e        0xa E:/workspace/ST/STM32CubeIDE_1.15.0/STM32CubeIDE/plugins/com.st.stm32cube.ide.mcu.externaltools.gnu-tools-for-stm32.12.3.rel1.win32_1.0.100.202403111256/tools/bin/../lib/gcc/arm-none-eabi/12.3.1/../../../../arm-none-eabi/lib/thumb/v7-m/nofp\libm.a(libm_a-math_err.o)
                0x0800af4e                __math_uflow
 .text.__math_oflow
                0x0800af58        0xa E:/workspace/ST/STM32CubeIDE_1.15.0/STM32CubeIDE/plugins/com.st.stm32cube.ide.mcu.externaltools.gnu-tools-for-stm32.12.3.rel1.win32_1.0.100.202403111256/tools/bin/../lib/gcc/arm-none-eabi/12.3.1/../../../../arm-none-eabi/lib/thumb/v7-m/nofp\libm.a(libm_a-math_err.o)
                0x0800af58                __math_oflow
 *fill*         0x0800af62        0x2 
 .text.__ieee754_sqrt
                0x0800af64      0x1ac E:/workspace/ST/STM32CubeIDE_1.15.0/STM32CubeIDE/plugins/com.st.stm32cube.ide.mcu.externaltools.gnu-tools-for-stm32.12.3.rel1.win32_1.0.100.202403111256/tools/bin/../lib/gcc/arm-none-eabi/12.3.1/../../../../arm-none-eabi/lib/thumb/v7-m/nofp\libm.a(libm_a-e_sqrt.o)
                0x0800af64                __ieee754_sqrt
 *(.glue_7)
 .glue_7        0x0800b110        0x0 linker stubs
 *(.glue_7t)
 .glue_7t       0x0800b110        0x0 linker stubs
 *(.eh_frame)
 .eh_frame      0x0800b110        0x0 E:/workspace/ST/STM32CubeIDE_1.15.0/STM32CubeIDE/plugins/com.st.stm32cube.ide.mcu.externaltools.gnu-tools-for-stm32.12.3.rel1.win32_1.0.100.202403111256/tools/bin/../lib/gcc/arm-none-eabi/12.3.1/thumb/v7-m/nofp/crtbegin.o
 *(.init)
 .init          0x0800b110        0x4 E:/workspace/ST/STM32CubeIDE_1.15.0/STM32CubeIDE/plugins/com.st.stm32cube.ide.mcu.externaltools.gnu-tools-for-stm32.12.3.rel1.win32_1.0.100.202403111256/tools/bin/../lib/gcc/arm-none-eabi/12.3.1/thumb/v7-m/nofp/crti.o
                0x0800b110                _init
 .init          0x0800b114        0x8 E:/workspace/ST/STM32CubeIDE_1.15.0/STM32CubeIDE/plugins/com.st.stm32cube.ide.mcu.externaltools.gnu-tools-for-stm32.12.3.rel1.win32_1.0.100.202403111256/tools/bin/../lib/gcc/arm-none-eabi/12.3.1/thumb/v7-m/nofp/crtn.o
 *(.fini)
 .fini          0x0800b11c        0x4 E:/workspace/ST/STM32CubeIDE_1.15.0/STM32CubeIDE/plugins/com.st.stm32cube.ide.mcu.externaltools.gnu-tools-for-stm32.12.3.rel1.win32_1.0.100.202403111256/tools/bin/../lib/gcc/arm-none-eabi/12.3.1/thumb/v7-m/nofp/crti.o
                0x0800b11c                _fini
 .fini          0x0800b120        0x8 E:/workspace/ST/STM32CubeIDE_1.15.0/STM32CubeIDE/plugins/com.st.stm32cube.ide.mcu.externaltools.gnu-tools-for-stm32.12.3.rel1.win32_1.0.100.202403111256/tools/bin/../lib/gcc/arm-none-eabi/12.3.1/thumb/v7-m/nofp/crtn.o
                0x0800b128                        . = ALIGN (0x4)
                0x0800b128                        _etext = .

.vfp11_veneer   0x0800b128        0x0
 .vfp11_veneer  0x0800b128        0x0 linker stubs

.v4_bx          0x0800b128        0x0
 .v4_bx         0x0800b128        0x0 linker stubs

.iplt           0x0800b128        0x0
 .iplt          0x0800b128        0x0 E:/workspace/ST/STM32CubeIDE_1.15.0/STM32CubeIDE/plugins/com.st.stm32cube.ide.mcu.externaltools.gnu-tools-for-stm32.12.3.rel1.win32_1.0.100.202403111256/tools/bin/../lib/gcc/arm-none-eabi/12.3.1/thumb/v7-m/nofp/crtbegin.o

.rodata         0x0800b128     0x1a70
                0x0800b128                        . = ALIGN (0x4)
 *(.rodata)
 .rodata        0x0800b128       0x20 ./WHEELTEC/KF.o
 *(.rodata*)
 .rodata.oled_asc2_1608
                0x0800b148      0x5f0 ./BSPcode/oled.o
                0x0800b148                oled_asc2_1608
 .rodata.oled_asc2_1206
                0x0800b738      0x474 ./BSPcode/oled.o
                0x0800b738                oled_asc2_1206
 .rodata.APBPrescTable
                0x0800bbac        0x8 ./Core/Src/system_stm32f1xx.o
                0x0800bbac                APBPrescTable
 .rodata.AHBPrescTable
                0x0800bbb4       0x10 ./Core/Src/system_stm32f1xx.o
                0x0800bbb4                AHBPrescTable
 .rodata.HAL_RCC_GetSysClockFreq.str1.1
                0x0800bbc4       0x11 ./Drivers/STM32F1xx_HAL_Driver/Src/stm32f1xx_hal_rcc.o
 .rodata.HAL_RCCEx_GetPeriphCLKFreq.str1.1
                0x0800bbd5       0x11 ./Drivers/STM32F1xx_HAL_Driver/Src/stm32f1xx_hal_rcc_ex.o
 .rodata.mul.str1.1
                0x0800bbd5       0x17 ./WHEELTEC/KF.o
 .rodata.DMP_Init.str1.1
                0x0800bbec      0x129 ./WHEELTEC/MPU6050.o
 .rodata.mpu_init.str1.1
                0x0800bd15       0x91 ./WHEELTEC/inv_mpu.o
 *fill*         0x0800bda6        0x2 
 .rodata.test   0x0800bda8       0x28 ./WHEELTEC/inv_mpu.o
                0x0800bda8                test
 .rodata.reg    0x0800bdd0       0x1b ./WHEELTEC/inv_mpu.o
                0x0800bdd0                reg
 *fill*         0x0800bdeb        0x1 
 .rodata.hw     0x0800bdec        0xc ./WHEELTEC/inv_mpu.o
                0x0800bdec                hw
 .rodata.dmp_enable_gyro_cal.part.0.str1.1
                0x0800bdf8        0xa ./WHEELTEC/inv_mpu_dmp_motion_driver.o
 .rodata.dmp_set_orientation.str1.1
                0x0800be02       0x10 ./WHEELTEC/inv_mpu_dmp_motion_driver.o
 .rodata.dmp_set_fifo_rate.str1.1
                0x0800be12        0xd ./WHEELTEC/inv_mpu_dmp_motion_driver.o
 .rodata.dmp_enable_gyro_cal.str1.1
                0x0800be1f        0xa ./WHEELTEC/inv_mpu_dmp_motion_driver.o
 .rodata.dmp_memory
                0x0800be29      0xbf6 ./WHEELTEC/inv_mpu_dmp_motion_driver.o
 .rodata.oled_show.str1.1
                0x0800ca1f       0x64 ./WHEELTEC/show.o
                                 0x66 (size before relaxing)
 .rodata.APP_Show.str1.1
                0x0800ca83       0x3c ./WHEELTEC/show.o
 .rodata._vfprintf_r.str1.1
                0x0800cabf       0x11 E:/workspace/ST/STM32CubeIDE_1.15.0/STM32CubeIDE/plugins/com.st.stm32cube.ide.mcu.externaltools.gnu-tools-for-stm32.12.3.rel1.win32_1.0.100.202403111256/tools/bin/../lib/gcc/arm-none-eabi/12.3.1/../../../../arm-none-eabi/lib/thumb/v7-m/nofp\libc_nano.a(libc_a-nano-vfprintf.o)
 .rodata._printf_i.str1.1
                0x0800cad0       0x22 E:/workspace/ST/STM32CubeIDE_1.15.0/STM32CubeIDE/plugins/com.st.stm32cube.ide.mcu.externaltools.gnu-tools-for-stm32.12.3.rel1.win32_1.0.100.202403111256/tools/bin/../lib/gcc/arm-none-eabi/12.3.1/../../../../arm-none-eabi/lib/thumb/v7-m/nofp\libc_nano.a(libc_a-nano-vfprintf_i.o)
 .rodata.asin.str1.1
                0x0800caf2       0x22 E:/workspace/ST/STM32CubeIDE_1.15.0/STM32CubeIDE/plugins/com.st.stm32cube.ide.mcu.externaltools.gnu-tools-for-stm32.12.3.rel1.win32_1.0.100.202403111256/tools/bin/../lib/gcc/arm-none-eabi/12.3.1/../../../../arm-none-eabi/lib/thumb/v7-m/nofp\libm.a(libm_a-w_asin.o)
                                  0x1 (size before relaxing)
 *fill*         0x0800caf2        0x6 
 .rodata.CSWTCH.9
                0x0800caf8       0x18 E:/workspace/ST/STM32CubeIDE_1.15.0/STM32CubeIDE/plugins/com.st.stm32cube.ide.mcu.externaltools.gnu-tools-for-stm32.12.3.rel1.win32_1.0.100.202403111256/tools/bin/../lib/gcc/arm-none-eabi/12.3.1/../../../../arm-none-eabi/lib/thumb/v7-m/nofp\libm.a(libm_a-e_atan2.o)
 .rodata.CSWTCH.8
                0x0800cb10       0x18 E:/workspace/ST/STM32CubeIDE_1.15.0/STM32CubeIDE/plugins/com.st.stm32cube.ide.mcu.externaltools.gnu-tools-for-stm32.12.3.rel1.win32_1.0.100.202403111256/tools/bin/../lib/gcc/arm-none-eabi/12.3.1/../../../../arm-none-eabi/lib/thumb/v7-m/nofp\libm.a(libm_a-e_atan2.o)
 .rodata.dp_l   0x0800cb28       0x10 E:/workspace/ST/STM32CubeIDE_1.15.0/STM32CubeIDE/plugins/com.st.stm32cube.ide.mcu.externaltools.gnu-tools-for-stm32.12.3.rel1.win32_1.0.100.202403111256/tools/bin/../lib/gcc/arm-none-eabi/12.3.1/../../../../arm-none-eabi/lib/thumb/v7-m/nofp\libm.a(libm_a-e_pow.o)
 .rodata.dp_h   0x0800cb38       0x10 E:/workspace/ST/STM32CubeIDE_1.15.0/STM32CubeIDE/plugins/com.st.stm32cube.ide.mcu.externaltools.gnu-tools-for-stm32.12.3.rel1.win32_1.0.100.202403111256/tools/bin/../lib/gcc/arm-none-eabi/12.3.1/../../../../arm-none-eabi/lib/thumb/v7-m/nofp\libm.a(libm_a-e_pow.o)
 .rodata.bp     0x0800cb48       0x10 E:/workspace/ST/STM32CubeIDE_1.15.0/STM32CubeIDE/plugins/com.st.stm32cube.ide.mcu.externaltools.gnu-tools-for-stm32.12.3.rel1.win32_1.0.100.202403111256/tools/bin/../lib/gcc/arm-none-eabi/12.3.1/../../../../arm-none-eabi/lib/thumb/v7-m/nofp\libm.a(libm_a-e_pow.o)
 .rodata.atanlo
                0x0800cb58       0x20 E:/workspace/ST/STM32CubeIDE_1.15.0/STM32CubeIDE/plugins/com.st.stm32cube.ide.mcu.externaltools.gnu-tools-for-stm32.12.3.rel1.win32_1.0.100.202403111256/tools/bin/../lib/gcc/arm-none-eabi/12.3.1/../../../../arm-none-eabi/lib/thumb/v7-m/nofp\libm.a(libm_a-s_atan.o)
 .rodata.atanhi
                0x0800cb78       0x20 E:/workspace/ST/STM32CubeIDE_1.15.0/STM32CubeIDE/plugins/com.st.stm32cube.ide.mcu.externaltools.gnu-tools-for-stm32.12.3.rel1.win32_1.0.100.202403111256/tools/bin/../lib/gcc/arm-none-eabi/12.3.1/../../../../arm-none-eabi/lib/thumb/v7-m/nofp\libm.a(libm_a-s_atan.o)
                0x0800cb98                        . = ALIGN (0x4)

.ARM.extab      0x0800cb98        0x0
                0x0800cb98                        . = ALIGN (0x4)
 *(.ARM.extab* .gnu.linkonce.armextab.*)
                0x0800cb98                        . = ALIGN (0x4)

.ARM            0x0800cb98        0x8
                0x0800cb98                        . = ALIGN (0x4)
                0x0800cb98                        __exidx_start = .
 *(.ARM.exidx*)
 .ARM.exidx     0x0800cb98        0x8 E:/workspace/ST/STM32CubeIDE_1.15.0/STM32CubeIDE/plugins/com.st.stm32cube.ide.mcu.externaltools.gnu-tools-for-stm32.12.3.rel1.win32_1.0.100.202403111256/tools/bin/../lib/gcc/arm-none-eabi/12.3.1/thumb/v7-m/nofp\libgcc.a(_udivmoddi4.o)
                0x0800cba0                        __exidx_end = .
                0x0800cba0                        . = ALIGN (0x4)

.rel.dyn        0x0800cba0        0x0
 .rel.iplt      0x0800cba0        0x0 E:/workspace/ST/STM32CubeIDE_1.15.0/STM32CubeIDE/plugins/com.st.stm32cube.ide.mcu.externaltools.gnu-tools-for-stm32.12.3.rel1.win32_1.0.100.202403111256/tools/bin/../lib/gcc/arm-none-eabi/12.3.1/thumb/v7-m/nofp/crtbegin.o

.preinit_array  0x0800cba0        0x0
                0x0800cba0                        . = ALIGN (0x4)
                0x0800cba0                        PROVIDE (__preinit_array_start = .)
 *(.preinit_array*)
                0x0800cba0                        PROVIDE (__preinit_array_end = .)
                0x0800cba0                        . = ALIGN (0x4)

.init_array     0x0800cba0        0x4
                0x0800cba0                        . = ALIGN (0x4)
                0x0800cba0                        PROVIDE (__init_array_start = .)
 *(SORT_BY_NAME(.init_array.*))
 *(.init_array*)
 .init_array    0x0800cba0        0x4 E:/workspace/ST/STM32CubeIDE_1.15.0/STM32CubeIDE/plugins/com.st.stm32cube.ide.mcu.externaltools.gnu-tools-for-stm32.12.3.rel1.win32_1.0.100.202403111256/tools/bin/../lib/gcc/arm-none-eabi/12.3.1/thumb/v7-m/nofp/crtbegin.o
                0x0800cba4                        PROVIDE (__init_array_end = .)
                0x0800cba4                        . = ALIGN (0x4)

.fini_array     0x0800cba4        0x4
                0x0800cba4                        . = ALIGN (0x4)
                [!provide]                        PROVIDE (__fini_array_start = .)
 *(SORT_BY_NAME(.fini_array.*))
 *(.fini_array*)
 .fini_array    0x0800cba4        0x4 E:/workspace/ST/STM32CubeIDE_1.15.0/STM32CubeIDE/plugins/com.st.stm32cube.ide.mcu.externaltools.gnu-tools-for-stm32.12.3.rel1.win32_1.0.100.202403111256/tools/bin/../lib/gcc/arm-none-eabi/12.3.1/thumb/v7-m/nofp/crtbegin.o
                [!provide]                        PROVIDE (__fini_array_end = .)
                0x0800cba8                        . = ALIGN (0x4)
                0x0800cba8                        _sidata = LOADADDR (.data)

.data           0x20000000      0x300 load address 0x0800cba8
                0x20000000                        . = ALIGN (0x4)
                0x20000000                        _sdata = .
 *(.data)
 *(.data*)
 .data.Turn_Kp  0x20000000        0x4 ./Core/Src/main.o
                0x20000000                Turn_Kp
 .data.Velocity_Ki
                0x20000004        0x4 ./Core/Src/main.o
                0x20000004                Velocity_Ki
 .data.Velocity_Kp
                0x20000008        0x4 ./Core/Src/main.o
                0x20000008                Velocity_Kp
 .data.Balance_Kd
                0x2000000c        0x4 ./Core/Src/main.o
                0x2000000c                Balance_Kd
 .data.Balance_Kp
                0x20000010        0x4 ./Core/Src/main.o
                0x20000010                Balance_Kp
 .data.Flag_Stop
                0x20000014        0x1 ./Core/Src/main.o
                0x20000014                Flag_Stop
 .data.Flag_velocity
                0x20000015        0x1 ./Core/Src/main.o
                0x20000015                Flag_velocity
 .data.Way_Angle
                0x20000016        0x1 ./Core/Src/main.o
                0x20000016                Way_Angle
 *fill*         0x20000017        0x1 
 .data.SystemCoreClock
                0x20000018        0x4 ./Core/Src/system_stm32f1xx.o
                0x20000018                SystemCoreClock
 .data.uwTickFreq
                0x2000001c        0x1 ./Drivers/STM32F1xx_HAL_Driver/Src/stm32f1xx_hal.o
                0x2000001c                uwTickFreq
 *fill*         0x2000001d        0x3 
 .data.uwTickPrio
                0x20000020        0x4 ./Drivers/STM32F1xx_HAL_Driver/Src/stm32f1xx_hal.o
                0x20000020                uwTickPrio
 .data.p_hat.4  0x20000024       0x10 ./WHEELTEC/KF.o
 .data.p_hat.9  0x20000034       0x10 ./WHEELTEC/KF.o
 .data.gyro_orientation
                0x20000044        0x9 ./WHEELTEC/MPU6050.o
 *fill*         0x2000004d        0x3 
 .data.q0       0x20000050        0x4 ./WHEELTEC/MPU6050.o
                0x20000050                q0
 .data.job_dir  0x20000054       0x30 ./WHEELTEC/control.o
                0x20000054                job_dir
 .data.job_list
                0x20000084       0x50 ./WHEELTEC/control.o
                0x20000084                job_list
 .data.sin100   0x200000d4      0x190 ./WHEELTEC/control.o
                0x200000d4                sin100
 .data.dt       0x20000264        0x4 ./WHEELTEC/filter.o
                0x20000264                dt
 .data.st       0x20000268       0x2c ./WHEELTEC/inv_mpu.o
 .data.__sglue  0x20000294        0xc E:/workspace/ST/STM32CubeIDE_1.15.0/STM32CubeIDE/plugins/com.st.stm32cube.ide.mcu.externaltools.gnu-tools-for-stm32.12.3.rel1.win32_1.0.100.202403111256/tools/bin/../lib/gcc/arm-none-eabi/12.3.1/../../../../arm-none-eabi/lib/thumb/v7-m/nofp\libc_nano.a(libc_a-findfp.o)
                0x20000294                __sglue
 .data._impure_ptr
                0x200002a0        0x4 E:/workspace/ST/STM32CubeIDE_1.15.0/STM32CubeIDE/plugins/com.st.stm32cube.ide.mcu.externaltools.gnu-tools-for-stm32.12.3.rel1.win32_1.0.100.202403111256/tools/bin/../lib/gcc/arm-none-eabi/12.3.1/../../../../arm-none-eabi/lib/thumb/v7-m/nofp\libc_nano.a(libc_a-impure.o)
                0x200002a0                _impure_ptr
 .data._impure_data
                0x200002a4       0x4c E:/workspace/ST/STM32CubeIDE_1.15.0/STM32CubeIDE/plugins/com.st.stm32cube.ide.mcu.externaltools.gnu-tools-for-stm32.12.3.rel1.win32_1.0.100.202403111256/tools/bin/../lib/gcc/arm-none-eabi/12.3.1/../../../../arm-none-eabi/lib/thumb/v7-m/nofp\libc_nano.a(libc_a-impure.o)
                0x200002a4                _impure_data
 .data.tiny     0x200002f0        0x8 E:/workspace/ST/STM32CubeIDE_1.15.0/STM32CubeIDE/plugins/com.st.stm32cube.ide.mcu.externaltools.gnu-tools-for-stm32.12.3.rel1.win32_1.0.100.202403111256/tools/bin/../lib/gcc/arm-none-eabi/12.3.1/../../../../arm-none-eabi/lib/thumb/v7-m/nofp\libm.a(libm_a-e_sqrt.o)
 .data.one      0x200002f8        0x8 E:/workspace/ST/STM32CubeIDE_1.15.0/STM32CubeIDE/plugins/com.st.stm32cube.ide.mcu.externaltools.gnu-tools-for-stm32.12.3.rel1.win32_1.0.100.202403111256/tools/bin/../lib/gcc/arm-none-eabi/12.3.1/../../../../arm-none-eabi/lib/thumb/v7-m/nofp\libm.a(libm_a-e_sqrt.o)
 *(.RamFunc)
 *(.RamFunc*)
                0x20000300                        . = ALIGN (0x4)
                0x20000300                        _edata = .

.igot.plt       0x20000300        0x0 load address 0x0800cea8
 .igot.plt      0x20000300        0x0 E:/workspace/ST/STM32CubeIDE_1.15.0/STM32CubeIDE/plugins/com.st.stm32cube.ide.mcu.externaltools.gnu-tools-for-stm32.12.3.rel1.win32_1.0.100.202403111256/tools/bin/../lib/gcc/arm-none-eabi/12.3.1/thumb/v7-m/nofp/crtbegin.o
                0x20000300                        . = ALIGN (0x4)

.bss            0x20000300      0x8e4 load address 0x0800cea8
                0x20000300                        _sbss = .
                0x20000300                        __bss_start__ = _sbss
 *(.bss)
 .bss           0x20000300       0x1c E:/workspace/ST/STM32CubeIDE_1.15.0/STM32CubeIDE/plugins/com.st.stm32cube.ide.mcu.externaltools.gnu-tools-for-stm32.12.3.rel1.win32_1.0.100.202403111256/tools/bin/../lib/gcc/arm-none-eabi/12.3.1/thumb/v7-m/nofp/crtbegin.o
 *(.bss*)
 .bss.temp.0    0x2000031c        0x4 ./BSPcode/LED.o
 .bss.i_ms      0x20000320        0x2 ./BSPcode/delay.o
                0x20000320                i_ms
 .bss.i_us      0x20000322        0x2 ./BSPcode/delay.o
                0x20000322                i_us
 .bss.dwt_us    0x20000324        0x4 ./BSPcode/delay.o
                0x20000324                dwt_us
 .bss.Long_Press_count.0
                0x20000328        0x2 ./BSPcode/key.o
 .bss.Long_Press.1
                0x2000032a        0x2 ./BSPcode/key.o
 .bss.count_single.3
                0x2000032c        0x2 ./BSPcode/key.o
 .bss.double_key.4
                0x2000032e        0x1 ./BSPcode/key.o
 .bss.count_key.5
                0x2000032f        0x1 ./BSPcode/key.o
 .bss.flag_key.6
                0x20000330        0x1 ./BSPcode/key.o
 *fill*         0x20000331        0x1 
 .bss.Forever_count.7
                0x20000332        0x2 ./BSPcode/key.o